
 Start         Length     Name                   Class
 0001:00401000 0007F660H .text                   CODE
 0002:00481000 00000698H .itext                  ICODE
 0003:00482000 000000A8H .data                   DATA
 0004:00483000 00000760H .bss                    BSS
 0005:00000000 00000000H .tls                    TLS
 0006:00400000 00000000H .pdata                  PDATA


Detailed map of segments

 0001:00000000 00000268 C=CODE     S=.text    G=(none)   M=System   ACBP=A9
 0001:00000268 00000CF0 C=CODE     S=.text    G=(none)   M=SysInit  ACBP=A9
 0001:00000F58 00000210 C=CODE     S=.text    G=(none)   M=Winapi.Windows ACBP=A9
 0001:00001168 00000024 C=CODE     S=.text    G=(none)   M=Winapi.PsAPI ACBP=A9
 0001:0000118C 00000008 C=CODE     S=.text    G=(none)   M=System.Character ACBP=A9
 0001:00001194 00000008 C=CODE     S=.text    G=(none)   M=System.Internal.ExcUtils ACBP=A9
 0001:0000119C 00000188 C=CODE     S=.text    G=(none)   M=System.SysUtils ACBP=A9
 0001:00001324 00000008 C=CODE     S=.text    G=(none)   M=System.VarUtils ACBP=A9
 0001:0000132C 00000018 C=CODE     S=.text    G=(none)   M=System.Variants ACBP=A9
 0001:00001344 00000018 C=CODE     S=.text    G=(none)   M=System.Rtti ACBP=A9
 0001:0000135C 00000010 C=CODE     S=.text    G=(none)   M=System.TypInfo ACBP=A9
 0001:0000136C 00000008 C=CODE     S=.text    G=(none)   M=System.Math ACBP=A9
 0001:00001374 00000010 C=CODE     S=.text    G=(none)   M=System.Generics.Defaults ACBP=A9
 0001:00001384 00000120 C=CODE     S=.text    G=(none)   M=System.Classes ACBP=A9
 0001:000014A4 00000B58 C=CODE     S=.text    G=(none)   M=eMVC.CastaliaPasLexTypes ACBP=A9
 0001:00001FFC 000067E4 C=CODE     S=.text    G=(none)   M=eMVC.CastaliaPasLex ACBP=A9
 0001:000087E0 000015B0 C=CODE     S=.text    G=(none)   M=eMVC.CastaliaSimplePasParTypes ACBP=A9
 0001:00009D90 000068A4 C=CODE     S=.text    G=(none)   M=eMVC.CastaliaSimplePasPar ACBP=A9
 0001:00010634 00000504 C=CODE     S=.text    G=(none)   M=eMVC.TokenInterfaces ACBP=A9
 0001:00010B38 0000319C C=CODE     S=.text    G=(none)   M=eMVC.TokenClasses ACBP=A9
 0001:00013CD4 000014F4 C=CODE     S=.text    G=(none)   M=eMVC.IntfParser ACBP=A9
 0001:000151C8 00000008 C=CODE     S=.text    G=(none)   M=System.Actions ACBP=A9
 0001:000151D0 00000008 C=CODE     S=.text    G=(none)   M=System.TimeSpan ACBP=A9
 0001:000151D8 00000010 C=CODE     S=.text    G=(none)   M=System.DateUtils ACBP=A9
 0001:000151E8 00000008 C=CODE     S=.text    G=(none)   M=System.IOUtils ACBP=A9
 0001:000151F0 00000008 C=CODE     S=.text    G=(none)   M=System.IniFiles ACBP=A9
 0001:000151F8 00000048 C=CODE     S=.text    G=(none)   M=System.Win.Registry ACBP=A9
 0001:00015240 00000018 C=CODE     S=.text    G=(none)   M=Vcl.Graphics ACBP=A9
 0001:00015258 00000010 C=CODE     S=.text    G=(none)   M=System.Contnrs ACBP=A9
 0001:00015268 00000008 C=CODE     S=.text    G=(none)   M=Vcl.ActnList ACBP=A9
 0001:00015270 00000008 C=CODE     S=.text    G=(none)   M=System.HelpIntfs ACBP=A9
 0001:00015278 00000008 C=CODE     S=.text    G=(none)   M=System.SyncObjs ACBP=A9
 0001:00015280 00000008 C=CODE     S=.text    G=(none)   M=Winapi.UxTheme ACBP=A9
 0001:00015288 00000008 C=CODE     S=.text    G=(none)   M=Vcl.GraphUtil ACBP=A9
 0001:00015290 00000090 C=CODE     S=.text    G=(none)   M=Vcl.StdCtrls ACBP=A9
 0001:00015320 00000008 C=CODE     S=.text    G=(none)   M=Winapi.ShellAPI ACBP=A9
 0001:00015328 00000008 C=CODE     S=.text    G=(none)   M=Winapi.WinInet ACBP=A9
 0001:00015330 00000008 C=CODE     S=.text    G=(none)   M=Vcl.Printers ACBP=A9
 0001:00015338 00000008 C=CODE     S=.text    G=(none)   M=Vcl.Clipbrd ACBP=A9
 0001:00015340 000000C8 C=CODE     S=.text    G=(none)   M=Vcl.ComCtrls ACBP=A9
 0001:00015408 00000040 C=CODE     S=.text    G=(none)   M=Vcl.Dialogs ACBP=A9
 0001:00015448 00000038 C=CODE     S=.text    G=(none)   M=Vcl.ExtCtrls ACBP=A9
 0001:00015480 00000010 C=CODE     S=.text    G=(none)   M=Vcl.Themes ACBP=A9
 0001:00015490 00000008 C=CODE     S=.text    G=(none)   M=System.AnsiStrings ACBP=A9
 0001:00015498 00000010 C=CODE     S=.text    G=(none)   M=System.Win.ComObj ACBP=A9
 0001:000154A8 00000008 C=CODE     S=.text    G=(none)   M=Winapi.FlatSB ACBP=A9
 0001:000154B0 000001C8 C=CODE     S=.text    G=(none)   M=Vcl.Forms ACBP=A9
 0001:00015678 00000008 C=CODE     S=.text    G=(none)   M=Vcl.Menus ACBP=A9
 0001:00015680 00000068 C=CODE     S=.text    G=(none)   M=Winapi.MsCTF ACBP=A9
 0001:000156E8 00000150 C=CODE     S=.text    G=(none)   M=Vcl.Controls ACBP=A9
 0001:00015838 00000008 C=CODE     S=.text    G=(none)   M=IDEMessages ACBP=A9
 0001:00015840 00000008 C=CODE     S=.text    G=(none)   M=Vcl.CaptionedDockTree ACBP=A9
 0001:00015848 00000008 C=CODE     S=.text    G=(none)   M=Vcl.DockTabSet ACBP=A9
 0001:00015850 00000008 C=CODE     S=.text    G=(none)   M=PercentageDockTree ACBP=A9
 0001:00015858 00000008 C=CODE     S=.text    G=(none)   M=BrandingAPI ACBP=A9
 0001:00015860 00000010 C=CODE     S=.text    G=(none)   M=Vcl.Buttons ACBP=A9
 0001:00015870 00000008 C=CODE     S=.text    G=(none)   M=Vcl.ExtDlgs ACBP=A9
 0001:00015878 00000008 C=CODE     S=.text    G=(none)   M=Winapi.Mapi ACBP=A9
 0001:00015880 00000008 C=CODE     S=.text    G=(none)   M=Vcl.ExtActns ACBP=A9
 0001:00015888 00000008 C=CODE     S=.text    G=(none)   M=Winapi.MMSystem ACBP=A9
 0001:00015890 00000008 C=CODE     S=.text    G=(none)   M=Vcl.ActnMenus ACBP=A9
 0001:00015898 00000008 C=CODE     S=.text    G=(none)   M=Vcl.ActnMan ACBP=A9
 0001:000158A0 00000008 C=CODE     S=.text    G=(none)   M=Vcl.PlatformDefaultStyleActnCtrls ACBP=A9
 0001:000158A8 00000008 C=CODE     S=.text    G=(none)   M=BaseDock ACBP=A9
 0001:000158B0 00000008 C=CODE     S=.text    G=(none)   M=DeskUtil ACBP=A9
 0001:000158B8 00000008 C=CODE     S=.text    G=(none)   M=DeskForm ACBP=A9
 0001:000158C0 00000008 C=CODE     S=.text    G=(none)   M=DockForm ACBP=A9
 0001:000158C8 00000010 C=CODE     S=.text    G=(none)   M=Xml.Win.msxmldom ACBP=A9
 0001:000158D8 00000008 C=CODE     S=.text    G=(none)   M=Xml.xmldom ACBP=A9
 0001:000158E0 00000038 C=CODE     S=.text    G=(none)   M=ToolsAPI ACBP=A9
 0001:00015918 0000048C C=CODE     S=.text    G=(none)   M=eMVC.OTAUtilities ACBP=A9
 0001:00015DA4 00000028 C=CODE     S=.text    G=(none)   M=Winapi.WinSock ACBP=A9
 0001:00015DCC 00000010 C=CODE     S=.text    G=(none)   M=Vcl.Imaging.jpeg ACBP=A9
 0001:00015DDC 00000008 C=CODE     S=.text    G=(none)   M=Vcl.AxCtrls ACBP=A9
 0001:00015DE4 00000008 C=CODE     S=.text    G=(none)   M=Vcl.OleCtrls ACBP=A9
 0001:00015DEC 00000008 C=CODE     S=.text    G=(none)   M=Vcl.OleServer ACBP=A9
 0001:00015DF4 00000010 C=CODE     S=.text    G=(none)   M=SHDocVw  ACBP=A9
 0001:00015E04 0000025C C=CODE     S=.text    G=(none)   M=eMVC.copyfileform ACBP=A9
 0001:00016060 00001DDC C=CODE     S=.text    G=(none)   M=eMVC.toolBox ACBP=A9
 0001:00017E3C 000293C4 C=CODE     S=.text    G=(none)   M=eMVC.FileCreator ACBP=A9
 0001:00041200 00000008 C=CODE     S=.text    G=(none)   M=System.JSON ACBP=A9
 0001:00041208 00000008 C=CODE     S=.text    G=(none)   M=Data.SqlTimSt ACBP=A9
 0001:00041210 00000008 C=CODE     S=.text    G=(none)   M=Data.FmtBcd ACBP=A9
 0001:00041218 00000008 C=CODE     S=.text    G=(none)   M=Data.DB  ACBP=A9
 0001:00041220 00000010 C=CODE     S=.text    G=(none)   M=MVCBr.ApplicationController ACBP=A9
 0001:00041230 00000010 C=CODE     S=.text    G=(none)   M=MVCBr.IoC ACBP=A9
 0001:00041240 00000008 C=CODE     S=.text    G=(none)   M=MVCBr.Observable ACBP=A9
 0001:00041248 00000030 C=CODE     S=.text    G=(none)   M=System.Threading ACBP=A9
 0001:00041278 00000018 C=CODE     S=.text    G=(none)   M=MVCBr.ObjectConfigList ACBP=A9
 0001:00041290 00000A7C C=CODE     S=.text    G=(none)   M=eMVC.Config ACBP=A9
 0001:00041D0C 000010BC C=CODE     S=.text    G=(none)   M=eMVC.BaseCreator ACBP=A9
 0001:00042DC8 00000860 C=CODE     S=.text    G=(none)   M=eMVC.ViewCreator ACBP=A9
 0001:00043628 000013B0 C=CODE     S=.text    G=(none)   M=eMVC.FacadeSubClassCreator ACBP=A9
 0001:000449D8 00000D90 C=CODE     S=.text    G=(none)   M=eMVC.FacadeSubClassForm ACBP=A9
 0001:00045768 00000C24 C=CODE     S=.text    G=(none)   M=eMVC.FacadeSubClassWizard ACBP=A9
 0001:0004638C 00002498 C=CODE     S=.text    G=(none)   M=eMVC.ProjectFileCreator ACBP=A9
 0001:00048824 00000C6C C=CODE     S=.text    G=(none)   M=eMVC.ProjectCreator ACBP=A9
 0001:00049490 00003578 C=CODE     S=.text    G=(none)   M=eMVC.ModuleModelCreator ACBP=A9
 0001:0004CA08 000001B8 C=CODE     S=.text    G=(none)   M=eMVC.FrameCreator ACBP=A9
 0001:0004CBC0 000006C8 C=CODE     S=.text    G=(none)   M=eMVC.ControllerCreator ACBP=A9
 0001:0004D288 000005BC C=CODE     S=.text    G=(none)   M=eMVC.ModelCreator ACBP=A9
 0001:0004D844 000006CC C=CODE     S=.text    G=(none)   M=eMVC.ViewModelCreator ACBP=A9
 0001:0004DF10 00000B50 C=CODE     S=.text    G=(none)   M=eMVC.ProjectWizardForm ACBP=A9
 0001:0004EA60 00000510 C=CODE     S=.text    G=(none)   M=eMVC.ProjectGroupCreator ACBP=A9
 0001:0004EF70 0000076C C=CODE     S=.text    G=(none)   M=eMVC.IncludeCreator ACBP=A9
 0001:0004F6DC 000012CC C=CODE     S=.text    G=(none)   M=eMVC.ProjectWizard ACBP=A9
 0001:000509A8 000008D8 C=CODE     S=.text    G=(none)   M=eMVC.PersistentModelConst ACBP=A9
 0001:00051280 0000077C C=CODE     S=.text    G=(none)   M=eMVC.Logger ACBP=A9
 0001:000519FC 00000018 C=CODE     S=.text    G=(none)   M=Vcl.CheckLst ACBP=A9
 0001:00051A14 00002F4C C=CODE     S=.text    G=(none)   M=eMVC.ClassModelForm ACBP=A9
 0001:00054960 00001334 C=CODE     S=.text    G=(none)   M=eMVC.ControllerForm ACBP=A9
 0001:00055C94 000012A4 C=CODE     S=.text    G=(none)   M=eMVC.ModuleModelForm ACBP=A9
 0001:00056F38 000012EC C=CODE     S=.text    G=(none)   M=eMVC.PersistentModelForm ACBP=A9
 0001:00058224 0000173C C=CODE     S=.text    G=(none)   M=eMVC.ViewModelForm ACBP=A9
 0001:00059960 000002B4 C=CODE     S=.text    G=(none)   M=eMVC.ModuleModelConst ACBP=A9
 0001:00059C14 00001394 C=CODE     S=.text    G=(none)   M=eMVC.ModuleModelWizard ACBP=A9
 0001:0005AFA8 00000E78 C=CODE     S=.text    G=(none)   M=eMVC.ControllerWizard ACBP=A9
 0001:0005BE20 0000ACDC C=CODE     S=.text    G=(none)   M=eMVC.ClassModelCreator ACBP=A9
 0001:00066AFC 0000267C C=CODE     S=.text    G=(none)   M=eMVC.ClassModelWizard ACBP=A9
 0001:00069178 00000710 C=CODE     S=.text    G=(none)   M=eMVC.PersistentModelCreator ACBP=A9
 0001:00069888 000011C0 C=CODE     S=.text    G=(none)   M=eMVC.PersistentWizard ACBP=A9
 0001:0006AA48 000012E0 C=CODE     S=.text    G=(none)   M=eMVC.ViewModelWizard ACBP=A9
 0001:0006BD28 00000008 C=CODE     S=.text    G=(none)   M=eMVC.DatasetModel.Interf ACBP=A9
 0001:0006BD30 0000133C C=CODE     S=.text    G=(none)   M=eMVC.DatasetModel ACBP=A9
 0001:0006D06C 00001C98 C=CODE     S=.text    G=(none)   M=eMVC.Patterns ACBP=A9
 0001:0006ED04 00000138 C=CODE     S=.text    G=(none)   M=eMVC.shadow ACBP=A9
 0001:0006EE3C 00000BF0 C=CODE     S=.text    G=(none)   M=eMVC.FacadeModelForm ACBP=A9
 0001:0006FA2C 00004684 C=CODE     S=.text    G=(none)   M=eMVC.FacadeCreator ACBP=A9
 0001:000740B0 00000C50 C=CODE     S=.text    G=(none)   M=eMVC.FacadeModelWizard ACBP=A9
 0001:00074D00 00003000 C=CODE     S=.text    G=(none)   M=eMVC.BuilderSubClassCreator ACBP=A9
 0001:00077D00 00000EF0 C=CODE     S=.text    G=(none)   M=eMVC.BuilderSubClassForm ACBP=A9
 0001:00078BF0 00000D14 C=CODE     S=.text    G=(none)   M=eMVC.BuilderSubClassWizard ACBP=A9
 0001:00079904 00000CE4 C=CODE     S=.text    G=(none)   M=eMVC.BuilderModelForm ACBP=A9
 0001:0007A5E8 00003298 C=CODE     S=.text    G=(none)   M=eMVC.BuilderCreator ACBP=A9
 0001:0007D880 00000CA0 C=CODE     S=.text    G=(none)   M=eMVC.BuilderModelWizard ACBP=A9
 0001:0007E520 00001140 C=CODE     S=.text    G=(none)   M=.MVCBr   ACBP=A9
 0002:00000000 00000008 C=ICODE    S=.itext   G=(none)   M=System   ACBP=A9
 0002:00000008 00000008 C=ICODE    S=.itext   G=(none)   M=SysInit  ACBP=A9
 0002:00000010 00000018 C=ICODE    S=.itext   G=(none)   M=Winapi.Windows ACBP=A9
 0002:00000028 00000008 C=ICODE    S=.itext   G=(none)   M=Winapi.PsAPI ACBP=A9
 0002:00000030 00000008 C=ICODE    S=.itext   G=(none)   M=System.Character ACBP=A9
 0002:00000038 00000008 C=ICODE    S=.itext   G=(none)   M=System.Internal.ExcUtils ACBP=A9
 0002:00000040 00000028 C=ICODE    S=.itext   G=(none)   M=System.SysUtils ACBP=A9
 0002:00000068 00000008 C=ICODE    S=.itext   G=(none)   M=System.VarUtils ACBP=A9
 0002:00000070 00000008 C=ICODE    S=.itext   G=(none)   M=System.Variants ACBP=A9
 0002:00000078 00000010 C=ICODE    S=.itext   G=(none)   M=System.Rtti ACBP=A9
 0002:00000088 00000008 C=ICODE    S=.itext   G=(none)   M=System.TypInfo ACBP=A9
 0002:00000090 00000008 C=ICODE    S=.itext   G=(none)   M=System.Math ACBP=A9
 0002:00000098 00000010 C=ICODE    S=.itext   G=(none)   M=System.Generics.Defaults ACBP=A9
 0002:000000A8 00000038 C=ICODE    S=.itext   G=(none)   M=System.Classes ACBP=A9
 0002:000000E0 00000008 C=ICODE    S=.itext   G=(none)   M=eMVC.CastaliaPasLexTypes ACBP=A9
 0002:000000E8 00000010 C=ICODE    S=.itext   G=(none)   M=eMVC.CastaliaPasLex ACBP=A9
 0002:000000F8 00000008 C=ICODE    S=.itext   G=(none)   M=eMVC.CastaliaSimplePasParTypes ACBP=A9
 0002:00000100 00000008 C=ICODE    S=.itext   G=(none)   M=eMVC.CastaliaSimplePasPar ACBP=A9
 0002:00000108 00000008 C=ICODE    S=.itext   G=(none)   M=eMVC.TokenInterfaces ACBP=A9
 0002:00000110 00000008 C=ICODE    S=.itext   G=(none)   M=eMVC.TokenClasses ACBP=A9
 0002:00000118 00000008 C=ICODE    S=.itext   G=(none)   M=eMVC.IntfParser ACBP=A9
 0002:00000120 00000008 C=ICODE    S=.itext   G=(none)   M=System.Actions ACBP=A9
 0002:00000128 00000008 C=ICODE    S=.itext   G=(none)   M=System.TimeSpan ACBP=A9
 0002:00000130 00000010 C=ICODE    S=.itext   G=(none)   M=System.DateUtils ACBP=A9
 0002:00000140 00000008 C=ICODE    S=.itext   G=(none)   M=System.IOUtils ACBP=A9
 0002:00000148 00000008 C=ICODE    S=.itext   G=(none)   M=System.Win.Registry ACBP=A9
 0002:00000150 00000010 C=ICODE    S=.itext   G=(none)   M=Vcl.Graphics ACBP=A9
 0002:00000160 00000008 C=ICODE    S=.itext   G=(none)   M=Vcl.ActnList ACBP=A9
 0002:00000168 00000008 C=ICODE    S=.itext   G=(none)   M=System.HelpIntfs ACBP=A9
 0002:00000170 00000008 C=ICODE    S=.itext   G=(none)   M=System.SyncObjs ACBP=A9
 0002:00000178 00000008 C=ICODE    S=.itext   G=(none)   M=Winapi.UxTheme ACBP=A9
 0002:00000180 00000008 C=ICODE    S=.itext   G=(none)   M=Vcl.GraphUtil ACBP=A9
 0002:00000188 00000090 C=ICODE    S=.itext   G=(none)   M=Vcl.StdCtrls ACBP=A9
 0002:00000218 00000008 C=ICODE    S=.itext   G=(none)   M=Vcl.Printers ACBP=A9
 0002:00000220 00000008 C=ICODE    S=.itext   G=(none)   M=Vcl.Clipbrd ACBP=A9
 0002:00000228 000000C8 C=ICODE    S=.itext   G=(none)   M=Vcl.ComCtrls ACBP=A9
 0002:000002F0 00000008 C=ICODE    S=.itext   G=(none)   M=Vcl.Dialogs ACBP=A9
 0002:000002F8 00000028 C=ICODE    S=.itext   G=(none)   M=Vcl.ExtCtrls ACBP=A9
 0002:00000320 00000010 C=ICODE    S=.itext   G=(none)   M=Vcl.Themes ACBP=A9
 0002:00000330 00000008 C=ICODE    S=.itext   G=(none)   M=System.AnsiStrings ACBP=A9
 0002:00000338 00000010 C=ICODE    S=.itext   G=(none)   M=System.Win.ComObj ACBP=A9
 0002:00000348 00000008 C=ICODE    S=.itext   G=(none)   M=Winapi.FlatSB ACBP=A9
 0002:00000350 00000020 C=ICODE    S=.itext   G=(none)   M=Vcl.Forms ACBP=A9
 0002:00000370 00000008 C=ICODE    S=.itext   G=(none)   M=Vcl.Menus ACBP=A9
 0002:00000378 00000010 C=ICODE    S=.itext   G=(none)   M=Winapi.MsCTF ACBP=A9
 0002:00000388 00000008 C=ICODE    S=.itext   G=(none)   M=Vcl.Controls ACBP=A9
 0002:00000390 00000008 C=ICODE    S=.itext   G=(none)   M=IDEMessages ACBP=A9
 0002:00000398 00000008 C=ICODE    S=.itext   G=(none)   M=Vcl.CaptionedDockTree ACBP=A9
 0002:000003A0 00000008 C=ICODE    S=.itext   G=(none)   M=Vcl.DockTabSet ACBP=A9
 0002:000003A8 00000008 C=ICODE    S=.itext   G=(none)   M=PercentageDockTree ACBP=A9
 0002:000003B0 00000008 C=ICODE    S=.itext   G=(none)   M=BrandingAPI ACBP=A9
 0002:000003B8 00000010 C=ICODE    S=.itext   G=(none)   M=Vcl.Buttons ACBP=A9
 0002:000003C8 00000008 C=ICODE    S=.itext   G=(none)   M=Vcl.ExtDlgs ACBP=A9
 0002:000003D0 00000008 C=ICODE    S=.itext   G=(none)   M=Winapi.Mapi ACBP=A9
 0002:000003D8 00000008 C=ICODE    S=.itext   G=(none)   M=Vcl.ExtActns ACBP=A9
 0002:000003E0 00000008 C=ICODE    S=.itext   G=(none)   M=Vcl.ActnMenus ACBP=A9
 0002:000003E8 00000008 C=ICODE    S=.itext   G=(none)   M=Vcl.ActnMan ACBP=A9
 0002:000003F0 00000008 C=ICODE    S=.itext   G=(none)   M=Vcl.PlatformDefaultStyleActnCtrls ACBP=A9
 0002:000003F8 00000008 C=ICODE    S=.itext   G=(none)   M=BaseDock ACBP=A9
 0002:00000400 00000008 C=ICODE    S=.itext   G=(none)   M=DeskUtil ACBP=A9
 0002:00000408 00000008 C=ICODE    S=.itext   G=(none)   M=DeskForm ACBP=A9
 0002:00000410 00000008 C=ICODE    S=.itext   G=(none)   M=DockForm ACBP=A9
 0002:00000418 00000010 C=ICODE    S=.itext   G=(none)   M=Xml.Win.msxmldom ACBP=A9
 0002:00000428 00000008 C=ICODE    S=.itext   G=(none)   M=Xml.xmldom ACBP=A9
 0002:00000430 00000008 C=ICODE    S=.itext   G=(none)   M=ToolsAPI ACBP=A9
 0002:00000438 00000008 C=ICODE    S=.itext   G=(none)   M=Vcl.Imaging.jpeg ACBP=A9
 0002:00000440 00000008 C=ICODE    S=.itext   G=(none)   M=Vcl.AxCtrls ACBP=A9
 0002:00000448 00000008 C=ICODE    S=.itext   G=(none)   M=Vcl.OleCtrls ACBP=A9
 0002:00000450 00000008 C=ICODE    S=.itext   G=(none)   M=Vcl.OleServer ACBP=A9
 0002:00000458 00000008 C=ICODE    S=.itext   G=(none)   M=SHDocVw  ACBP=A9
 0002:00000460 00000008 C=ICODE    S=.itext   G=(none)   M=eMVC.copyfileform ACBP=A9
 0002:00000468 00000008 C=ICODE    S=.itext   G=(none)   M=eMVC.toolBox ACBP=A9
 0002:00000470 00000008 C=ICODE    S=.itext   G=(none)   M=eMVC.FileCreator ACBP=A9
 0002:00000478 00000008 C=ICODE    S=.itext   G=(none)   M=System.JSON ACBP=A9
 0002:00000480 00000008 C=ICODE    S=.itext   G=(none)   M=Data.SqlTimSt ACBP=A9
 0002:00000488 00000008 C=ICODE    S=.itext   G=(none)   M=Data.FmtBcd ACBP=A9
 0002:00000490 00000008 C=ICODE    S=.itext   G=(none)   M=Data.DB  ACBP=A9
 0002:00000498 00000010 C=ICODE    S=.itext   G=(none)   M=MVCBr.ApplicationController ACBP=A9
 0002:000004A8 00000010 C=ICODE    S=.itext   G=(none)   M=MVCBr.IoC ACBP=A9
 0002:000004B8 00000008 C=ICODE    S=.itext   G=(none)   M=MVCBr.Observable ACBP=A9
 0002:000004C0 00000030 C=ICODE    S=.itext   G=(none)   M=System.Threading ACBP=A9
 0002:000004F0 00000008 C=ICODE    S=.itext   G=(none)   M=eMVC.Config ACBP=A9
 0002:000004F8 00000008 C=ICODE    S=.itext   G=(none)   M=eMVC.BaseCreator ACBP=A9
 0002:00000500 00000008 C=ICODE    S=.itext   G=(none)   M=eMVC.ViewCreator ACBP=A9
 0002:00000508 00000008 C=ICODE    S=.itext   G=(none)   M=eMVC.FacadeSubClassCreator ACBP=A9
 0002:00000510 00000008 C=ICODE    S=.itext   G=(none)   M=eMVC.FacadeSubClassForm ACBP=A9
 0002:00000518 00000008 C=ICODE    S=.itext   G=(none)   M=eMVC.FacadeSubClassWizard ACBP=A9
 0002:00000520 00000008 C=ICODE    S=.itext   G=(none)   M=eMVC.ProjectFileCreator ACBP=A9
 0002:00000528 00000008 C=ICODE    S=.itext   G=(none)   M=eMVC.ProjectCreator ACBP=A9
 0002:00000530 00000008 C=ICODE    S=.itext   G=(none)   M=eMVC.ModuleModelCreator ACBP=A9
 0002:00000538 00000008 C=ICODE    S=.itext   G=(none)   M=eMVC.FrameCreator ACBP=A9
 0002:00000540 00000008 C=ICODE    S=.itext   G=(none)   M=eMVC.ControllerCreator ACBP=A9
 0002:00000548 00000008 C=ICODE    S=.itext   G=(none)   M=eMVC.ModelCreator ACBP=A9
 0002:00000550 00000008 C=ICODE    S=.itext   G=(none)   M=eMVC.ViewModelCreator ACBP=A9
 0002:00000558 00000008 C=ICODE    S=.itext   G=(none)   M=eMVC.ProjectWizardForm ACBP=A9
 0002:00000560 00000008 C=ICODE    S=.itext   G=(none)   M=eMVC.ProjectGroupCreator ACBP=A9
 0002:00000568 00000008 C=ICODE    S=.itext   G=(none)   M=eMVC.IncludeCreator ACBP=A9
 0002:00000570 00000008 C=ICODE    S=.itext   G=(none)   M=eMVC.ProjectWizard ACBP=A9
 0002:00000578 00000008 C=ICODE    S=.itext   G=(none)   M=eMVC.PersistentModelConst ACBP=A9
 0002:00000580 00000024 C=ICODE    S=.itext   G=(none)   M=eMVC.Logger ACBP=A9
 0002:000005A4 00000008 C=ICODE    S=.itext   G=(none)   M=Vcl.CheckLst ACBP=A9
 0002:000005AC 00000008 C=ICODE    S=.itext   G=(none)   M=eMVC.ClassModelForm ACBP=A9
 0002:000005B4 00000008 C=ICODE    S=.itext   G=(none)   M=eMVC.ControllerForm ACBP=A9
 0002:000005BC 00000008 C=ICODE    S=.itext   G=(none)   M=eMVC.ModuleModelForm ACBP=A9
 0002:000005C4 00000008 C=ICODE    S=.itext   G=(none)   M=eMVC.PersistentModelForm ACBP=A9
 0002:000005CC 00000008 C=ICODE    S=.itext   G=(none)   M=eMVC.ViewModelForm ACBP=A9
 0002:000005D4 00000008 C=ICODE    S=.itext   G=(none)   M=eMVC.ModuleModelConst ACBP=A9
 0002:000005DC 00000008 C=ICODE    S=.itext   G=(none)   M=eMVC.ModuleModelWizard ACBP=A9
 0002:000005E4 00000008 C=ICODE    S=.itext   G=(none)   M=eMVC.ControllerWizard ACBP=A9
 0002:000005EC 00000008 C=ICODE    S=.itext   G=(none)   M=eMVC.ClassModelCreator ACBP=A9
 0002:000005F4 00000008 C=ICODE    S=.itext   G=(none)   M=eMVC.ClassModelWizard ACBP=A9
 0002:000005FC 00000008 C=ICODE    S=.itext   G=(none)   M=eMVC.PersistentModelCreator ACBP=A9
 0002:00000604 00000008 C=ICODE    S=.itext   G=(none)   M=eMVC.PersistentWizard ACBP=A9
 0002:0000060C 00000008 C=ICODE    S=.itext   G=(none)   M=eMVC.ViewModelWizard ACBP=A9
 0002:00000614 00000008 C=ICODE    S=.itext   G=(none)   M=eMVC.DatasetModel.Interf ACBP=A9
 0002:0000061C 00000008 C=ICODE    S=.itext   G=(none)   M=eMVC.DatasetModel ACBP=A9
 0002:00000624 0000001C C=ICODE    S=.itext   G=(none)   M=eMVC.Patterns ACBP=A9
 0002:00000640 00000008 C=ICODE    S=.itext   G=(none)   M=eMVC.shadow ACBP=A9
 0002:00000648 00000008 C=ICODE    S=.itext   G=(none)   M=eMVC.FacadeModelForm ACBP=A9
 0002:00000650 00000008 C=ICODE    S=.itext   G=(none)   M=eMVC.FacadeCreator ACBP=A9
 0002:00000658 00000008 C=ICODE    S=.itext   G=(none)   M=eMVC.FacadeModelWizard ACBP=A9
 0002:00000660 00000008 C=ICODE    S=.itext   G=(none)   M=eMVC.BuilderSubClassCreator ACBP=A9
 0002:00000668 00000008 C=ICODE    S=.itext   G=(none)   M=eMVC.BuilderSubClassForm ACBP=A9
 0002:00000670 00000008 C=ICODE    S=.itext   G=(none)   M=eMVC.BuilderSubClassWizard ACBP=A9
 0002:00000678 00000008 C=ICODE    S=.itext   G=(none)   M=eMVC.BuilderModelForm ACBP=A9
 0002:00000680 00000008 C=ICODE    S=.itext   G=(none)   M=eMVC.BuilderCreator ACBP=A9
 0002:00000688 00000008 C=ICODE    S=.itext   G=(none)   M=eMVC.BuilderModelWizard ACBP=A9
 0002:00000690 00000008 C=ICODE    S=.itext   G=(none)   M=.MVCBr   ACBP=A9
 0003:00000000 00000088 C=DATA     S=.data    G=DGROUP   M=SysInit  ACBP=A9
 0003:00000088 0000000C C=DATA     S=.data    G=DGROUP   M=Winapi.Windows ACBP=A9
 0003:00000094 00000004 C=DATA     S=.data    G=DGROUP   M=Winapi.MsCTF ACBP=A9
 0003:00000098 00000004 C=DATA     S=.data    G=DGROUP   M=eMVC.toolBox ACBP=A9
 0003:0000009C 00000004 C=DATA     S=.data    G=DGROUP   M=eMVC.shadow ACBP=A9
 0004:00000000 00000020 C=BSS      S=.bss     G=DGROUP   M=SysInit  ACBP=A9
 0004:00000020 00000008 C=BSS      S=.bss     G=DGROUP   M=Winapi.Windows ACBP=A9
 0004:00000028 00000008 C=BSS      S=.bss     G=DGROUP   M=Winapi.PsAPI ACBP=A9
 0004:00000030 00000104 C=BSS      S=.bss     G=DGROUP   M=eMVC.CastaliaPasLexTypes ACBP=A9
 0004:00000134 00000504 C=BSS      S=.bss     G=DGROUP   M=eMVC.CastaliaPasLex ACBP=A9
 0004:00000638 00000004 C=BSS      S=.bss     G=DGROUP   M=eMVC.CastaliaSimplePasParTypes ACBP=A9
 0004:0000063C 00000004 C=BSS      S=.bss     G=DGROUP   M=eMVC.CastaliaSimplePasPar ACBP=A9
 0004:00000640 00000004 C=BSS      S=.bss     G=DGROUP   M=eMVC.TokenInterfaces ACBP=A9
 0004:00000644 00000004 C=BSS      S=.bss     G=DGROUP   M=eMVC.TokenClasses ACBP=A9
 0004:00000648 00000004 C=BSS      S=.bss     G=DGROUP   M=eMVC.IntfParser ACBP=A9
 0004:0000064C 00000004 C=BSS      S=.bss     G=DGROUP   M=Winapi.MsCTF ACBP=A9
 0004:00000650 00000008 C=BSS      S=.bss     G=DGROUP   M=eMVC.copyfileform ACBP=A9
 0004:00000658 0000001C C=BSS      S=.bss     G=DGROUP   M=eMVC.toolBox ACBP=A9
 0004:00000674 00000004 C=BSS      S=.bss     G=DGROUP   M=eMVC.FileCreator ACBP=A9
 0004:00000678 00000008 C=BSS      S=.bss     G=DGROUP   M=eMVC.Config ACBP=A9
 0004:00000680 00000004 C=BSS      S=.bss     G=DGROUP   M=eMVC.BaseCreator ACBP=A9
 0004:00000684 00000004 C=BSS      S=.bss     G=DGROUP   M=eMVC.ViewCreator ACBP=A9
 0004:00000688 00000004 C=BSS      S=.bss     G=DGROUP   M=eMVC.FacadeSubClassCreator ACBP=A9
 0004:0000068C 00000008 C=BSS      S=.bss     G=DGROUP   M=eMVC.FacadeSubClassForm ACBP=A9
 0004:00000694 00000004 C=BSS      S=.bss     G=DGROUP   M=eMVC.FacadeSubClassWizard ACBP=A9
 0004:00000698 00000004 C=BSS      S=.bss     G=DGROUP   M=eMVC.ProjectFileCreator ACBP=A9
 0004:0000069C 00000004 C=BSS      S=.bss     G=DGROUP   M=eMVC.ProjectCreator ACBP=A9
 0004:000006A0 00000004 C=BSS      S=.bss     G=DGROUP   M=eMVC.ModuleModelCreator ACBP=A9
 0004:000006A4 00000004 C=BSS      S=.bss     G=DGROUP   M=eMVC.FrameCreator ACBP=A9
 0004:000006A8 00000004 C=BSS      S=.bss     G=DGROUP   M=eMVC.ControllerCreator ACBP=A9
 0004:000006AC 00000004 C=BSS      S=.bss     G=DGROUP   M=eMVC.ModelCreator ACBP=A9
 0004:000006B0 00000004 C=BSS      S=.bss     G=DGROUP   M=eMVC.ViewModelCreator ACBP=A9
 0004:000006B4 00000008 C=BSS      S=.bss     G=DGROUP   M=eMVC.ProjectWizardForm ACBP=A9
 0004:000006BC 00000004 C=BSS      S=.bss     G=DGROUP   M=eMVC.ProjectGroupCreator ACBP=A9
 0004:000006C0 00000004 C=BSS      S=.bss     G=DGROUP   M=eMVC.IncludeCreator ACBP=A9
 0004:000006C4 00000004 C=BSS      S=.bss     G=DGROUP   M=eMVC.ProjectWizard ACBP=A9
 0004:000006C8 00000004 C=BSS      S=.bss     G=DGROUP   M=eMVC.PersistentModelConst ACBP=A9
 0004:000006CC 00000008 C=BSS      S=.bss     G=DGROUP   M=eMVC.Logger ACBP=A9
 0004:000006D4 00000008 C=BSS      S=.bss     G=DGROUP   M=eMVC.ClassModelForm ACBP=A9
 0004:000006DC 00000008 C=BSS      S=.bss     G=DGROUP   M=eMVC.ControllerForm ACBP=A9
 0004:000006E4 00000008 C=BSS      S=.bss     G=DGROUP   M=eMVC.ModuleModelForm ACBP=A9
 0004:000006EC 00000008 C=BSS      S=.bss     G=DGROUP   M=eMVC.PersistentModelForm ACBP=A9
 0004:000006F4 00000008 C=BSS      S=.bss     G=DGROUP   M=eMVC.ViewModelForm ACBP=A9
 0004:000006FC 00000004 C=BSS      S=.bss     G=DGROUP   M=eMVC.ModuleModelConst ACBP=A9
 0004:00000700 00000004 C=BSS      S=.bss     G=DGROUP   M=eMVC.ModuleModelWizard ACBP=A9
 0004:00000704 00000004 C=BSS      S=.bss     G=DGROUP   M=eMVC.ControllerWizard ACBP=A9
 0004:00000708 00000004 C=BSS      S=.bss     G=DGROUP   M=eMVC.ClassModelCreator ACBP=A9
 0004:0000070C 00000004 C=BSS      S=.bss     G=DGROUP   M=eMVC.ClassModelWizard ACBP=A9
 0004:00000710 00000004 C=BSS      S=.bss     G=DGROUP   M=eMVC.PersistentModelCreator ACBP=A9
 0004:00000714 00000004 C=BSS      S=.bss     G=DGROUP   M=eMVC.PersistentWizard ACBP=A9
 0004:00000718 00000004 C=BSS      S=.bss     G=DGROUP   M=eMVC.ViewModelWizard ACBP=A9
 0004:0000071C 00000004 C=BSS      S=.bss     G=DGROUP   M=eMVC.DatasetModel.Interf ACBP=A9
 0004:00000720 00000004 C=BSS      S=.bss     G=DGROUP   M=eMVC.DatasetModel ACBP=A9
 0004:00000724 00000008 C=BSS      S=.bss     G=DGROUP   M=eMVC.Patterns ACBP=A9
 0004:0000072C 00000008 C=BSS      S=.bss     G=DGROUP   M=eMVC.shadow ACBP=A9
 0004:00000734 00000008 C=BSS      S=.bss     G=DGROUP   M=eMVC.FacadeModelForm ACBP=A9
 0004:0000073C 00000004 C=BSS      S=.bss     G=DGROUP   M=eMVC.FacadeCreator ACBP=A9
 0004:00000740 00000004 C=BSS      S=.bss     G=DGROUP   M=eMVC.FacadeModelWizard ACBP=A9
 0004:00000744 00000004 C=BSS      S=.bss     G=DGROUP   M=eMVC.BuilderSubClassCreator ACBP=A9
 0004:00000748 00000008 C=BSS      S=.bss     G=DGROUP   M=eMVC.BuilderSubClassForm ACBP=A9
 0004:00000750 00000004 C=BSS      S=.bss     G=DGROUP   M=eMVC.BuilderSubClassWizard ACBP=A9
 0004:00000754 00000004 C=BSS      S=.bss     G=DGROUP   M=eMVC.BuilderModelForm ACBP=A9
 0004:00000758 00000004 C=BSS      S=.bss     G=DGROUP   M=eMVC.BuilderCreator ACBP=A9
 0004:0000075C 00000004 C=BSS      S=.bss     G=DGROUP   M=eMVC.BuilderModelWizard ACBP=A9


  Address             Publics by Name

 0002:00000690       .MVCBr..MVCBr
 0001:0007F640       .MVCBr.@GetPackageInfoTable
 0001:0007F648       .MVCBr.@PackageLoad
 0001:0007F654       .MVCBr.@PackageUnload
 0002:000003F8       BaseDock.BaseDock
 0001:000158A8       BaseDock.Finalization
 0002:000003B0       BrandingAPI.BrandingAPI
 0001:00015858       BrandingAPI.Finalization
 0002:00000490       Data.DB.Data.DB
 0001:00041218       Data.DB.Finalization
 0002:00000488       Data.FmtBcd.Data.FmtBcd
 0001:00041210       Data.FmtBcd.Finalization
 0002:00000480       Data.SqlTimSt.Data.SqlTimSt
 0001:00041208       Data.SqlTimSt.Finalization
 0002:00000408       DeskForm.DeskForm
 0001:000158B8       DeskForm.Finalization
 0002:00000400       DeskUtil.DeskUtil
 0001:000158B0       DeskUtil.Finalization
 0002:00000410       DockForm.DockForm
 0001:000158C0       DockForm.Finalization
 0004:00000680       eMVC.BaseCreator..2
 0001:00041E74       eMVC.BaseCreator..TBaseCreator
 0002:000004F8       eMVC.BaseCreator.eMVC.BaseCreator
 0001:00042DC0       eMVC.BaseCreator.Finalization
 0001:000429B8       eMVC.BaseCreator.TBaseCreator.Create
 0001:00042BB8       eMVC.BaseCreator.TBaseCreator.Destroy
 0001:00042BE4       eMVC.BaseCreator.TBaseCreator.FormCreated
 0001:000427CC       eMVC.BaseCreator.TBaseCreator.GetAncestorName
 0001:00042934       eMVC.BaseCreator.TBaseCreator.getBaseName
 0001:00042D94       eMVC.BaseCreator.TBaseCreator.GetCreatorType
 0001:00042BE8       eMVC.BaseCreator.TBaseCreator.GetExisting
 0001:00042BEC       eMVC.BaseCreator.TBaseCreator.GetFileSystem
 0001:00042BF8       eMVC.BaseCreator.TBaseCreator.GetFormName
 0001:00042C0C       eMVC.BaseCreator.TBaseCreator.GetImplFileName
 0001:00042C18       eMVC.BaseCreator.TBaseCreator.GetIntfFileName
 0001:00042C24       eMVC.BaseCreator.TBaseCreator.GetMainForm
 0001:00042C28       eMVC.BaseCreator.TBaseCreator.GetOwner
 0001:00042AEC       eMVC.BaseCreator.TBaseCreator.getpath
 0001:00042C84       eMVC.BaseCreator.TBaseCreator.GetShowForm
 0001:00042C88       eMVC.BaseCreator.TBaseCreator.GetShowSource
 0001:00042C8C       eMVC.BaseCreator.TBaseCreator.GetUnnamed
 0001:00042C94       eMVC.BaseCreator.TBaseCreator.NewFormFile
 0001:00042CA4       eMVC.BaseCreator.TBaseCreator.NewImplSource
 0001:00042D84       eMVC.BaseCreator.TBaseCreator.NewIntfSource
 0001:000427E0       eMVC.BaseCreator.TBaseCreator.SetAncestorName
 0001:00042A4C       eMVC.BaseCreator.TBaseCreator.setBaseName
 0001:00042A98       eMVC.BaseCreator.TBaseCreator.SetbaseProjectType
 0001:00042A9C       eMVC.BaseCreator.TBaseCreator.setPath
 0001:00042AE8       eMVC.BaseCreator.TBaseCreator.SetTemplates
 0004:00000758       eMVC.BuilderCreator..2
 0001:0007A5E8       eMVC.BuilderCreator..TBuilderCreator
 0001:0007AB70       eMVC.BuilderCreator..TBuilderCreator.NewImplSource$2$ActRec
 0002:00000680       eMVC.BuilderCreator.eMVC.BuilderCreator
 0001:0007D878       eMVC.BuilderCreator.Finalization
 0001:0007A858       eMVC.BuilderCreator.TBuilderCreator.Create
 0001:0007A900       eMVC.BuilderCreator.TBuilderCreator.GetImplFileName
 0001:0007D6A4       eMVC.BuilderCreator.TBuilderCreator.NewImplSource
 0001:0007AC4C       eMVC.BuilderCreator.TBuilderCreator.NewImplSource$2$ActRec.$0$Body
 0001:0007B768       eMVC.BuilderCreator.TBuilderCreator.NewImplSource$2$ActRec.$1$Body
 0001:0007D874       eMVC.BuilderCreator.TBuilderCreator.SetisInterf
 0004:00000754       eMVC.BuilderModelForm..2
 0001:00079904       eMVC.BuilderModelForm..TFormNewBuilderModel
 0002:00000678       eMVC.BuilderModelForm.eMVC.BuilderModelForm
 0001:0007A5E0       eMVC.BuilderModelForm.Finalization
 0001:0007A534       eMVC.BuilderModelForm.TFormNewBuilderModel.btnBackClick
 0001:0007A208       eMVC.BuilderModelForm.TFormNewBuilderModel.btnOKNextClick
 0001:0007A4F8       eMVC.BuilderModelForm.TFormNewBuilderModel.cbCreateDirClick
 0001:00079F98       eMVC.BuilderModelForm.TFormNewBuilderModel.FormCreate
 0001:0007A02C       eMVC.BuilderModelForm.TFormNewBuilderModel.translate
 0004:0000075C       eMVC.BuilderModelWizard..2
 0001:0007D9A0       eMVC.BuilderModelWizard..TNewMVCBuilderModelWizard
 0002:00000688       eMVC.BuilderModelWizard.eMVC.BuilderModelWizard
 0001:0007E518       eMVC.BuilderModelWizard.Finalization
 0001:0007DD24       eMVC.BuilderModelWizard.GetNewPath
 0001:0007DCD8       eMVC.BuilderModelWizard.getProjectName
 0001:0007E4FC       eMVC.BuilderModelWizard.Register
 0001:0007DE18       eMVC.BuilderModelWizard.TNewMVCBuilderModelWizard.Execute
 0001:0007E378       eMVC.BuilderModelWizard.TNewMVCBuilderModelWizard.GetAuthor
 0001:0007E3A4       eMVC.BuilderModelWizard.TNewMVCBuilderModelWizard.GetComment
 0001:0007E3FC       eMVC.BuilderModelWizard.TNewMVCBuilderModelWizard.GetGlyph
 0001:0007E428       eMVC.BuilderModelWizard.TNewMVCBuilderModelWizard.GetIDString
 0001:0007E47C       eMVC.BuilderModelWizard.TNewMVCBuilderModelWizard.GetName
 0001:0007E4C0       eMVC.BuilderModelWizard.TNewMVCBuilderModelWizard.GetPage
 0001:0007E4EC       eMVC.BuilderModelWizard.TNewMVCBuilderModelWizard.GetState
 0001:0007E4F8       eMVC.BuilderModelWizard.TNewMVCBuilderModelWizard.SetIsFMX
 0004:00000744       eMVC.BuilderSubClassCreator..2
 0001:00074D00       eMVC.BuilderSubClassCreator..TBuilderCreator
 0001:000752E8       eMVC.BuilderSubClassCreator..TBuilderCreator.NewImplSource$2$ActRec
 0002:00000660       eMVC.BuilderSubClassCreator.eMVC.BuilderSubClassCreator
 0001:00077CF8       eMVC.BuilderSubClassCreator.Finalization
 0001:00074FBC       eMVC.BuilderSubClassCreator.TBuilderCreator.Create
 0001:00075070       eMVC.BuilderSubClassCreator.TBuilderCreator.GetImplFileName
 0001:00077B18       eMVC.BuilderSubClassCreator.TBuilderCreator.NewImplSource
 0001:000753E4       eMVC.BuilderSubClassCreator.TBuilderCreator.NewImplSource$2$ActRec.$0$Body
 0001:00075C04       eMVC.BuilderSubClassCreator.TBuilderCreator.NewImplSource$2$ActRec.$1$Body
 0001:00077CF0       eMVC.BuilderSubClassCreator.TBuilderCreator.SetisInterf
 0001:00077CF4       eMVC.BuilderSubClassCreator.TBuilderCreator.SetSubClassType
 0004:0000074C       eMVC.BuilderSubClassForm..2
 0001:00077D00       eMVC.BuilderSubClassForm..TFormNewBuilderSubClassModel
 0002:00000668       eMVC.BuilderSubClassForm.eMVC.BuilderSubClassForm
 0001:00078BE8       eMVC.BuilderSubClassForm.Finalization
 0004:00000748       eMVC.BuilderSubClassForm.FormNewBuilderSubClassModel
 0001:00078B3C       eMVC.BuilderSubClassForm.TFormNewBuilderSubClassModel.btnBackClick
 0001:00078810       eMVC.BuilderSubClassForm.TFormNewBuilderSubClassModel.btnOKNextClick
 0001:00078B00       eMVC.BuilderSubClassForm.TFormNewBuilderSubClassModel.cbCreateDirClick
 0001:000784D4       eMVC.BuilderSubClassForm.TFormNewBuilderSubClassModel.FormCreate
 0001:00078588       eMVC.BuilderSubClassForm.TFormNewBuilderSubClassModel.rbBuilderClick
 0001:000785D0       eMVC.BuilderSubClassForm.TFormNewBuilderSubClassModel.rbLazyClick
 0001:00078618       eMVC.BuilderSubClassForm.TFormNewBuilderSubClassModel.translate
 0004:00000750       eMVC.BuilderSubClassWizard..2
 0001:00078D10       eMVC.BuilderSubClassWizard..TNewMVCBuilderSubClassWizard
 0002:00000670       eMVC.BuilderSubClassWizard.eMVC.BuilderSubClassWizard
 0001:000798FC       eMVC.BuilderSubClassWizard.Finalization
 0001:000790A0       eMVC.BuilderSubClassWizard.GetNewPath
 0001:00079054       eMVC.BuilderSubClassWizard.getProjectName
 0001:000798E0       eMVC.BuilderSubClassWizard.Register
 0001:00079194       eMVC.BuilderSubClassWizard.TNewMVCBuilderSubClassWizard.Execute
 0001:00079730       eMVC.BuilderSubClassWizard.TNewMVCBuilderSubClassWizard.GetAuthor
 0001:0007975C       eMVC.BuilderSubClassWizard.TNewMVCBuilderSubClassWizard.GetComment
 0001:000797C4       eMVC.BuilderSubClassWizard.TNewMVCBuilderSubClassWizard.GetGlyph
 0001:000797F8       eMVC.BuilderSubClassWizard.TNewMVCBuilderSubClassWizard.GetIDString
 0001:0007985C       eMVC.BuilderSubClassWizard.TNewMVCBuilderSubClassWizard.GetName
 0001:000798A4       eMVC.BuilderSubClassWizard.TNewMVCBuilderSubClassWizard.GetPage
 0001:000798D0       eMVC.BuilderSubClassWizard.TNewMVCBuilderSubClassWizard.GetState
 0001:000798DC       eMVC.BuilderSubClassWizard.TNewMVCBuilderSubClassWizard.SetIsFMX
 0004:00000634       eMVC.CastaliaPasLex..3
 0001:000020C0       eMVC.CastaliaPasLex..TmwBasePasLex
 0001:00002F3C       eMVC.CastaliaPasLex..TmwPasLex
 0002:000000E8       eMVC.CastaliaPasLex.eMVC.CastaliaPasLex
 0001:000087D8       eMVC.CastaliaPasLex.Finalization
 0004:00000134       eMVC.CastaliaPasLex.Identifiers
 0001:000031F0       eMVC.CastaliaPasLex.MakeIdentTable
 0004:00000234       eMVC.CastaliaPasLex.mHashTable
 0001:00006520       eMVC.CastaliaPasLex.TmwBasePasLex.AddDefine
 0001:00006530       eMVC.CastaliaPasLex.TmwBasePasLex.AddressOpProc
 0001:00005FB0       eMVC.CastaliaPasLex.TmwBasePasLex.AltFunc
 0001:0000701C       eMVC.CastaliaPasLex.TmwBasePasLex.AnsiProc
 0001:00006564       eMVC.CastaliaPasLex.TmwBasePasLex.AsciiCharProc
 0001:00006660       eMVC.CastaliaPasLex.TmwBasePasLex.BorProc
 0001:000065D8       eMVC.CastaliaPasLex.TmwBasePasLex.BraceCloseProc
 0001:0000678C       eMVC.CastaliaPasLex.TmwBasePasLex.BraceOpenProc
 0001:000032B8       eMVC.CastaliaPasLex.TmwBasePasLex.CharAhead
 0001:000032F4       eMVC.CastaliaPasLex.TmwBasePasLex.ClearDefines
 0001:00003330       eMVC.CastaliaPasLex.TmwBasePasLex.CloneDefinesFrom
 0001:00006C68       eMVC.CastaliaPasLex.TmwBasePasLex.ColonProc
 0001:00006C9C       eMVC.CastaliaPasLex.TmwBasePasLex.CommaProc
 0001:00006428       eMVC.CastaliaPasLex.TmwBasePasLex.Create
 0001:00006CAC       eMVC.CastaliaPasLex.TmwBasePasLex.CRProc
 0001:000064A0       eMVC.CastaliaPasLex.TmwBasePasLex.Destroy
 0001:000064DC       eMVC.CastaliaPasLex.TmwBasePasLex.DoProcTable
 0001:00006D08       eMVC.CastaliaPasLex.TmwBasePasLex.EnterDefineBlock
 0001:00006D40       eMVC.CastaliaPasLex.TmwBasePasLex.EqualProc
 0001:00006D50       eMVC.CastaliaPasLex.TmwBasePasLex.ExitDefineBlock
 0001:00007798       eMVC.CastaliaPasLex.TmwBasePasLex.FirstInLine
 0001:00005750       eMVC.CastaliaPasLex.TmwBasePasLex.Func100
 0001:000057CC       eMVC.CastaliaPasLex.TmwBasePasLex.Func101
 0001:00005880       eMVC.CastaliaPasLex.TmwBasePasLex.Func102
 0001:000058C0       eMVC.CastaliaPasLex.TmwBasePasLex.Func103
 0001:00005900       eMVC.CastaliaPasLex.TmwBasePasLex.Func104
 0001:00005944       eMVC.CastaliaPasLex.TmwBasePasLex.Func105
 0001:00005984       eMVC.CastaliaPasLex.TmwBasePasLex.Func106
 0001:000059C8       eMVC.CastaliaPasLex.TmwBasePasLex.Func107
 0001:00005A0C       eMVC.CastaliaPasLex.TmwBasePasLex.Func108
 0001:00005A50       eMVC.CastaliaPasLex.TmwBasePasLex.Func112
 0001:00005A94       eMVC.CastaliaPasLex.TmwBasePasLex.Func117
 0001:00005B0C       eMVC.CastaliaPasLex.TmwBasePasLex.Func123
 0001:00005B50       eMVC.CastaliaPasLex.TmwBasePasLex.Func126
 0001:00005B98       eMVC.CastaliaPasLex.TmwBasePasLex.Func127
 0001:00005BDC       eMVC.CastaliaPasLex.TmwBasePasLex.Func128
 0001:00005C20       eMVC.CastaliaPasLex.TmwBasePasLex.Func129
 0001:00005C68       eMVC.CastaliaPasLex.TmwBasePasLex.Func130
 0001:00005CB0       eMVC.CastaliaPasLex.TmwBasePasLex.Func132
 0001:00005CF8       eMVC.CastaliaPasLex.TmwBasePasLex.Func133
 0001:00005D38       eMVC.CastaliaPasLex.TmwBasePasLex.Func136
 0001:00005D80       eMVC.CastaliaPasLex.TmwBasePasLex.Func141
 0001:00005DC4       eMVC.CastaliaPasLex.TmwBasePasLex.Func143
 0001:00003EAC       eMVC.CastaliaPasLex.TmwBasePasLex.Func15
 0001:00005E08       eMVC.CastaliaPasLex.TmwBasePasLex.Func166
 0001:00005E8C       eMVC.CastaliaPasLex.TmwBasePasLex.Func167
 0001:00005ED4       eMVC.CastaliaPasLex.TmwBasePasLex.Func168
 0001:00003EE0       eMVC.CastaliaPasLex.TmwBasePasLex.Func19
 0001:00005F20       eMVC.CastaliaPasLex.TmwBasePasLex.Func191
 0001:00003F3C       eMVC.CastaliaPasLex.TmwBasePasLex.Func20
 0001:00003F70       eMVC.CastaliaPasLex.TmwBasePasLex.Func21
 0001:00003FD0       eMVC.CastaliaPasLex.TmwBasePasLex.Func23
 0001:0000402C       eMVC.CastaliaPasLex.TmwBasePasLex.Func25
 0001:00004064       eMVC.CastaliaPasLex.TmwBasePasLex.Func27
 0001:000040A0       eMVC.CastaliaPasLex.TmwBasePasLex.Func28
 0001:00004130       eMVC.CastaliaPasLex.TmwBasePasLex.Func29
 0001:00004168       eMVC.CastaliaPasLex.TmwBasePasLex.Func30
 0001:000041A4       eMVC.CastaliaPasLex.TmwBasePasLex.Func32
 0001:00004230       eMVC.CastaliaPasLex.TmwBasePasLex.Func33
 0001:000042BC       eMVC.CastaliaPasLex.TmwBasePasLex.Func35
 0001:00004340       eMVC.CastaliaPasLex.TmwBasePasLex.Func36
 0001:000043B0       eMVC.CastaliaPasLex.TmwBasePasLex.Func37
 0001:00004418       eMVC.CastaliaPasLex.TmwBasePasLex.Func38
 0001:00004454       eMVC.CastaliaPasLex.TmwBasePasLex.Func39
 0001:000044B0       eMVC.CastaliaPasLex.TmwBasePasLex.Func40
 0001:000044EC       eMVC.CastaliaPasLex.TmwBasePasLex.Func41
 0001:0000457C       eMVC.CastaliaPasLex.TmwBasePasLex.Func43
 0001:000045E8       eMVC.CastaliaPasLex.TmwBasePasLex.Func44
 0001:00004650       eMVC.CastaliaPasLex.TmwBasePasLex.Func45
 0001:00004684       eMVC.CastaliaPasLex.TmwBasePasLex.Func46
 0001:000046C0       eMVC.CastaliaPasLex.TmwBasePasLex.Func47
 0001:00004728       eMVC.CastaliaPasLex.TmwBasePasLex.Func49
 0001:0000475C       eMVC.CastaliaPasLex.TmwBasePasLex.Func52
 0001:000047F8       eMVC.CastaliaPasLex.TmwBasePasLex.Func54
 0001:00004830       eMVC.CastaliaPasLex.TmwBasePasLex.Func55
 0001:0000486C       eMVC.CastaliaPasLex.TmwBasePasLex.Func56
 0001:00004904       eMVC.CastaliaPasLex.TmwBasePasLex.Func57
 0001:00004990       eMVC.CastaliaPasLex.TmwBasePasLex.Func58
 0001:000049CC       eMVC.CastaliaPasLex.TmwBasePasLex.Func59
 0001:00004A44       eMVC.CastaliaPasLex.TmwBasePasLex.Func60
 0001:00004AAC       eMVC.CastaliaPasLex.TmwBasePasLex.Func61
 0001:00004AEC       eMVC.CastaliaPasLex.TmwBasePasLex.Func62
 0001:00004B30       eMVC.CastaliaPasLex.TmwBasePasLex.Func63
 0001:00004CBC       eMVC.CastaliaPasLex.TmwBasePasLex.Func64
 0001:00004DB4       eMVC.CastaliaPasLex.TmwBasePasLex.Func65
 0001:00004DF0       eMVC.CastaliaPasLex.TmwBasePasLex.Func66
 0001:00004E5C       eMVC.CastaliaPasLex.TmwBasePasLex.Func69
 0001:00004F04       eMVC.CastaliaPasLex.TmwBasePasLex.Func71
 0001:00004FA8       eMVC.CastaliaPasLex.TmwBasePasLex.Func73
 0001:00004FE4       eMVC.CastaliaPasLex.TmwBasePasLex.Func75
 0001:00005020       eMVC.CastaliaPasLex.TmwBasePasLex.Func76
 0001:00005058       eMVC.CastaliaPasLex.TmwBasePasLex.Func78
 0001:00005098       eMVC.CastaliaPasLex.TmwBasePasLex.Func79
 0001:000050D4       eMVC.CastaliaPasLex.TmwBasePasLex.Func81
 0001:000051BC       eMVC.CastaliaPasLex.TmwBasePasLex.Func84
 0001:00005200       eMVC.CastaliaPasLex.TmwBasePasLex.Func85
 0001:00008680       eMVC.CastaliaPasLex.TmwBasePasLex.Func86
 0001:000052A4       eMVC.CastaliaPasLex.TmwBasePasLex.Func87
 0001:000052E0       eMVC.CastaliaPasLex.TmwBasePasLex.Func88
 0001:00003E74       eMVC.CastaliaPasLex.TmwBasePasLex.Func9
 0001:0000531C       eMVC.CastaliaPasLex.TmwBasePasLex.Func91
 0001:000053C0       eMVC.CastaliaPasLex.TmwBasePasLex.Func92
 0001:00005470       eMVC.CastaliaPasLex.TmwBasePasLex.Func94
 0001:00005524       eMVC.CastaliaPasLex.TmwBasePasLex.Func95
 0001:000055A0       eMVC.CastaliaPasLex.TmwBasePasLex.Func96
 0001:00005654       eMVC.CastaliaPasLex.TmwBasePasLex.Func97
 0001:00005694       eMVC.CastaliaPasLex.TmwBasePasLex.Func98
 0001:0000570C       eMVC.CastaliaPasLex.TmwBasePasLex.Func99
 0001:000077E4       eMVC.CastaliaPasLex.TmwBasePasLex.GetCommentState
 0001:000077EC       eMVC.CastaliaPasLex.TmwBasePasLex.GetCompilerDirective
 0001:000078CC       eMVC.CastaliaPasLex.TmwBasePasLex.GetDirectiveKind
 0001:00007CB4       eMVC.CastaliaPasLex.TmwBasePasLex.GetDirectiveParam
 0001:00008214       eMVC.CastaliaPasLex.TmwBasePasLex.GetGenID
 0001:00008144       eMVC.CastaliaPasLex.TmwBasePasLex.GetIsAddOperator
 0001:000081E4       eMVC.CastaliaPasLex.TmwBasePasLex.GetIsCompilerDirective
 0001:000076BC       eMVC.CastaliaPasLex.TmwBasePasLex.GetIsJunk
 0001:00008164       eMVC.CastaliaPasLex.TmwBasePasLex.GetIsMulOperator
 0001:0000803C       eMVC.CastaliaPasLex.TmwBasePasLex.GetIsOrdIdent
 0001:0000807C       eMVC.CastaliaPasLex.TmwBasePasLex.GetIsOrdinalType
 0001:000080A4       eMVC.CastaliaPasLex.TmwBasePasLex.GetIsRealType
 0001:000081A8       eMVC.CastaliaPasLex.TmwBasePasLex.GetIsRelativeOperator
 0001:000076F4       eMVC.CastaliaPasLex.TmwBasePasLex.GetIsSpace
 0001:000080E4       eMVC.CastaliaPasLex.TmwBasePasLex.GetIsStringType
 0001:00008120       eMVC.CastaliaPasLex.TmwBasePasLex.GetIsVarantType
 0001:000033AC       eMVC.CastaliaPasLex.TmwBasePasLex.GetPosXY
 0001:00007FB4       eMVC.CastaliaPasLex.TmwBasePasLex.GetStringContent
 0001:0000770C       eMVC.CastaliaPasLex.TmwBasePasLex.GetToken
 0001:00007734       eMVC.CastaliaPasLex.TmwBasePasLex.GetTokenLen
 0001:00006D74       eMVC.CastaliaPasLex.TmwBasePasLex.GreaterProc
 0001:00006DA8       eMVC.CastaliaPasLex.TmwBasePasLex.HashValue
 0001:00005FB4       eMVC.CastaliaPasLex.TmwBasePasLex.IdentKind
 0001:00006DC8       eMVC.CastaliaPasLex.TmwBasePasLex.IdentProc
 0001:00007E10       eMVC.CastaliaPasLex.TmwBasePasLex.Init
 0001:00007E7C       eMVC.CastaliaPasLex.TmwBasePasLex.InitDefines
 0001:00007E34       eMVC.CastaliaPasLex.TmwBasePasLex.InitFrom
 0001:000033C4       eMVC.CastaliaPasLex.TmwBasePasLex.InitIdent
 0001:00007F70       eMVC.CastaliaPasLex.TmwBasePasLex.InitLine
 0001:00006DDC       eMVC.CastaliaPasLex.TmwBasePasLex.IntegerProc
 0001:00006E1C       eMVC.CastaliaPasLex.TmwBasePasLex.IsDefined
 0001:00006E38       eMVC.CastaliaPasLex.TmwBasePasLex.IsIdentifiers
 0001:00003E00       eMVC.CastaliaPasLex.TmwBasePasLex.KeyComp
 0001:00003DBC       eMVC.CastaliaPasLex.TmwBasePasLex.KeyHash
 0001:00006E50       eMVC.CastaliaPasLex.TmwBasePasLex.LFProc
 0001:00006E90       eMVC.CastaliaPasLex.TmwBasePasLex.LowerProc
 0001:00005FE0       eMVC.CastaliaPasLex.TmwBasePasLex.MakeMethodTables
 0001:00006ED8       eMVC.CastaliaPasLex.TmwBasePasLex.MinusProc
 0001:00007674       eMVC.CastaliaPasLex.TmwBasePasLex.Next
 0001:00007744       eMVC.CastaliaPasLex.TmwBasePasLex.NextID
 0001:00007768       eMVC.CastaliaPasLex.TmwBasePasLex.NextNoJunk
 0001:00007780       eMVC.CastaliaPasLex.TmwBasePasLex.NextNoSpace
 0001:00006EE8       eMVC.CastaliaPasLex.TmwBasePasLex.NullProc
 0001:00006EF0       eMVC.CastaliaPasLex.TmwBasePasLex.NumberProc
 0001:00006F4C       eMVC.CastaliaPasLex.TmwBasePasLex.PlusProc
 0001:00006F5C       eMVC.CastaliaPasLex.TmwBasePasLex.PointerSymbolProc
 0001:00006F98       eMVC.CastaliaPasLex.TmwBasePasLex.PointProc
 0001:00006FE0       eMVC.CastaliaPasLex.TmwBasePasLex.RemoveDefine
 0001:0000700C       eMVC.CastaliaPasLex.TmwBasePasLex.RoundCloseProc
 0001:00007160       eMVC.CastaliaPasLex.TmwBasePasLex.RoundOpenProc
 0001:000073F8       eMVC.CastaliaPasLex.TmwBasePasLex.SemiColonProc
 0001:00007F8C       eMVC.CastaliaPasLex.TmwBasePasLex.SetCommentState
 0001:00007F90       eMVC.CastaliaPasLex.TmwBasePasLex.SetLine
 0001:0000844C       eMVC.CastaliaPasLex.TmwBasePasLex.SetOnCompDirect
 0001:00008468       eMVC.CastaliaPasLex.TmwBasePasLex.SetOnDefineDirect
 0001:00008484       eMVC.CastaliaPasLex.TmwBasePasLex.SetOnElseDirect
 0001:000084A0       eMVC.CastaliaPasLex.TmwBasePasLex.SetOnElseIfDirect
 0001:000084BC       eMVC.CastaliaPasLex.TmwBasePasLex.SetOnEndIfDirect
 0001:000084D8       eMVC.CastaliaPasLex.TmwBasePasLex.SetOnIfDefDirect
 0001:000084F4       eMVC.CastaliaPasLex.TmwBasePasLex.SetOnIfDirect
 0001:00008510       eMVC.CastaliaPasLex.TmwBasePasLex.SetOnIfEndDirect
 0001:0000852C       eMVC.CastaliaPasLex.TmwBasePasLex.SetOnIfNDefDirect
 0001:00008548       eMVC.CastaliaPasLex.TmwBasePasLex.SetOnIfOptDirect
 0001:00008564       eMVC.CastaliaPasLex.TmwBasePasLex.SetOnIncludeDirect
 0001:00008580       eMVC.CastaliaPasLex.TmwBasePasLex.SetOnResourceDirect
 0001:0000859C       eMVC.CastaliaPasLex.TmwBasePasLex.SetOnUnDefDirect
 0001:000064FC       eMVC.CastaliaPasLex.TmwBasePasLex.SetOrigin
 0001:00006514       eMVC.CastaliaPasLex.TmwBasePasLex.SetRunPos
 0001:00007408       eMVC.CastaliaPasLex.TmwBasePasLex.SlashProc
 0001:00007460       eMVC.CastaliaPasLex.TmwBasePasLex.SpaceProc
 0001:00007498       eMVC.CastaliaPasLex.TmwBasePasLex.SquareCloseProc
 0001:000074A8       eMVC.CastaliaPasLex.TmwBasePasLex.SquareOpenProc
 0001:000074B8       eMVC.CastaliaPasLex.TmwBasePasLex.StarProc
 0001:000086C0       eMVC.CastaliaPasLex.TmwBasePasLex.StringDQProc
 0001:000074C8       eMVC.CastaliaPasLex.TmwBasePasLex.StringProc
 0001:000075DC       eMVC.CastaliaPasLex.TmwBasePasLex.SymbolProc
 0001:000075EC       eMVC.CastaliaPasLex.TmwBasePasLex.UnknownProc
 0001:000082EC       eMVC.CastaliaPasLex.TmwPasLex.AheadNext
 0001:00008234       eMVC.CastaliaPasLex.TmwPasLex.Create
 0001:0000827C       eMVC.CastaliaPasLex.TmwPasLex.Destroy
 0001:000082F8       eMVC.CastaliaPasLex.TmwPasLex.GetAheadExID
 0001:00008308       eMVC.CastaliaPasLex.TmwPasLex.GetAheadGenID
 0001:00008318       eMVC.CastaliaPasLex.TmwPasLex.GetAheadToken
 0001:00008330       eMVC.CastaliaPasLex.TmwPasLex.GetAheadTokenID
 0001:000083AC       eMVC.CastaliaPasLex.TmwPasLex.GetStatus
 0001:00008340       eMVC.CastaliaPasLex.TmwPasLex.InitAhead
 0001:000082CC       eMVC.CastaliaPasLex.TmwPasLex.SetLine
 0001:000085B8       eMVC.CastaliaPasLex.TmwPasLex.SetOnCompDirect
 0001:000085CC       eMVC.CastaliaPasLex.TmwPasLex.SetOnDefineDirect
 0001:000085E0       eMVC.CastaliaPasLex.TmwPasLex.SetOnElseDirect
 0001:000085F4       eMVC.CastaliaPasLex.TmwPasLex.SetOnEndIfDirect
 0001:00008608       eMVC.CastaliaPasLex.TmwPasLex.SetOnIfDefDirect
 0001:0000861C       eMVC.CastaliaPasLex.TmwPasLex.SetOnIfNDefDirect
 0001:00008630       eMVC.CastaliaPasLex.TmwPasLex.SetOnIfOptDirect
 0001:00008644       eMVC.CastaliaPasLex.TmwPasLex.SetOnIncludeDirect
 0001:00008658       eMVC.CastaliaPasLex.TmwPasLex.SetOnResourceDirect
 0001:0000866C       eMVC.CastaliaPasLex.TmwPasLex.SetOnUnDefDirect
 0001:000082AC       eMVC.CastaliaPasLex.TmwPasLex.SetOrigin
 0001:000083F4       eMVC.CastaliaPasLex.TmwPasLex.SetStatus
 0004:00000130       eMVC.CastaliaPasLexTypes..1
 0004:00000030       eMVC.CastaliaPasLexTypes.CompTable
 0002:000000E0       eMVC.CastaliaPasLexTypes.eMVC.CastaliaPasLexTypes
 0001:00001FF4       eMVC.CastaliaPasLexTypes.Finalization
 0001:00001FC8       eMVC.CastaliaPasLexTypes.IsTokenIDJunk
 0001:00001FB0       eMVC.CastaliaPasLexTypes.ptTokenName
 0001:00001F58       eMVC.CastaliaPasLexTypes.TokenName
 0004:0000063C       eMVC.CastaliaSimplePasPar..3
 0001:00009DA0       eMVC.CastaliaSimplePasPar..ESyntaxError
 0001:00009FE0       eMVC.CastaliaSimplePasPar..TmwSimplePasPar
 0002:00000100       eMVC.CastaliaSimplePasPar.eMVC.CastaliaSimplePasPar
 0001:0000A90C       eMVC.CastaliaSimplePasPar.ESyntaxError.Create
 0001:0000A950       eMVC.CastaliaSimplePasPar.ESyntaxError.CreateFmt
 0001:0000A9A4       eMVC.CastaliaSimplePasPar.ESyntaxError.CreatePos
 0001:0001062C       eMVC.CastaliaSimplePasPar.Finalization
 0001:0000BC08       eMVC.CastaliaSimplePasPar.TmwSimplePasPar.AccessSpecifier
 0001:00010530       eMVC.CastaliaSimplePasPar.TmwSimplePasPar.AddDefine
 0001:0000D71C       eMVC.CastaliaSimplePasPar.TmwSimplePasPar.AdditiveOperator
 0001:00010488       eMVC.CastaliaSimplePasPar.TmwSimplePasPar.AncestorId
 0001:00010498       eMVC.CastaliaSimplePasPar.TmwSimplePasPar.AncestorIdList
 0001:000104C0       eMVC.CastaliaSimplePasPar.TmwSimplePasPar.AnonymousMethod
 0001:0001052C       eMVC.CastaliaSimplePasPar.TmwSimplePasPar.AnonymousMethodType
 0001:0000EFB8       eMVC.CastaliaSimplePasPar.TmwSimplePasPar.ArrayConstant
 0001:0000DD50       eMVC.CastaliaSimplePasPar.TmwSimplePasPar.ArrayType
 0001:0000CED4       eMVC.CastaliaSimplePasPar.TmwSimplePasPar.AsmStatement
 0001:0000BA20       eMVC.CastaliaSimplePasPar.TmwSimplePasPar.Block
 0001:0000CCC0       eMVC.CastaliaSimplePasPar.TmwSimplePasPar.CaseLabel
 0001:0000CC74       eMVC.CastaliaSimplePasPar.TmwSimplePasPar.CaseSelector
 0001:0000CBF0       eMVC.CastaliaSimplePasPar.TmwSimplePasPar.CaseStatement
 0001:0001014C       eMVC.CastaliaSimplePasPar.TmwSimplePasPar.CharString
 0001:000103CC       eMVC.CastaliaSimplePasPar.TmwSimplePasPar.ClassClass
 0001:0000E8F4       eMVC.CastaliaSimplePasPar.TmwSimplePasPar.ClassField
 0001:0000EFF8       eMVC.CastaliaSimplePasPar.TmwSimplePasPar.ClassForward
 0001:0000BF48       eMVC.CastaliaSimplePasPar.TmwSimplePasPar.ClassFunctionHeading
 0001:0000E694       eMVC.CastaliaSimplePasPar.TmwSimplePasPar.ClassHeritage
 0001:0000E780       eMVC.CastaliaSimplePasPar.TmwSimplePasPar.ClassMemberList
 0001:0000C264       eMVC.CastaliaSimplePasPar.TmwSimplePasPar.ClassMethodDirective
 0001:0000BE98       eMVC.CastaliaSimplePasPar.TmwSimplePasPar.ClassMethodHeading
 0001:0000E858       eMVC.CastaliaSimplePasPar.TmwSimplePasPar.ClassMethodOrProperty
 0001:0000C0F0       eMVC.CastaliaSimplePasPar.TmwSimplePasPar.ClassMethodResolution
 0001:0000C034       eMVC.CastaliaSimplePasPar.TmwSimplePasPar.ClassProcedureHeading
 0001:0000E894       eMVC.CastaliaSimplePasPar.TmwSimplePasPar.ClassProperty
 0001:0000EBD4       eMVC.CastaliaSimplePasPar.TmwSimplePasPar.ClassReferenceType
 0001:0000E5EC       eMVC.CastaliaSimplePasPar.TmwSimplePasPar.ClassType
 0001:0001040C       eMVC.CastaliaSimplePasPar.TmwSimplePasPar.ClassTypeEnd
 0001:0000E6B0       eMVC.CastaliaSimplePasPar.TmwSimplePasPar.ClassVisibility
 0001:0001057C       eMVC.CastaliaSimplePasPar.TmwSimplePasPar.ClearDefines
 0001:0000FE6C       eMVC.CastaliaSimplePasPar.TmwSimplePasPar.CompoundStatement
 0001:0000F79C       eMVC.CastaliaSimplePasPar.TmwSimplePasPar.ConstantColon
 0001:0000F70C       eMVC.CastaliaSimplePasPar.TmwSimplePasPar.ConstantDeclaration
 0001:0000F7C8       eMVC.CastaliaSimplePasPar.TmwSimplePasPar.ConstantEqual
 0001:0000F68C       eMVC.CastaliaSimplePasPar.TmwSimplePasPar.ConstantExpression
 0001:0000F800       eMVC.CastaliaSimplePasPar.TmwSimplePasPar.ConstantName
 0001:0000F808       eMVC.CastaliaSimplePasPar.TmwSimplePasPar.ConstantType
 0001:0000F7E0       eMVC.CastaliaSimplePasPar.TmwSimplePasPar.ConstantValue
 0001:0000F7F0       eMVC.CastaliaSimplePasPar.TmwSimplePasPar.ConstantValueTyped
 0001:0000C660       eMVC.CastaliaSimplePasPar.TmwSimplePasPar.ConstParameter
 0001:0000C150       eMVC.CastaliaSimplePasPar.TmwSimplePasPar.Constraint
 0001:0000C1AC       eMVC.CastaliaSimplePasPar.TmwSimplePasPar.ConstraintList
 0001:0000C1D4       eMVC.CastaliaSimplePasPar.TmwSimplePasPar.ConstructorHeading
 0001:0000C214       eMVC.CastaliaSimplePasPar.TmwSimplePasPar.ConstructorName
 0001:0000FCF4       eMVC.CastaliaSimplePasPar.TmwSimplePasPar.ConstSection
 0001:0000FEC8       eMVC.CastaliaSimplePasPar.TmwSimplePasPar.ContainsClause
 0001:0000FF3C       eMVC.CastaliaSimplePasPar.TmwSimplePasPar.ContainsExpression
 0001:0000FF34       eMVC.CastaliaSimplePasPar.TmwSimplePasPar.ContainsIdentifier
 0001:0000FF08       eMVC.CastaliaSimplePasPar.TmwSimplePasPar.ContainsStatement
 0001:0000AB34       eMVC.CastaliaSimplePasPar.TmwSimplePasPar.Create
 0001:0000BA84       eMVC.CastaliaSimplePasPar.TmwSimplePasPar.DeclarationSection
 0001:0000D56C       eMVC.CastaliaSimplePasPar.TmwSimplePasPar.Designator
 0001:0000AC78       eMVC.CastaliaSimplePasPar.TmwSimplePasPar.Destroy
 0001:0000C21C       eMVC.CastaliaSimplePasPar.TmwSimplePasPar.DestructorHeading
 0001:0000C25C       eMVC.CastaliaSimplePasPar.TmwSimplePasPar.DestructorName
 0001:0000C4C4       eMVC.CastaliaSimplePasPar.TmwSimplePasPar.Directive16Bit
 0001:0000C504       eMVC.CastaliaSimplePasPar.TmwSimplePasPar.DirectiveBinding
 0001:0000DA90       eMVC.CastaliaSimplePasPar.TmwSimplePasPar.DirectiveCalling
 0001:00010414       eMVC.CastaliaSimplePasPar.TmwSimplePasPar.DirectiveDeprecated
 0001:00010434       eMVC.CastaliaSimplePasPar.TmwSimplePasPar.DirectiveLibrary
 0001:00010478       eMVC.CastaliaSimplePasPar.TmwSimplePasPar.DirectiveLocal
 0001:0001043C       eMVC.CastaliaSimplePasPar.TmwSimplePasPar.DirectivePlatform
 0001:00010480       eMVC.CastaliaSimplePasPar.TmwSimplePasPar.DirectiveVarargs
 0001:000103DC       eMVC.CastaliaSimplePasPar.TmwSimplePasPar.DispIDSpecifier
 0001:0000F000       eMVC.CastaliaSimplePasPar.TmwSimplePasPar.DispInterfaceForward
 0001:0000D360       eMVC.CastaliaSimplePasPar.TmwSimplePasPar.EmptyStatement
 0001:000105DC       eMVC.CastaliaSimplePasPar.TmwSimplePasPar.EnterDefineBlock
 0001:0000DDB4       eMVC.CastaliaSimplePasPar.TmwSimplePasPar.EnumeratedType
 0001:00010444       eMVC.CastaliaSimplePasPar.TmwSimplePasPar.EnumeratedTypeItem
 0001:0000CD34       eMVC.CastaliaSimplePasPar.TmwSimplePasPar.ExceptBlock
 0001:0000CDB4       eMVC.CastaliaSimplePasPar.TmwSimplePasPar.ExceptionBlockElseBranch
 0001:0000CE28       eMVC.CastaliaSimplePasPar.TmwSimplePasPar.ExceptionClassTypeIdentifier
 0001:0000CD88       eMVC.CastaliaSimplePasPar.TmwSimplePasPar.ExceptionHandler
 0001:0000CD64       eMVC.CastaliaSimplePasPar.TmwSimplePasPar.ExceptionHandlerList
 0001:0000CDD8       eMVC.CastaliaSimplePasPar.TmwSimplePasPar.ExceptionIdentifier
 0001:0000CE38       eMVC.CastaliaSimplePasPar.TmwSimplePasPar.ExceptionVariable
 0001:0001060C       eMVC.CastaliaSimplePasPar.TmwSimplePasPar.ExitDefineBlock
 0001:0000ACBC       eMVC.CastaliaSimplePasPar.TmwSimplePasPar.Expected
 0001:0000ADC8       eMVC.CastaliaSimplePasPar.TmwSimplePasPar.ExpectedEx
 0001:0000AEFC       eMVC.CastaliaSimplePasPar.TmwSimplePasPar.ExpectedFatal
 0001:0000F1AC       eMVC.CastaliaSimplePasPar.TmwSimplePasPar.ExplicitType
 0001:0000FA48       eMVC.CastaliaSimplePasPar.TmwSimplePasPar.ExportedHeading
 0001:0000FE8C       eMVC.CastaliaSimplePasPar.TmwSimplePasPar.ExportsClause
 0001:0000FE14       eMVC.CastaliaSimplePasPar.TmwSimplePasPar.ExportsElement
 0001:0000D88C       eMVC.CastaliaSimplePasPar.TmwSimplePasPar.Expression
 0001:0000D504       eMVC.CastaliaSimplePasPar.TmwSimplePasPar.ExpressionList
 0001:0000CA70       eMVC.CastaliaSimplePasPar.TmwSimplePasPar.ExternalDirective
 0001:0000CAF4       eMVC.CastaliaSimplePasPar.TmwSimplePasPar.ExternalDirectiveThree
 0001:0000CAA8       eMVC.CastaliaSimplePasPar.TmwSimplePasPar.ExternalDirectiveTwo
 0001:0000D600       eMVC.CastaliaSimplePasPar.TmwSimplePasPar.Factor
 0001:0000DBF8       eMVC.CastaliaSimplePasPar.TmwSimplePasPar.FieldDeclaration
 0001:0000DC68       eMVC.CastaliaSimplePasPar.TmwSimplePasPar.FieldList
 0001:0000DCA0       eMVC.CastaliaSimplePasPar.TmwSimplePasPar.FieldName
 0001:0000DCA8       eMVC.CastaliaSimplePasPar.TmwSimplePasPar.FieldNameList
 0001:0000DD04       eMVC.CastaliaSimplePasPar.TmwSimplePasPar.FileType
 0001:0000C5BC       eMVC.CastaliaSimplePasPar.TmwSimplePasPar.FormalParameterList
 0001:0000C5FC       eMVC.CastaliaSimplePasPar.TmwSimplePasPar.FormalParameterSection
 0001:0000CB24       eMVC.CastaliaSimplePasPar.TmwSimplePasPar.ForStatement
 0001:0000AA00       eMVC.CastaliaSimplePasPar.TmwSimplePasPar.ForwardDeclaration
 0001:0000FB48       eMVC.CastaliaSimplePasPar.TmwSimplePasPar.FunctionHeading
 0001:0000C828       eMVC.CastaliaSimplePasPar.TmwSimplePasPar.FunctionMethodDeclaration
 0001:0000C02C       eMVC.CastaliaSimplePasPar.TmwSimplePasPar.FunctionMethodName
 0001:0000C958       eMVC.CastaliaSimplePasPar.TmwSimplePasPar.FunctionProcedureBlock
 0001:0000C948       eMVC.CastaliaSimplePasPar.TmwSimplePasPar.FunctionProcedureName
 0001:0000B5DC       eMVC.CastaliaSimplePasPar.TmwSimplePasPar.GetExID
 0001:0000B5F4       eMVC.CastaliaSimplePasPar.TmwSimplePasPar.GetGenID
 0001:0000B5E8       eMVC.CastaliaSimplePasPar.TmwSimplePasPar.GetTokenID
 0001:0000AFFC       eMVC.CastaliaSimplePasPar.TmwSimplePasPar.HandlePtCompDirect
 0001:0000B0DC       eMVC.CastaliaSimplePasPar.TmwSimplePasPar.HandlePtDefineDirect
 0001:0000B0E4       eMVC.CastaliaSimplePasPar.TmwSimplePasPar.HandlePtElseDirect
 0001:0000B0F8       eMVC.CastaliaSimplePasPar.TmwSimplePasPar.HandlePtElseIfDirect
 0001:0000B134       eMVC.CastaliaSimplePasPar.TmwSimplePasPar.HandlePtEndIfDirect
 0001:0000B148       eMVC.CastaliaSimplePasPar.TmwSimplePasPar.HandlePtIfDefDirect
 0001:0000B15C       eMVC.CastaliaSimplePasPar.TmwSimplePasPar.HandlePtIfDirect
 0001:0000B198       eMVC.CastaliaSimplePasPar.TmwSimplePasPar.HandlePtIfEndDirect
 0001:0000B1AC       eMVC.CastaliaSimplePasPar.TmwSimplePasPar.HandlePtIfNDefDirect
 0001:0000B1C0       eMVC.CastaliaSimplePasPar.TmwSimplePasPar.HandlePtIfOptDirect
 0001:0000B2A0       eMVC.CastaliaSimplePasPar.TmwSimplePasPar.HandlePtIncludeDirect
 0001:0000B380       eMVC.CastaliaSimplePasPar.TmwSimplePasPar.HandlePtResourceDirect
 0001:0000B460       eMVC.CastaliaSimplePasPar.TmwSimplePasPar.HandlePtUndefDirect
 0001:00010470       eMVC.CastaliaSimplePasPar.TmwSimplePasPar.Identifier
 0001:000100EC       eMVC.CastaliaSimplePasPar.TmwSimplePasPar.IdentifierList
 0001:0000CCEC       eMVC.CastaliaSimplePasPar.TmwSimplePasPar.IfStatement
 0001:00010004       eMVC.CastaliaSimplePasPar.TmwSimplePasPar.ImplementationSection
 0001:000101CC       eMVC.CastaliaSimplePasPar.TmwSimplePasPar.IncludeFile
 0001:000103F4       eMVC.CastaliaSimplePasPar.TmwSimplePasPar.IndexSpecifier
 0001:0000D364       eMVC.CastaliaSimplePasPar.TmwSimplePasPar.InheritedStatement
 0001:000105AC       eMVC.CastaliaSimplePasPar.TmwSimplePasPar.InitAhead
 0001:000105D4       eMVC.CastaliaSimplePasPar.TmwSimplePasPar.InitDefines
 0001:0000FF94       eMVC.CastaliaSimplePasPar.TmwSimplePasPar.InitializationSection
 0001:0000CE40       eMVC.CastaliaSimplePasPar.TmwSimplePasPar.InlineStatement
 0001:0000CE84       eMVC.CastaliaSimplePasPar.TmwSimplePasPar.InParameter
 0001:0000FD64       eMVC.CastaliaSimplePasPar.TmwSimplePasPar.InterfaceDeclaration
 0001:0000F008       eMVC.CastaliaSimplePasPar.TmwSimplePasPar.InterfaceForward
 0001:0000BBE8       eMVC.CastaliaSimplePasPar.TmwSimplePasPar.InterfaceGUID
 0001:0000BBCC       eMVC.CastaliaSimplePasPar.TmwSimplePasPar.InterfaceHeritage
 0001:0000E5C8       eMVC.CastaliaSimplePasPar.TmwSimplePasPar.InterfaceMemberList
 0001:00010064       eMVC.CastaliaSimplePasPar.TmwSimplePasPar.InterfaceSection
 0001:0000E508       eMVC.CastaliaSimplePasPar.TmwSimplePasPar.InterfaceType
 0001:00010564       eMVC.CastaliaSimplePasPar.TmwSimplePasPar.IsDefined
 0001:0000F8B4       eMVC.CastaliaSimplePasPar.TmwSimplePasPar.LabelDeclarationSection
 0001:0000D388       eMVC.CastaliaSimplePasPar.TmwSimplePasPar.LabeledStatement
 0001:0000F814       eMVC.CastaliaSimplePasPar.TmwSimplePasPar.LabelId
 0001:0000B7A4       eMVC.CastaliaSimplePasPar.TmwSimplePasPar.LibraryFile
 0001:0000B9B8       eMVC.CastaliaSimplePasPar.TmwSimplePasPar.MainUsedUnitExpression
 0001:0000B9AC       eMVC.CastaliaSimplePasPar.TmwSimplePasPar.MainUsedUnitName
 0001:0000B980       eMVC.CastaliaSimplePasPar.TmwSimplePasPar.MainUsedUnitStatement
 0001:0000B944       eMVC.CastaliaSimplePasPar.TmwSimplePasPar.MainUsesClause
 0001:0000D578       eMVC.CastaliaSimplePasPar.TmwSimplePasPar.MultiplicativeOperator
 0001:0000C7A8       eMVC.CastaliaSimplePasPar.TmwSimplePasPar.NewFormalParameterType
 0001:0000B468       eMVC.CastaliaSimplePasPar.TmwSimplePasPar.NextToken
 0001:0000D4C0       eMVC.CastaliaSimplePasPar.TmwSimplePasPar.Number
 0001:0000C3CC       eMVC.CastaliaSimplePasPar.TmwSimplePasPar.ObjectConstructorHeading
 0001:0000C414       eMVC.CastaliaSimplePasPar.TmwSimplePasPar.ObjectDestructorHeading
 0001:0000EB64       eMVC.CastaliaSimplePasPar.TmwSimplePasPar.ObjectField
 0001:0000F010       eMVC.CastaliaSimplePasPar.TmwSimplePasPar.ObjectForward
 0001:0000C328       eMVC.CastaliaSimplePasPar.TmwSimplePasPar.ObjectFunctionHeading
 0001:0000EA0C       eMVC.CastaliaSimplePasPar.TmwSimplePasPar.ObjectHeritage
 0001:0000EA28       eMVC.CastaliaSimplePasPar.TmwSimplePasPar.ObjectMemberList
 0001:0000C45C       eMVC.CastaliaSimplePasPar.TmwSimplePasPar.ObjectMethodDirective
 0001:0000C2CC       eMVC.CastaliaSimplePasPar.TmwSimplePasPar.ObjectMethodHeading
 0001:0000C950       eMVC.CastaliaSimplePasPar.TmwSimplePasPar.ObjectNameOfMethod
 0001:0000C384       eMVC.CastaliaSimplePasPar.TmwSimplePasPar.ObjectProcedureHeading
 0001:0000AA14       eMVC.CastaliaSimplePasPar.TmwSimplePasPar.ObjectProperty
 0001:0000AA6C       eMVC.CastaliaSimplePasPar.TmwSimplePasPar.ObjectPropertySpecifiers
 0001:0000E964       eMVC.CastaliaSimplePasPar.TmwSimplePasPar.ObjectType
 0001:00010410       eMVC.CastaliaSimplePasPar.TmwSimplePasPar.ObjectTypeEnd
 0001:0000EAFC       eMVC.CastaliaSimplePasPar.TmwSimplePasPar.ObjectVisibility
 0001:0000C7F4       eMVC.CastaliaSimplePasPar.TmwSimplePasPar.OldFormalParameterType
 0001:0000DEE8       eMVC.CastaliaSimplePasPar.TmwSimplePasPar.OrdinalIdentifier
 0001:0000E04C       eMVC.CastaliaSimplePasPar.TmwSimplePasPar.OrdinalType
 0001:0000C6E4       eMVC.CastaliaSimplePasPar.TmwSimplePasPar.OutParameter
 0001:0000B7D4       eMVC.CastaliaSimplePasPar.TmwSimplePasPar.PackageFile
 0001:0000C718       eMVC.CastaliaSimplePasPar.TmwSimplePasPar.ParameterFormal
 0001:0000C7A0       eMVC.CastaliaSimplePasPar.TmwSimplePasPar.ParameterName
 0001:0000C770       eMVC.CastaliaSimplePasPar.TmwSimplePasPar.ParameterNameList
 0001:0000B6D0       eMVC.CastaliaSimplePasPar.TmwSimplePasPar.ParseFile
 0001:0000EDEC       eMVC.CastaliaSimplePasPar.TmwSimplePasPar.PointerType
 0001:0000F8F0       eMVC.CastaliaSimplePasPar.TmwSimplePasPar.ProceduralDirective
 0001:0000EC28       eMVC.CastaliaSimplePasPar.TmwSimplePasPar.ProceduralType
 0001:0000F848       eMVC.CastaliaSimplePasPar.TmwSimplePasPar.ProcedureDeclarationSection
 0001:0000FB88       eMVC.CastaliaSimplePasPar.TmwSimplePasPar.ProcedureHeading
 0001:0000C8B4       eMVC.CastaliaSimplePasPar.TmwSimplePasPar.ProcedureMethodDeclaration
 0001:0000C0E8       eMVC.CastaliaSimplePasPar.TmwSimplePasPar.ProcedureMethodName
 0001:0000B920       eMVC.CastaliaSimplePasPar.TmwSimplePasPar.ProgramBlock
 0001:0000B82C       eMVC.CastaliaSimplePasPar.TmwSimplePasPar.ProgramFile
 0001:000103D4       eMVC.CastaliaSimplePasPar.TmwSimplePasPar.PropertyDefault
 0001:0000BE6C       eMVC.CastaliaSimplePasPar.TmwSimplePasPar.PropertyInterface
 0001:0000E8EC       eMVC.CastaliaSimplePasPar.TmwSimplePasPar.PropertyName
 0001:0000BDD4       eMVC.CastaliaSimplePasPar.TmwSimplePasPar.PropertyParameterConst
 0001:0000BD48       eMVC.CastaliaSimplePasPar.TmwSimplePasPar.PropertyParameterList
 0001:0000BDDC       eMVC.CastaliaSimplePasPar.TmwSimplePasPar.PropertySpecifiers
 0001:0000D424       eMVC.CastaliaSimplePasPar.TmwSimplePasPar.QualifiedIdentifier
 0001:0001011C       eMVC.CastaliaSimplePasPar.TmwSimplePasPar.QualifiedIdentifierList
 0001:0000CF9C       eMVC.CastaliaSimplePasPar.TmwSimplePasPar.RaiseStatement
 0001:0000BC6C       eMVC.CastaliaSimplePasPar.TmwSimplePasPar.ReadAccessIdentifier
 0001:0000DE20       eMVC.CastaliaSimplePasPar.TmwSimplePasPar.RealIdentifier
 0001:0000DEA4       eMVC.CastaliaSimplePasPar.TmwSimplePasPar.RealType
 0001:0000EF70       eMVC.CastaliaSimplePasPar.TmwSimplePasPar.RecordConstant
 0001:0000EF50       eMVC.CastaliaSimplePasPar.TmwSimplePasPar.RecordFieldConstant
 0001:0000DCD8       eMVC.CastaliaSimplePasPar.TmwSimplePasPar.RecordType
 0001:0000DAFC       eMVC.CastaliaSimplePasPar.TmwSimplePasPar.RecordVariant
 0001:0000D7B4       eMVC.CastaliaSimplePasPar.TmwSimplePasPar.RelativeOperator
 0001:00010540       eMVC.CastaliaSimplePasPar.TmwSimplePasPar.RemoveDefine
 0001:0000CBC4       eMVC.CastaliaSimplePasPar.TmwSimplePasPar.RepeatStatement
 0001:0000FF4C       eMVC.CastaliaSimplePasPar.TmwSimplePasPar.RequiresClause
 0001:0000FF8C       eMVC.CastaliaSimplePasPar.TmwSimplePasPar.RequiresIdentifier
 0001:0000C148       eMVC.CastaliaSimplePasPar.TmwSimplePasPar.ResolutionInterfaceName
 0001:0000F69C       eMVC.CastaliaSimplePasPar.TmwSimplePasPar.ResourceDeclaration
 0001:0000C588       eMVC.CastaliaSimplePasPar.TmwSimplePasPar.ReturnType
 0001:0000C5B0       eMVC.CastaliaSimplePasPar.TmwSimplePasPar.ReturnTypeEnd
 0001:0000C5B4       eMVC.CastaliaSimplePasPar.TmwSimplePasPar.ReturnTypeLower
 0001:0000AAC8       eMVC.CastaliaSimplePasPar.TmwSimplePasPar.Run
 0001:0000B5A0       eMVC.CastaliaSimplePasPar.TmwSimplePasPar.SEMICOLON
 0001:0000D480       eMVC.CastaliaSimplePasPar.TmwSimplePasPar.SetConstructor
 0001:0000D3F8       eMVC.CastaliaSimplePasPar.TmwSimplePasPar.SetElement
 0001:0000DD30       eMVC.CastaliaSimplePasPar.TmwSimplePasPar.SetType
 0001:0000D850       eMVC.CastaliaSimplePasPar.TmwSimplePasPar.SimpleExpression
 0001:0000D10C       eMVC.CastaliaSimplePasPar.TmwSimplePasPar.SimpleStatement
 0001:0000EE70       eMVC.CastaliaSimplePasPar.TmwSimplePasPar.SimpleType
 0001:0000B520       eMVC.CastaliaSimplePasPar.TmwSimplePasPar.SkipAnsiComment
 0001:0000B544       eMVC.CastaliaSimplePasPar.TmwSimplePasPar.SkipBorComment
 0001:000103A8       eMVC.CastaliaSimplePasPar.TmwSimplePasPar.SkipCRLF
 0001:00010384       eMVC.CastaliaSimplePasPar.TmwSimplePasPar.SkipCRLFco
 0001:0000B474       eMVC.CastaliaSimplePasPar.TmwSimplePasPar.SkipJunk
 0001:0000B568       eMVC.CastaliaSimplePasPar.TmwSimplePasPar.SkipSlashesComment
 0001:00010360       eMVC.CastaliaSimplePasPar.TmwSimplePasPar.SkipSpace
 0001:0000D18C       eMVC.CastaliaSimplePasPar.TmwSimplePasPar.Statement
 0001:0000D0C0       eMVC.CastaliaSimplePasPar.TmwSimplePasPar.StatementList
 0001:0000BCD4       eMVC.CastaliaSimplePasPar.TmwSimplePasPar.StorageDefault
 0001:0000BD30       eMVC.CastaliaSimplePasPar.TmwSimplePasPar.StorageExpression
 0001:0000BD40       eMVC.CastaliaSimplePasPar.TmwSimplePasPar.StorageIdentifier
 0001:0000BCEC       eMVC.CastaliaSimplePasPar.TmwSimplePasPar.StorageNoDefault
 0001:0000BC8C       eMVC.CastaliaSimplePasPar.TmwSimplePasPar.StorageSpecifier
 0001:0000BCF4       eMVC.CastaliaSimplePasPar.TmwSimplePasPar.StorageStored
 0001:0000ED60       eMVC.CastaliaSimplePasPar.TmwSimplePasPar.StringIdentifier
 0001:0000D3E0       eMVC.CastaliaSimplePasPar.TmwSimplePasPar.StringStatement
 0001:0000EDA4       eMVC.CastaliaSimplePasPar.TmwSimplePasPar.StringType
 0001:0000EE04       eMVC.CastaliaSimplePasPar.TmwSimplePasPar.StructuredType
 0001:0000DDF4       eMVC.CastaliaSimplePasPar.TmwSimplePasPar.SubrangeType
 0001:0000B604       eMVC.CastaliaSimplePasPar.TmwSimplePasPar.SynError
 0001:0000DBB0       eMVC.CastaliaSimplePasPar.TmwSimplePasPar.TagField
 0001:0000DBE0       eMVC.CastaliaSimplePasPar.TmwSimplePasPar.TagFieldName
 0001:0000DBE8       eMVC.CastaliaSimplePasPar.TmwSimplePasPar.TagFieldTypeName
 0001:0000D750       eMVC.CastaliaSimplePasPar.TmwSimplePasPar.Term
 0001:0000B570       eMVC.CastaliaSimplePasPar.TmwSimplePasPar.TerminateStream
 0001:0000CFF8       eMVC.CastaliaSimplePasPar.TmwSimplePasPar.TryStatement
 0001:0000F2EC       eMVC.CastaliaSimplePasPar.TmwSimplePasPar.TypeArgs
 0001:0000F32C       eMVC.CastaliaSimplePasPar.TmwSimplePasPar.TypedConstant
 0001:0000F018       eMVC.CastaliaSimplePasPar.TmwSimplePasPar.TypeDeclaration
 0001:0000F52C       eMVC.CastaliaSimplePasPar.TmwSimplePasPar.TypeId
 0001:0000F1B4       eMVC.CastaliaSimplePasPar.TmwSimplePasPar.TypeKind
 0001:0000F188       eMVC.CastaliaSimplePasPar.TmwSimplePasPar.TypeName
 0001:0000FC48       eMVC.CastaliaSimplePasPar.TmwSimplePasPar.TypeParamDecl
 0001:0000FC74       eMVC.CastaliaSimplePasPar.TmwSimplePasPar.TypeParamDeclList
 0001:0000FCA4       eMVC.CastaliaSimplePasPar.TmwSimplePasPar.TypeParamList
 0001:0000FCD4       eMVC.CastaliaSimplePasPar.TmwSimplePasPar.TypeParams
 0001:0000FC08       eMVC.CastaliaSimplePasPar.TmwSimplePasPar.TypeSection
 0001:0000B888       eMVC.CastaliaSimplePasPar.TmwSimplePasPar.UnitFile
 0001:0000BB98       eMVC.CastaliaSimplePasPar.TmwSimplePasPar.UnitId
 0001:0000BBA0       eMVC.CastaliaSimplePasPar.TmwSimplePasPar.UnitName
 0001:0000BA18       eMVC.CastaliaSimplePasPar.TmwSimplePasPar.UsedUnitName
 0001:0000B9E8       eMVC.CastaliaSimplePasPar.TmwSimplePasPar.UsedUnitsList
 0001:0000B9C8       eMVC.CastaliaSimplePasPar.TmwSimplePasPar.UsesClause
 0001:0000DA28       eMVC.CastaliaSimplePasPar.TmwSimplePasPar.VarAbsolute
 0001:0000D948       eMVC.CastaliaSimplePasPar.TmwSimplePasPar.VarDeclaration
 0001:0000DA40       eMVC.CastaliaSimplePasPar.TmwSimplePasPar.VarEqual
 0001:0000E160       eMVC.CastaliaSimplePasPar.TmwSimplePasPar.Variable
 0001:0000D090       eMVC.CastaliaSimplePasPar.TmwSimplePasPar.VariableList
 0001:0000E0F4       eMVC.CastaliaSimplePasPar.TmwSimplePasPar.VariableReference
 0001:0000E208       eMVC.CastaliaSimplePasPar.TmwSimplePasPar.VariableTwo
 0001:0000EBF4       eMVC.CastaliaSimplePasPar.TmwSimplePasPar.VariantIdentifier
 0001:0000DB58       eMVC.CastaliaSimplePasPar.TmwSimplePasPar.VariantSection
 0001:0000DA88       eMVC.CastaliaSimplePasPar.TmwSimplePasPar.VarName
 0001:0000DA58       eMVC.CastaliaSimplePasPar.TmwSimplePasPar.VarNameList
 0001:0000C6B0       eMVC.CastaliaSimplePasPar.TmwSimplePasPar.VarParameter
 0001:0000FBB4       eMVC.CastaliaSimplePasPar.TmwSimplePasPar.VarSection
 0001:0000E754       eMVC.CastaliaSimplePasPar.TmwSimplePasPar.VisibilityAutomated
 0001:0000E75C       eMVC.CastaliaSimplePasPar.TmwSimplePasPar.VisibilityPrivate
 0001:0000E764       eMVC.CastaliaSimplePasPar.TmwSimplePasPar.VisibilityProtected
 0001:0000E76C       eMVC.CastaliaSimplePasPar.TmwSimplePasPar.VisibilityPublic
 0001:0000E774       eMVC.CastaliaSimplePasPar.TmwSimplePasPar.VisibilityPublished
 0001:0000E77C       eMVC.CastaliaSimplePasPar.TmwSimplePasPar.VisibilityUnknown
 0001:0000CB98       eMVC.CastaliaSimplePasPar.TmwSimplePasPar.WhileStatement
 0001:0000D064       eMVC.CastaliaSimplePasPar.TmwSimplePasPar.WithStatement
 0001:0000BC7C       eMVC.CastaliaSimplePasPar.TmwSimplePasPar.WriteAccessIdentifier
 0004:00000638       eMVC.CastaliaSimplePasParTypes..1
 0002:000000F8       eMVC.CastaliaSimplePasParTypes.eMVC.CastaliaSimplePasParTypes
 0001:00009D88       eMVC.CastaliaSimplePasParTypes.Finalization
 0001:00009D70       eMVC.CastaliaSimplePasParTypes.ParserErrorName
 0004:00000708       eMVC.ClassModelCreator..2
 0001:0005BE20       eMVC.ClassModelCreator..TClassModelCreator
 0001:0005C568       eMVC.ClassModelCreator..TClassModelCreator.NewImplSource$3$ActRec
 0002:000005EC       eMVC.ClassModelCreator.eMVC.ClassModelCreator
 0001:00066AF4       eMVC.ClassModelCreator.Finalization
 0001:0005C124       eMVC.ClassModelCreator.TClassModelCreator.Create
 0001:0005C268       eMVC.ClassModelCreator.TClassModelCreator.GetImplFileName
 0001:0005C1C8       eMVC.ClassModelCreator.TClassModelCreator.ModelBase
 0001:000668BC       eMVC.ClassModelCreator.TClassModelCreator.NewImplSource
 0001:0005C660       eMVC.ClassModelCreator.TClassModelCreator.NewImplSource$3$ActRec.$0$Body
 0001:0005EA1C       eMVC.ClassModelCreator.TClassModelCreator.NewImplSource$3$ActRec.$1$Body
 0001:00066AE8       eMVC.ClassModelCreator.TClassModelCreator.SetisController
 0001:00066AEC       eMVC.ClassModelCreator.TClassModelCreator.SetisInterf
 0001:00066AF0       eMVC.ClassModelCreator.TClassModelCreator.SetisViewModel
 0004:000006D8       eMVC.ClassModelForm..2
 0001:00051A14       eMVC.ClassModelForm..TFormClassModel
 0002:000005AC       eMVC.ClassModelForm.eMVC.ClassModelForm
 0001:00054958       eMVC.ClassModelForm.Finalization
 0004:000006D4       eMVC.ClassModelForm.FormGeradorClassModel
 0001:00052E98       eMVC.ClassModelForm.GetFunc
 0001:00052CFC       eMVC.ClassModelForm.GetProc
 0001:00054950       eMVC.ClassModelForm.TFormClassModel.BitBtn3Click
 0001:000526BC       eMVC.ClassModelForm.TFormClassModel.BitBtn4Click
 0001:00053B94       eMVC.ClassModelForm.TFormClassModel.btnBackClick
 0001:00053BA0       eMVC.ClassModelForm.TFormClassModel.btnOKClick
 0001:00054640       eMVC.ClassModelForm.TFormClassModel.cbClassNameChange
 0001:00054698       eMVC.ClassModelForm.TFormClassModel.cbCreateDirClick
 0001:00054728       eMVC.ClassModelForm.TFormClassModel.cbTodosProcsClick
 0001:00054704       eMVC.ClassModelForm.TFormClassModel.CheckBox1Click
 0001:0005474C       eMVC.ClassModelForm.TFormClassModel.edModelNameExit
 0001:00054754       eMVC.ClassModelForm.TFormClassModel.edUnitButtonClick
 0001:00054818       eMVC.ClassModelForm.TFormClassModel.edUnitExit
 0001:00054874       eMVC.ClassModelForm.TFormClassModel.ExtractClassBase
 0001:000548F4       eMVC.ClassModelForm.TFormClassModel.ExtractClassName
 0001:00052BC8       eMVC.ClassModelForm.TFormClassModel.FindInterface
 0001:00053930       eMVC.ClassModelForm.TFormClassModel.FormCloseQuery
 0001:00052774       eMVC.ClassModelForm.TFormClassModel.FormCreate
 0001:00052AFC       eMVC.ClassModelForm.TFormClassModel.FormDestroy
 0001:00052B18       eMVC.ClassModelForm.TFormClassModel.FormShow
 0001:00053034       eMVC.ClassModelForm.TFormClassModel.GerarCodigos
 0001:00053790       eMVC.ClassModelForm.TFormClassModel.GerarParametros
 0001:00053D1C       eMVC.ClassModelForm.TFormClassModel.GetClassImplements
 0001:00053BDC       eMVC.ClassModelForm.TFormClassModel.GetClassImplementsParams
 0001:00053E78       eMVC.ClassModelForm.TFormClassModel.GetClassType
 0001:000534C0       eMVC.ClassModelForm.TFormClassModel.GetCodigos
 0001:000534DC       eMVC.ClassModelForm.TFormClassModel.GetInterf
 0001:000546D4       eMVC.ClassModelForm.TFormClassModel.MarkCheckList
 0001:00054010       eMVC.ClassModelForm.TFormClassModel.ParseUnit
 0001:000541C8       eMVC.ClassModelForm.TFormClassModel.PreencherOsMethods
 0001:00053970       eMVC.ClassModelForm.TFormClassModel.proximaPagina
 0001:00053B20       eMVC.ClassModelForm.TFormClassModel.SetClassesList
 0001:000527AC       eMVC.ClassModelForm.TFormClassModel.Translate
 0004:0000070C       eMVC.ClassModelWizard..2
 0001:00066C1C       eMVC.ClassModelWizard..TClassModelWizard
 0001:000675C4       eMVC.ClassModelWizard..TClassModelWizard.Execute$2$ActRec
 0001:00067718       eMVC.ClassModelWizard..TClassModelWizard.Execute$2$ActRec.$7$Body$10$ActRec
 0001:00067B28       eMVC.ClassModelWizard.CriarController
 0001:0006807C       eMVC.ClassModelWizard.CriarModel
 0001:000685B4       eMVC.ClassModelWizard.CriarViewModel
 0002:000005F4       eMVC.ClassModelWizard.eMVC.ClassModelWizard
 0001:00067A6C       eMVC.ClassModelWizard.ExtractNameBased
 0001:00069170       eMVC.ClassModelWizard.Finalization
 0001:000678A4       eMVC.ClassModelWizard.GetNewPath
 0001:00067858       eMVC.ClassModelWizard.getProjectName
 0001:00067998       eMVC.ClassModelWizard.GetUnitCorrente
 0001:00069154       eMVC.ClassModelWizard.Register
 0001:00068C00       eMVC.ClassModelWizard.TClassModelWizard.Execute
 0001:00068B44       eMVC.ClassModelWizard.TClassModelWizard.Execute$2$ActRec.$7$Body
[...]

Line numbers for eMVC.ViewModelWizard(eMVC.ViewModelWizard.pas) segment .text

    97 0001:0006ADDC    98 0001:0006ADF2    99 0001:0006AE04   104 0001:0006AE28
   105 0001:0006AE50   106 0001:0006AE59   109 0001:0006AE68   110 0001:0006AE75
   111 0001:0006AE98   112 0001:0006AEA4   114 0001:0006AEBA   115 0001:0006AEC7
   116 0001:0006AECE   118 0001:0006AF18   119 0001:0006AF38   121 0001:0006AF40
   123 0001:0006AF46   124 0001:0006AF50   126 0001:0006AF55   128 0001:0006AF60
   130 0001:0006AF78   132 0001:0006AF88   134 0001:0006AF99   136 0001:0006AFC0
   138 0001:0006AFCF   142 0001:0006AFFC   143 0001:0006B00D   145 0001:0006B01F
   146 0001:0006B02F   148 0001:0006B04B   149 0001:0006B066   150 0001:0006B074
   153 0001:0006B07C   155 0001:0006B094   158 0001:0006B112   159 0001:0006B124
   160 0001:0006B12D   161 0001:0006B136   162 0001:0006B159   164 0001:0006B182
   167 0001:0006B200   169 0001:0006B212   170 0001:0006B21B   172 0001:0006B228
   173 0001:0006B231   174 0001:0006B254   176 0001:0006B25D   177 0001:0006B267
   180 0001:0006B27B   182 0001:0006B28D   184 0001:0006B296   187 0001:0006B2A1
   189 0001:0006B2AA   191 0001:0006B2D3   193 0001:0006B2ED   194 0001:0006B31B
   196 0001:0006B32D   197 0001:0006B336   199 0001:0006B343   200 0001:0006B366
   203 0001:0006B38F   205 0001:0006B3A9   206 0001:0006B3D2   207 0001:0006B3E4
   208 0001:0006B3ED   209 0001:0006B41B   211 0001:0006B44D   212 0001:0006B47C
   214 0001:0006B48E   215 0001:0006B497   217 0001:0006B4A4   218 0001:0006B4D2
   219 0001:0006B4DB   222 0001:0006B50D   224 0001:0006B51A   226 0001:0006B549
   227 0001:0006B552   229 0001:0006B564   230 0001:0006B56D   232 0001:0006B57A
   234 0001:0006B5A8   236 0001:0006B5DA   238 0001:0006B609   239 0001:0006B612
   241 0001:0006B624   242 0001:0006B62D   244 0001:0006B63A   246 0001:0006B668
   247 0001:0006B671   252 0001:0006B6A3   254 0001:0006B6AA   257 0001:0006BB90
   261 0001:0006BB93   262 0001:0006BB9F   265 0001:0006BBBC   269 0001:0006BBBF
   270 0001:0006BBCB   275 0001:0006BC34   276 0001:0006BC44   279 0001:0006BC54
   283 0001:0006BC57   284 0001:0006BC63   287 0001:0006BC9C   292 0001:0006BC9F
   293 0001:0006BCAB   296 0001:0006BCCC   297 0001:0006BCCF   298 0001:0006BCDB
   305 0001:0006BCF8   306 0001:0006BCFF   310 0001:0006BD04   311 0001:0006BD1C

Line numbers for eMVC.ViewModelWizard(eMVC.ViewModelWizard.pas) segment .itext

   313 0002:0000060C

Line numbers for eMVC.DatasetModel.Interf(eMVC.DatasetModel.Interf.pas) segment .itext

     7 0002:00000614

Line numbers for eMVC.DatasetModel(eMVC.DatasetModel.pas) segment .text

    52 0001:0006BE84    53 0001:0006BEA2    54 0001:0006BECD    55 0001:0006BED3
    56 0001:0006BEFE    58 0001:0006BF15    70 0001:0006C234    71 0001:0006C237
    72 0001:0006C243    76 0001:0006C8BC    77 0001:0006C8BF    78 0001:0006C8CB
    64 0001:0006CEC0    66 0001:0006CF00    67 0001:0006CF0A    68 0001:0006CF10
    74 0001:0006CF2F    80 0001:0006CF4C    81 0001:0006CF57    83 0001:0006CF7E
    84 0001:0006CF8F

Line numbers for eMVC.DatasetModel(eMVC.DatasetModel.pas) segment .itext

    86 0002:0000061C

Line numbers for eMVC.Patterns(eMVC.Patterns.pas) segment .text

   191 0001:0006E160   192 0001:0006E197   193 0001:0006E19D   194 0001:0006E1A8
   195 0001:0006E1AE   196 0001:0006E1B4   197 0001:0006E1BF   198 0001:0006E1C6
   199 0001:0006E1CA   200 0001:0006E1CF   205 0001:0006E214   206 0001:0006E228
   208 0001:0006E231   209 0001:0006E23F   210 0001:0006E249   211 0001:0006E24E
   212 0001:0006E257   214 0001:0006E271   216 0001:0006E276   217 0001:0006E27E
   219 0001:0006E288   220 0001:0006E293   219 0001:0006E2A8   221 0001:0006E2AB
   222 0001:0006E2B6   224 0001:0006E2C1   225 0001:0006E2D0   228 0001:0006E2E8
   229 0001:0006E308   230 0001:0006E318   233 0001:0006E33C   234 0001:0006E342
   235 0001:0006E34C   239 0001:0006E350   240 0001:0006E353   244 0001:0006E354
   245 0001:0006E357   248 0001:0006E358   249 0001:0006E35E   250 0001:0006E368
   254 0001:0006E36C   255 0001:0006E370   259 0001:0006E374   260 0001:0006E377
   263 0001:0006E378   264 0001:0006E37E   265 0001:0006E384   266 0001:0006E393
   267 0001:0006E39D   272 0001:0006E3A0   273 0001:0006E3A8   274 0001:0006E3B6
   275 0001:0006E3C4   273 0001:0006E3CF   276 0001:0006E3D2   280 0001:0006E3D8
   281 0001:0006E3DF   283 0001:0006E3E3   284 0001:0006E3E6   288 0001:0006E3E8
   289 0001:0006E3EC   292 0001:0006E3F0   293 0001:0006E3F7   294 0001:0006E407
   296 0001:0006E412   298 0001:0006E414   303 0001:0006E418   304 0001:0006E41D
   306 0001:0006E424   307 0001:0006E42F   306 0001:0006E43E   309 0001:0006E441
   339 0001:0006E448   340 0001:0006E45A   341 0001:0006E463   344 0001:0006E480
   345 0001:0006E48B   346 0001:0006E490   347 0001:0006E495   348 0001:0006E4A0
   355 0001:0006E4B0   358 0001:0006E4B4   360 0001:0006E4C5   363 0001:0006E4DC
   365 0001:0006E4ED   368 0001:0006E504   370 0001:0006E515   373 0001:0006E52C
   375 0001:0006E53D   379 0001:0006E554   380 0001:0006E557   384 0001:0006E558
   385 0001:0006E55B   389 0001:0006E55C   390 0001:0006E568   394 0001:0006E56C
   395 0001:0006E56F   399 0001:0006E570   400 0001:0006E573   404 0001:0006E574
   405 0001:0006E577   408 0001:0006E578   409 0001:0006E5A5   410 0001:0006E5CB
   413 0001:0006E5F4   415 0001:0006E617   416 0001:0006E63A   419 0001:0006E65C
   421 0001:0006E67F   422 0001:0006E6A2   425 0001:0006E6C4   426 0001:0006E6E4
   427 0001:0006E708   431 0001:0006E72C   432 0001:0006E751   435 0001:0006E75B
   437 0001:0006E767   440 0001:0006E782   443 0001:0006E78E   444 0001:0006E79B
   449 0001:0006E7A0   450 0001:0006E7AB   451 0001:0006E7D0   452 0001:0006E7F1
   454 0001:0006E812   455 0001:0006E819   458 0001:0006E825   461 0001:0006E831
   462 0001:0006E839   464 0001:0006E83D   468 0001:0006E844   472 0001:0006E870
   473 0001:0006E873   478 0001:0006E874   479 0001:0006E887   480 0001:0006E896
   481 0001:0006E8A7   482 0001:0006E8B0   483 0001:0006E8B5   484 0001:0006E8C9
   485 0001:0006E8CE   486 0001:0006E8D5   487 0001:0006E8DE   492 0001:0006E940
   493 0001:0006E945   495 0001:0006E957   496 0001:0006E963   493 0001:0006E964
   497 0001:0006E967   498 0001:0006E96F   501 0001:0006E974   502 0001:0006E97F
   503 0001:0006E986   504 0001:0006E98E   505 0001:0006E996   506 0001:0006E9A1
   512 0001:0006E9B0   515 0001:0006E9B4   516 0001:0006E9BA   517 0001:0006E9C6
   518 0001:0006E9CA   520 0001:0006E9F2   521 0001:0006E9FD   522 0001:0006EA09
   526 0001:0006EA50   527 0001:0006EA5F   530 0001:0006EA60   531 0001:0006EA66
   534 0001:0006EA7A   536 0001:0006EA8B   537 0001:0006EA8E   540 0001:0006EA98
   542 0001:0006EAA3   546 0001:0006EAB3   550 0001:0006EABD   551 0001:0006EAC7
   552 0001:0006EACA   555 0001:0006EAD0   556 0001:0006EAED   557 0001:0006EAFF
   560 0001:0006EB20   561 0001:0006EB3D   562 0001:0006EB4F   565 0001:0006EB70
   566 0001:0006EB73   567 0001:0006EB80   573 0001:0006EB84   574 0001:0006EB96
   575 0001:0006EB9F   576 0001:0006EBAE   577 0001:0006EBB3   580 0001:0006EBD0
   581 0001:0006EBDB   582 0001:0006EBE3   583 0001:0006EBEE   587 0001:0006EBFC
   588 0001:0006EBFF   591 0001:0006EC00   592 0001:0006EC20   593 0001:0006EC26
   594 0001:0006EC35   595 0001:0006EC40   601 0001:0006EC64   602 0001:0006EC85
   604 0001:0006EC8B   606 0001:0006EC91   608 0001:0006EC9B   610 0001:0006ECA9
   611 0001:0006ECBD   612 0001:0006ECC8   608 0001:0006ECC9   613 0001:0006ECCC
   621 0001:0006ECF0   622 0001:0006ECF8   625 0001:0006ED02

Line numbers for eMVC.Patterns(eMVC.Patterns.pas) segment .itext

   615 0002:00000624   617 0002:0000062D   620 0002:0000063E

Line numbers for eMVC.shadow(eMVC.shadow.pas) segment .text

    49 0001:0006ED04    50 0001:0006ED0E    51 0001:0006ED1B    53 0001:0006ED33
    54 0001:0006ED3F    55 0001:0006ED50    56 0001:0006ED61    58 0001:0006ED72
    59 0001:0006ED78    60 0001:0006ED7A    61 0001:0006ED7C    62 0001:0006ED7D
    63 0001:0006ED83    64 0001:0006ED89    65 0001:0006ED8F    66 0001:0006ED95
    68 0001:0006ED96

Line numbers for eMVC.shadow(eMVC.shadow.pas) segment .itext

   110 0002:00000640

Line numbers for eMVC.FacadeModelForm(eMVC.FacadeModelForm.pas) segment .text

    55 0001:0006F41C    56 0001:0006F432    58 0001:0006F43F    59 0001:0006F446
    60 0001:0006F44D    62 0001:0006F473    64 0001:0006F47A    67 0001:0006F4B0
    68 0001:0006F4B3    69 0001:0006F4BF    70 0001:0006F4CF    71 0001:0006F4DF
    72 0001:0006F4EF    73 0001:0006F4FF    74 0001:0006F50F    75 0001:0006F51F
    76 0001:0006F52F    79 0001:0006F688    81 0001:0006F6A9    84 0001:0006F6BE
    86 0001:0006F6DD    87 0001:0006F704    89 0001:0006F709    91 0001:0006F723
    92 0001:0006F756    95 0001:0006F75B    96 0001:0006F782   100 0001:0006F796
   102 0001:0006F7AF   105 0001:0006F7C1   107 0001:0006F7DB   108 0001:0006F7EB
   112 0001:0006F7F7   113 0001:0006F805   116 0001:0006F80F   117 0001:0006F82A
   120 0001:0006F978   121 0001:0006F97C   123 0001:0006F98C   124 0001:0006F996
   125 0001:0006F9B0   127 0001:0006F9C2   129 0001:0006F9D2   130 0001:0006F9ED

Line numbers for eMVC.FacadeModelForm(eMVC.FacadeModelForm.pas) segment .itext

   132 0002:00000648

Line numbers for eMVC.FacadeCreator(eMVC.FacadeCreator.pas) segment .text

    63 0001:0006FC98    64 0001:0006FCC6    65 0001:0006FCDA    66 0001:0006FCE6
    69 0001:0006FD40    70 0001:0006FD5D    71 0001:0006FD77    72 0001:0006FD7D
    74 0001:0006FD97    76 0001:0006FDB8    86 0001:00070080    87 0001:00070083
    88 0001:0007008F    92 0001:00070878    93 0001:0007087B    94 0001:00070887
    81 0001:00073ED4    82 0001:00073F14    83 0001:00073F1E    84 0001:00073F24
    90 0001:00073F43    96 0001:00073F60    97 0001:00073F6B    98 0001:00073F92
    99 0001:00073FA2   100 0001:00073FB3   104 0001:000740A4   105 0001:000740A7

Line numbers for eMVC.FacadeCreator(eMVC.FacadeCreator.pas) segment .itext

   107 0002:00000650

Line numbers for eMVC.FacadeModelWizard(eMVC.FacadeModelWizard.pas) segment .text

    96 0001:00074508    97 0001:0007451E    98 0001:00074530   147 0001:00074554
   148 0001:0007457C   149 0001:00074585   152 0001:00074594   153 0001:000745A1
   154 0001:000745C4   155 0001:000745D0   157 0001:000745E6   158 0001:000745F3
   159 0001:000745FA   161 0001:00074644   162 0001:00074666   163 0001:0007466E
   166 0001:00074674   167 0001:0007467E   169 0001:00074683   170 0001:0007468E
   172 0001:0007469E   174 0001:000746AF   175 0001:000746C6   176 0001:000746ED
   177 0001:0007470B   179 0001:0007471A   183 0001:00074747   184 0001:00074758
   186 0001:0007476A   187 0001:00074785   188 0001:00074793   191 0001:0007479B
   193 0001:000747B3   194 0001:000747BD   196 0001:000747F3   197 0001:00074805
   199 0001:0007480E   200 0001:00074814   202 0001:00074821   204 0001:0007484A
   206 0001:00074854   208 0001:0007488A   209 0001:0007489C   210 0001:000748A5
   211 0001:000748AE   213 0001:000748D7   217 0001:000748E1   219 0001:000748E8
   222 0001:00074B60   226 0001:00074B63   227 0001:00074B6F   230 0001:00074B8C
   234 0001:00074B8F   235 0001:00074B9B   240 0001:00074BE0   241 0001:00074BF0
   244 0001:00074C0C   248 0001:00074C0F   249 0001:00074C1B   252 0001:00074C60
   257 0001:00074C63   258 0001:00074C6F   261 0001:00074CA0   262 0001:00074CA3
   263 0001:00074CAF   270 0001:00074CCC   271 0001:00074CD3   275 0001:00074CD8
   276 0001:00074CDB   280 0001:00074CDC   289 0001:00074CF4

Line numbers for eMVC.FacadeModelWizard(eMVC.FacadeModelWizard.pas) segment .itext

   291 0002:00000658

Line numbers for eMVC.BuilderSubClassCreator(eMVC.BuilderSubClassCreator.pas) segment .text

    63 0001:00074FBC    64 0001:00074FEA    65 0001:00074FFE    66 0001:0007500A
    69 0001:00075070    70 0001:0007508D    71 0001:000750A7    72 0001:000750AD
    74 0001:000750C7    76 0001:000750E8    86 0001:000753E4    87 0001:000753E7
    88 0001:000753F3    92 0001:00075C04    93 0001:00075C07    94 0001:00075C10
    96 0001:00075C1E    97 0001:00075C2A    81 0001:00077B18    82 0001:00077B5B
    83 0001:00077B65    84 0001:00077B6E    90 0001:00077B8F    99 0001:00077BAE
   100 0001:00077BBC   101 0001:00077BE4   102 0001:00077BF7   103 0001:00077C08
   107 0001:00077CF0   108 0001:00077CF3   112 0001:00077CF4   113 0001:00077CF7

Line numbers for eMVC.BuilderSubClassCreator(eMVC.BuilderSubClassCreator.pas) segment .itext

   115 0002:00000660

Line numbers for eMVC.BuilderSubClassForm(eMVC.BuilderSubClassForm.pas) segment .text

    89 0001:000784D4    90 0001:000784EA    92 0001:000784F7    93 0001:000784FE
    94 0001:00078505    96 0001:0007852B    97 0001:00078532    99 0001:00078553
   102 0001:00078588   103 0001:0007858B   104 0001:000785AC   105 0001:000785CD
   108 0001:000785D0   109 0001:000785D3   110 0001:000785F4   111 0001:00078615
   114 0001:00078618   115 0001:0007861B   116 0001:00078627   117 0001:00078637
   118 0001:00078647   119 0001:00078657   120 0001:00078667   121 0001:00078677
   122 0001:00078687   123 0001:00078697   126 0001:00078810   128 0001:00078831
   131 0001:00078846   133 0001:00078865   134 0001:0007888C   136 0001:00078891
   138 0001:000788AB   139 0001:000788DE   142 0001:000788E3   143 0001:0007890A
   147 0001:0007891E   149 0001:00078937   152 0001:00078949   154 0001:00078963
   155 0001:00078973   159 0001:0007897F   160 0001:0007898D   163 0001:00078997
   164 0001:000789B2   167 0001:00078B00   168 0001:00078B03   169 0001:00078B1E
   171 0001:00078B39   174 0001:00078B3C   175 0001:00078B40   177 0001:00078B50
   178 0001:00078B5A   179 0001:00078B74   181 0001:00078B86   183 0001:00078B96
   184 0001:00078BB1

Line numbers for eMVC.BuilderSubClassForm(eMVC.BuilderSubClassForm.pas) segment .itext

   186 0002:00000668

Line numbers for eMVC.BuilderSubClassWizard(eMVC.BuilderSubClassWizard.pas) segment .text

    96 0001:00079054    97 0001:0007906A    98 0001:0007907C   149 0001:000790A0
   150 0001:000790C8   151 0001:000790D1   154 0001:000790E5   155 0001:000790F2
   156 0001:00079115   157 0001:00079121   160 0001:00079137   161 0001:00079144
   162 0001:0007914B   167 0001:00079194   168 0001:000791B7   169 0001:000791BF
   171 0001:000791C5   172 0001:000791CF   174 0001:000791D4   175 0001:000791DF
   177 0001:000791EF   178 0001:0007920D   180 0001:0007921E   181 0001:0007922F
   182 0001:00079240   183 0001:00079257   184 0001:0007927E   185 0001:0007929C
   187 0001:000792AB   191 0001:000792D8   192 0001:000792E9   193 0001:000792F7
   195 0001:00079309   196 0001:00079324   197 0001:00079332   200 0001:0007933A
   202 0001:00079352   203 0001:0007935C   205 0001:00079392   206 0001:000793A4
   208 0001:000793AD   209 0001:000793B3   211 0001:000793C0   213 0001:000793CB
   215 0001:000793F4   216 0001:000793FE   218 0001:0007940E   220 0001:00079444
   221 0001:00079456   222 0001:0007945F   223 0001:00079468   225 0001:00079491
   230 0001:0007949B   232 0001:000794A2   235 0001:00079730   239 0001:00079733
   240 0001:0007973F   243 0001:0007975C   247 0001:0007975F   248 0001:0007976B
   253 0001:000797C4   254 0001:000797D4   257 0001:000797F8   261 0001:000797FB
   262 0001:00079807   265 0001:0007985C   270 0001:0007985F   271 0001:0007986B
   274 0001:000798A4   275 0001:000798A7   276 0001:000798B3   283 0001:000798D0
   284 0001:000798D7   288 0001:000798DC   289 0001:000798DF   293 0001:000798E0
   302 0001:000798F8

Line numbers for eMVC.BuilderSubClassWizard(eMVC.BuilderSubClassWizard.pas) segment .itext

   304 0002:00000670

Line numbers for eMVC.BuilderModelForm(eMVC.BuilderModelForm.pas) segment .text

    59 0001:00079F98    60 0001:00079FAE    62 0001:00079FBB    63 0001:00079FC2
    64 0001:00079FC9    66 0001:00079FEF    68 0001:00079FF6    71 0001:0007A02C
    72 0001:0007A02F    73 0001:0007A03B    74 0001:0007A04B    75 0001:0007A05B
    76 0001:0007A06B    77 0001:0007A07B    78 0001:0007A08B    79 0001:0007A09B
    80 0001:0007A0AB    83 0001:0007A208    85 0001:0007A229    88 0001:0007A23E
    90 0001:0007A25D    91 0001:0007A284    93 0001:0007A289    95 0001:0007A2A3
    96 0001:0007A2D6    99 0001:0007A2DB   100 0001:0007A302   104 0001:0007A316
   106 0001:0007A32F   109 0001:0007A341   111 0001:0007A35B   112 0001:0007A36B
   116 0001:0007A377   117 0001:0007A385   120 0001:0007A38F   121 0001:0007A3AA
   124 0001:0007A4F8   125 0001:0007A4FB   126 0001:0007A516   127 0001:0007A531
   130 0001:0007A534   131 0001:0007A538   133 0001:0007A548   134 0001:0007A552
   135 0001:0007A56C   137 0001:0007A57E   139 0001:0007A58E   140 0001:0007A5A9

Line numbers for eMVC.BuilderModelForm(eMVC.BuilderModelForm.pas) segment .itext

   142 0002:00000678

Line numbers for eMVC.BuilderCreator(eMVC.BuilderCreator.pas) segment .text

    59 0001:0007A858    60 0001:0007A886    61 0001:0007A89A    62 0001:0007A8A6
    65 0001:0007A900    66 0001:0007A91D    67 0001:0007A937    68 0001:0007A93D
    70 0001:0007A957    72 0001:0007A978    82 0001:0007AC4C    83 0001:0007AC4F
    84 0001:0007AC5B    88 0001:0007B768    89 0001:0007B76B    90 0001:0007B777
    77 0001:0007D6A4    78 0001:0007D6E4    79 0001:0007D6EE    80 0001:0007D6F4
    86 0001:0007D713    92 0001:0007D730    93 0001:0007D73B    94 0001:0007D762
    95 0001:0007D772    96 0001:0007D783   100 0001:0007D874   101 0001:0007D877

Line numbers for eMVC.BuilderCreator(eMVC.BuilderCreator.pas) segment .itext

   103 0002:00000680

Line numbers for eMVC.BuilderModelWizard(eMVC.BuilderModelWizard.pas) segment .text

    96 0001:0007DCD8    97 0001:0007DCEE    98 0001:0007DD00   148 0001:0007DD24
   149 0001:0007DD4C   150 0001:0007DD55   153 0001:0007DD69   154 0001:0007DD76
   155 0001:0007DD99   156 0001:0007DDA5   158 0001:0007DDBB   159 0001:0007DDC8
   160 0001:0007DDCF   162 0001:0007DE18   163 0001:0007DE3B   164 0001:0007DE43
   167 0001:0007DE49   168 0001:0007DE53   170 0001:0007DE58   171 0001:0007DE63
   173 0001:0007DE73   174 0001:0007DE81   176 0001:0007DE92   177 0001:0007DEA9
   178 0001:0007DED0   179 0001:0007DEEE   181 0001:0007DEFD   185 0001:0007DF2A
   186 0001:0007DF3B   187 0001:0007DF49   189 0001:0007DF5B   190 0001:0007DF76
   191 0001:0007DF84   194 0001:0007DF8C   196 0001:0007DFA4   197 0001:0007DFAE
   199 0001:0007DFF4   200 0001:0007E006   202 0001:0007E00F   203 0001:0007E015
   205 0001:0007E022   207 0001:0007E04B   209 0001:0007E055   211 0001:0007E09B
   212 0001:0007E0AD   213 0001:0007E0B6   214 0001:0007E0BF   216 0001:0007E0E8
   220 0001:0007E0F2   222 0001:0007E0F9   225 0001:0007E378   229 0001:0007E37B
   230 0001:0007E387   233 0001:0007E3A4   237 0001:0007E3A7   238 0001:0007E3B3
   243 0001:0007E3FC   244 0001:0007E40C   247 0001:0007E428   251 0001:0007E42B
   252 0001:0007E437   255 0001:0007E47C   260 0001:0007E47F   261 0001:0007E48B
   264 0001:0007E4C0   265 0001:0007E4C3   266 0001:0007E4CF   273 0001:0007E4EC
   274 0001:0007E4F3   278 0001:0007E4F8   279 0001:0007E4FB   283 0001:0007E4FC
   292 0001:0007E514

Line numbers for eMVC.BuilderModelWizard(eMVC.BuilderModelWizard.pas) segment .itext

   294 0002:00000688

Line numbers for .MVCBr(MVCBr.dpk) segment .text

    99 0001:0007E521

Bound resource files

eMVC.CopyFileForm.dfm
eMVC.Config.dfm
eMVC.FacadeSubClassForm.dfm
eMVC.ProjectWizardForm.dfm
.\inc\ProjectWizards.res
eMVC.ClassModelForm.dfm
eMVC.ControllerForm.dfm
eMVC.ModuleModelForm.dfm
eMVC.PersistentModelForm.dfm
eMVC.ViewModelForm.dfm
eMVC.FacadeModelForm.dfm
eMVC.BuilderSubClassForm.dfm
eMVC.BuilderModelForm.dfm
MVCBr.res
MVCBr.drf


Program entry point at 0002:00000690
