
 Start         Length     Name                   Class
 0001:00401000 0004B114H .text                   CODE
 0002:0044D000 00000874H .itext                  ICODE
 0003:0044E000 00000134H .data                   DATA
 0004:0044F000 00000124H .bss                    BSS
 0005:00000000 00000000H .tls                    TLS
 0006:00400000 00000000H .pdata                  PDATA


Detailed map of segments

 0001:00000000 00000270 C=CODE     S=.text    G=(none)   M=System   ACBP=A9
 0001:00000270 00000CF0 C=CODE     S=.text    G=(none)   M=SysInit  ACBP=A9
 0001:00000F60 0000006C C=CODE     S=.text    G=(none)   M=Winapi.Windows ACBP=A9
 0001:00000FCC 00000024 C=CODE     S=.text    G=(none)   M=Winapi.PsAPI ACBP=A9
 0001:00000FF0 00000008 C=CODE     S=.text    G=(none)   M=System.Character ACBP=A9
 0001:00000FF8 00000008 C=CODE     S=.text    G=(none)   M=System.Internal.ExcUtils ACBP=A9
 0001:00001000 00000240 C=CODE     S=.text    G=(none)   M=System.SysUtils ACBP=A9
 0001:00001240 00000008 C=CODE     S=.text    G=(none)   M=System.VarUtils ACBP=A9
 0001:00001248 00000078 C=CODE     S=.text    G=(none)   M=System.Variants ACBP=A9
 0001:000012C0 00000258 C=CODE     S=.text    G=(none)   M=System.Generics.Collections ACBP=A9
 0001:00001518 00000158 C=CODE     S=.text    G=(none)   M=System.Rtti ACBP=A9
 0001:00001670 00000018 C=CODE     S=.text    G=(none)   M=System.TypInfo ACBP=A9
 0001:00001688 00000018 C=CODE     S=.text    G=(none)   M=System.Math ACBP=A9
 0001:000016A0 00000018 C=CODE     S=.text    G=(none)   M=System.Generics.Defaults ACBP=A9
 0001:000016B8 000001F8 C=CODE     S=.text    G=(none)   M=System.Classes ACBP=A9
 0001:000018B0 00000008 C=CODE     S=.text    G=(none)   M=System.TimeSpan ACBP=A9
 0001:000018B8 00000040 C=CODE     S=.text    G=(none)   M=System.DateUtils ACBP=A9
 0001:000018F8 00000018 C=CODE     S=.text    G=(none)   M=Data.SqlTimSt ACBP=A9
 0001:00001910 00000018 C=CODE     S=.text    G=(none)   M=Data.FmtBcd ACBP=A9
 0001:00001928 000003D8 C=CODE     S=.text    G=(none)   M=Data.DB  ACBP=A9
 0001:00001D00 00000128 C=CODE     S=.text    G=(none)   M=System.JSON ACBP=A9
 0001:00001E28 000008B0 C=CODE     S=.text    G=(none)   M=MVCBr.HTTPRestClient.Common ACBP=A9
 0001:000026D8 00000018 C=CODE     S=.text    G=(none)   M=System.SyncObjs ACBP=A9
 0001:000026F0 00000030 C=CODE     S=.text    G=(none)   M=System.Threading ACBP=A9
 0001:00002720 00000030 C=CODE     S=.text    G=(none)   M=System.NetEncoding ACBP=A9
 0001:00002750 00000010 C=CODE     S=.text    G=(none)   M=System.Net.URLClient ACBP=A9
 0001:00002760 00000010 C=CODE     S=.text    G=(none)   M=System.Net.HttpClient.Win ACBP=A9
 0001:00002770 00000058 C=CODE     S=.text    G=(none)   M=System.Net.HttpClientComponent ACBP=A9
 0001:000027C8 00000870 C=CODE     S=.text    G=(none)   M=MVCBr.HTTPRestClient ACBP=A9
 0001:00003038 0000231C C=CODE     S=.text    G=(none)   M=oData.Comp.Client ACBP=A9
 0001:00005354 00000008 C=CODE     S=.text    G=(none)   M=System.Actions ACBP=A9
 0001:0000535C 00000018 C=CODE     S=.text    G=(none)   M=System.IOUtils ACBP=A9
 0001:00005374 00000008 C=CODE     S=.text    G=(none)   M=System.Win.Registry ACBP=A9
 0001:0000537C 00000010 C=CODE     S=.text    G=(none)   M=Vcl.Graphics ACBP=A9
 0001:0000538C 00000008 C=CODE     S=.text    G=(none)   M=Winapi.UxTheme ACBP=A9
 0001:00005394 00000008 C=CODE     S=.text    G=(none)   M=Vcl.ActnList ACBP=A9
 0001:0000539C 00000008 C=CODE     S=.text    G=(none)   M=System.AnsiStrings ACBP=A9
 0001:000053A4 00000010 C=CODE     S=.text    G=(none)   M=System.Win.ComObj ACBP=A9
 0001:000053B4 00000068 C=CODE     S=.text    G=(none)   M=Winapi.MsCTF ACBP=A9
 0001:0000541C 00000008 C=CODE     S=.text    G=(none)   M=Vcl.GraphUtil ACBP=A9
 0001:00005424 00000138 C=CODE     S=.text    G=(none)   M=Vcl.Controls ACBP=A9
 0001:0000555C 00000090 C=CODE     S=.text    G=(none)   M=Vcl.StdCtrls ACBP=A9
 0001:000055EC 00000008 C=CODE     S=.text    G=(none)   M=Vcl.Printers ACBP=A9
 0001:000055F4 00000008 C=CODE     S=.text    G=(none)   M=Vcl.Clipbrd ACBP=A9
 0001:000055FC 000000C8 C=CODE     S=.text    G=(none)   M=Vcl.ComCtrls ACBP=A9
 0001:000056C4 00000008 C=CODE     S=.text    G=(none)   M=System.HelpIntfs ACBP=A9
 0001:000056CC 00000008 C=CODE     S=.text    G=(none)   M=Vcl.Dialogs ACBP=A9
 0001:000056D4 00000028 C=CODE     S=.text    G=(none)   M=Vcl.ExtCtrls ACBP=A9
 0001:000056FC 00000010 C=CODE     S=.text    G=(none)   M=Vcl.Themes ACBP=A9
 0001:0000570C 00000008 C=CODE     S=.text    G=(none)   M=Vcl.Menus ACBP=A9
 0001:00005714 00000008 C=CODE     S=.text    G=(none)   M=Winapi.FlatSB ACBP=A9
 0001:0000571C 00000190 C=CODE     S=.text    G=(none)   M=Vcl.Forms ACBP=A9
 0001:000058AC 00000008 C=CODE     S=.text    G=(none)   M=DesignIntf ACBP=A9
 0001:000058B4 00000008 C=CODE     S=.text    G=(none)   M=IDEMessages ACBP=A9
 0001:000058BC 00000008 C=CODE     S=.text    G=(none)   M=Vcl.CaptionedDockTree ACBP=A9
 0001:000058C4 00000008 C=CODE     S=.text    G=(none)   M=Vcl.DockTabSet ACBP=A9
 0001:000058CC 00000008 C=CODE     S=.text    G=(none)   M=PercentageDockTree ACBP=A9
 0001:000058D4 00000008 C=CODE     S=.text    G=(none)   M=BrandingAPI ACBP=A9
 0001:000058DC 00000010 C=CODE     S=.text    G=(none)   M=Vcl.Buttons ACBP=A9
 0001:000058EC 00000008 C=CODE     S=.text    G=(none)   M=Vcl.ExtDlgs ACBP=A9
 0001:000058F4 00000008 C=CODE     S=.text    G=(none)   M=Winapi.Mapi ACBP=A9
 0001:000058FC 00000008 C=CODE     S=.text    G=(none)   M=Vcl.ExtActns ACBP=A9
 0001:00005904 00000008 C=CODE     S=.text    G=(none)   M=Vcl.ActnMenus ACBP=A9
 0001:0000590C 00000008 C=CODE     S=.text    G=(none)   M=Vcl.ActnMan ACBP=A9
 0001:00005914 00000008 C=CODE     S=.text    G=(none)   M=Vcl.PlatformDefaultStyleActnCtrls ACBP=A9
 0001:0000591C 00000008 C=CODE     S=.text    G=(none)   M=BaseDock ACBP=A9
 0001:00005924 00000008 C=CODE     S=.text    G=(none)   M=DeskUtil ACBP=A9
 0001:0000592C 00000008 C=CODE     S=.text    G=(none)   M=DeskForm ACBP=A9
 0001:00005934 00000008 C=CODE     S=.text    G=(none)   M=DockForm ACBP=A9
 0001:0000593C 00000010 C=CODE     S=.text    G=(none)   M=Xml.Win.msxmldom ACBP=A9
 0001:0000594C 00000008 C=CODE     S=.text    G=(none)   M=Xml.xmldom ACBP=A9
 0001:00005954 00000008 C=CODE     S=.text    G=(none)   M=ToolsAPI ACBP=A9
 0001:0000595C 00000008 C=CODE     S=.text    G=(none)   M=Proxies  ACBP=A9
 0001:00005964 00000028 C=CODE     S=.text    G=(none)   M=DesignEditors ACBP=A9
 0001:0000598C 00000658 C=CODE     S=.text    G=(none)   M=oData.Comp.Editor ACBP=A9
 0001:00005FE4 00000008 C=CODE     S=.text    G=(none)   M=System.Classes.Helper ACBP=A9
 0001:00005FEC 00000018 C=CODE     S=.text    G=(none)   M=System.Json.Helper ACBP=A9
 0001:00006004 00000008 C=CODE     S=.text    G=(none)   M=MVCFramework.TypesAliases ACBP=A9
 0001:0000600C 00000010 C=CODE     S=.text    G=(none)   M=IdGlobal ACBP=A9
 0001:0000601C 00000018 C=CODE     S=.text    G=(none)   M=IdBaseComponent ACBP=A9
 0001:00006034 00000008 C=CODE     S=.text    G=(none)   M=IdWinsock2 ACBP=A9
 0001:0000603C 00000008 C=CODE     S=.text    G=(none)   M=IdWship6 ACBP=A9
 0001:00006044 00000008 C=CODE     S=.text    G=(none)   M=IdIDN    ACBP=A9
 0001:0000604C 00000008 C=CODE     S=.text    G=(none)   M=IdStackWindows ACBP=A9
 0001:00006054 00000008 C=CODE     S=.text    G=(none)   M=IdStack  ACBP=A9
 0001:0000605C 00000008 C=CODE     S=.text    G=(none)   M=IdGlobalProtocols ACBP=A9
 0001:00006064 00000028 C=CODE     S=.text    G=(none)   M=IdCoder  ACBP=A9
 0001:0000608C 00000018 C=CODE     S=.text    G=(none)   M=IdCoder3to4 ACBP=A9
 0001:000060A4 00000008 C=CODE     S=.text    G=(none)   M=IdCoderMIME ACBP=A9
 0001:000060AC 000192AC C=CODE     S=.text    G=(none)   M=MVCFramework.Commons ACBP=A9
 0001:0001F358 00002280 C=CODE     S=.text    G=(none)   M=MVCFramework.Serializer.Commons ACBP=A9
 0001:000215D8 000000A4 C=CODE     S=.text    G=(none)   M=MVCFramework.Serializer.Intf ACBP=A9
 0001:0002167C 00000008 C=CODE     S=.text    G=(none)   M=FireDAC.Stan.Error ACBP=A9
 0001:00021684 00000008 C=CODE     S=.text    G=(none)   M=FireDAC.Stan.Util ACBP=A9
 0001:0002168C 00000008 C=CODE     S=.text    G=(none)   M=FireDAC.Stan.Intf ACBP=A9
 0001:00021694 00000008 C=CODE     S=.text    G=(none)   M=FireDAC.Stan.SQLTimeInt ACBP=A9
 0001:0002169C 00000008 C=CODE     S=.text    G=(none)   M=FireDAC.DatS ACBP=A9
 0001:000216A4 00000008 C=CODE     S=.text    G=(none)   M=FireDAC.UI.Intf ACBP=A9
 0001:000216AC 00000008 C=CODE     S=.text    G=(none)   M=FireDAC.Stan.Factory ACBP=A9
 0001:000216B4 00000008 C=CODE     S=.text    G=(none)   M=FireDAC.Stan.Option ACBP=A9
 0001:000216BC 00000028 C=CODE     S=.text    G=(none)   M=FireDAC.Stan.Param ACBP=A9
 0001:000216E4 00000408 C=CODE     S=.text    G=(none)   M=FireDAC.Comp.DataSet ACBP=A9
 0001:00021AEC 00000008 C=CODE     S=.text    G=(none)   M=FireDAC.Stan.Expr ACBP=A9
 0001:00021AF4 000001F8 C=CODE     S=.text    G=(none)   M=FireDAC.Comp.Client ACBP=A9
 0001:00021CEC 00001C9C C=CODE     S=.text    G=(none)   M=MVCFramework.DuckTyping ACBP=A9
 0001:00023988 00000008 C=CODE     S=.text    G=(none)   M=MVCFramework.Patches ACBP=A9
 0001:00023990 00002C64 C=CODE     S=.text    G=(none)   M=MVCFramework.Rtti.Utils ACBP=A9
 0001:000265F4 00000008 C=CODE     S=.text    G=(none)   M=Xml.Internal.AdomCore_4_3 ACBP=A9
 0001:000265FC 00000008 C=CODE     S=.text    G=(none)   M=Xml.adomxmldom ACBP=A9
 0001:00026604 00000018 C=CODE     S=.text    G=(none)   M=Soap.EncdDecd ACBP=A9
 0001:0002661C 0001B054 C=CODE     S=.text    G=(none)   M=ObjectsMappers ACBP=A9
 0001:00041670 00000E64 C=CODE     S=.text    G=(none)   M=MVCBr.ODataDataSet.Common ACBP=A9
 0001:000424D4 00003990 C=CODE     S=.text    G=(none)   M=MVCBr.ODataDatasetAdapter ACBP=A9
 0001:00045E64 00000008 C=CODE     S=.text    G=(none)   M=IdAuthentication ACBP=A9
 0001:00045E6C 00000010 C=CODE     S=.text    G=(none)   M=IdHTTPHeaderInfo ACBP=A9
 0001:00045E7C 00000008 C=CODE     S=.text    G=(none)   M=IdComponent ACBP=A9
 0001:00045E84 00000008 C=CODE     S=.text    G=(none)   M=IdIOHandler ACBP=A9
 0001:00045E8C 00000008 C=CODE     S=.text    G=(none)   M=IdIOHandlerStack ACBP=A9
 0001:00045E94 00000010 C=CODE     S=.text    G=(none)   M=IdTCPClient ACBP=A9
 0001:00045EA4 00000008 C=CODE     S=.text    G=(none)   M=IdThread ACBP=A9
 0001:00045EAC 00000008 C=CODE     S=.text    G=(none)   M=IdSSL    ACBP=A9
 0001:00045EB4 00000008 C=CODE     S=.text    G=(none)   M=IdHeaderCoderBase ACBP=A9
 0001:00045EBC 00000008 C=CODE     S=.text    G=(none)   M=IdHeaderCoderPlain ACBP=A9
 0001:00045EC4 00000008 C=CODE     S=.text    G=(none)   M=IdHeaderCoder2022JP ACBP=A9
 0001:00045ECC 00000008 C=CODE     S=.text    G=(none)   M=IdHeaderCoderIndy ACBP=A9
 0001:00045ED4 00000008 C=CODE     S=.text    G=(none)   M=IdFIPS   ACBP=A9
 0001:00045EDC 00000008 C=CODE     S=.text    G=(none)   M=IdSSLOpenSSLHeaders ACBP=A9
 0001:00045EE4 00000008 C=CODE     S=.text    G=(none)   M=IdSSLOpenSSL ACBP=A9
 0001:00045EEC 00000008 C=CODE     S=.text    G=(none)   M=IdAuthenticationNTLM ACBP=A9
 0001:00045EF4 00000008 C=CODE     S=.text    G=(none)   M=IdAuthenticationSSPI ACBP=A9
 0001:00045EFC 00000008 C=CODE     S=.text    G=(none)   M=IdAuthenticationDigest ACBP=A9
 0001:00045F04 00000048 C=CODE     S=.text    G=(none)   M=IdHTTP   ACBP=A9
 0001:00045F4C 00000964 C=CODE     S=.text    G=(none)   M=MVCBr.IdHTTPRestClient ACBP=A9
 0001:000468B0 00000324 C=CODE     S=.text    G=(none)   M=MVCBr.HTTPRestClientEditor ACBP=A9
 0001:00046BD4 000013EC C=CODE     S=.text    G=(none)   M=MVCBr.ODataDatasetBuilder ACBP=A9
 0001:00047FC0 00000CE0 C=CODE     S=.text    G=(none)   M=MVCBr.ODataFDMemTable ACBP=A9
 0001:00048CA0 00000510 C=CODE     S=.text    G=(none)   M=MVCBr.ODataReg ACBP=A9
 0001:000491B0 00000008 C=CODE     S=.text    G=(none)   M=Data.DBXJSONReflect ACBP=A9
 0001:000491B8 00000018 C=CODE     S=.text    G=(none)   M=Data.FireDACJSONReflect ACBP=A9
 0001:000491D0 00000008 C=CODE     S=.text    G=(none)   M=System.Bindings.Search ACBP=A9
 0001:000491D8 00000008 C=CODE     S=.text    G=(none)   M=System.Bindings.Evaluator ACBP=A9
 0001:000491E0 00000008 C=CODE     S=.text    G=(none)   M=System.Bindings.EvalSys ACBP=A9
 0001:000491E8 00000008 C=CODE     S=.text    G=(none)   M=System.Bindings.Graph ACBP=A9
 0001:000491F0 00000010 C=CODE     S=.text    G=(none)   M=System.Bindings.Factories ACBP=A9
 0001:00049200 00000018 C=CODE     S=.text    G=(none)   M=System.Bindings.Outputs ACBP=A9
 0001:00049218 00000010 C=CODE     S=.text    G=(none)   M=System.Bindings.Methods ACBP=A9
 0001:00049228 00000008 C=CODE     S=.text    G=(none)   M=Data.Bind.Grid ACBP=A9
 0001:00049230 00000008 C=CODE     S=.text    G=(none)   M=Data.Bind.Components ACBP=A9
 0001:00049238 00000010 C=CODE     S=.text    G=(none)   M=Data.Bind.ObjectScope ACBP=A9
 0001:00049248 00000008 C=CODE     S=.text    G=(none)   M=IPPeerAPI ACBP=A9
 0001:00049250 00000008 C=CODE     S=.text    G=(none)   M=System.JSON.Types ACBP=A9
 0001:00049258 00000008 C=CODE     S=.text    G=(none)   M=System.JSON.Utils ACBP=A9
 0001:00049260 00000008 C=CODE     S=.text    G=(none)   M=System.JSON.Readers ACBP=A9
 0001:00049268 00000008 C=CODE     S=.text    G=(none)   M=System.JSON.Writers ACBP=A9
 0001:00049270 00000008 C=CODE     S=.text    G=(none)   M=REST.Json.Interceptors ACBP=A9
 0001:00049278 00000008 C=CODE     S=.text    G=(none)   M=REST.JsonReflect ACBP=A9
 0001:00049280 00000008 C=CODE     S=.text    G=(none)   M=REST.Utils ACBP=A9
 0001:00049288 00000008 C=CODE     S=.text    G=(none)   M=Data.Bind.JSON ACBP=A9
 0001:00049290 00000018 C=CODE     S=.text    G=(none)   M=REST.Response.Adapter ACBP=A9
 0001:000492A8 00000B04 C=CODE     S=.text    G=(none)   M=MVCBr.HTTPFiredacAdapter ACBP=A9
 0001:00049DAC 00001368 C=CODE     S=.text    G=(none)   M=.MVCBrOData ACBP=A9
 0002:00000000 00000008 C=ICODE    S=.itext   G=(none)   M=System   ACBP=A9
 0002:00000008 00000008 C=ICODE    S=.itext   G=(none)   M=SysInit  ACBP=A9
 0002:00000010 00000018 C=ICODE    S=.itext   G=(none)   M=Winapi.Windows ACBP=A9
 0002:00000028 00000008 C=ICODE    S=.itext   G=(none)   M=Winapi.PsAPI ACBP=A9
 0002:00000030 00000008 C=ICODE    S=.itext   G=(none)   M=System.Character ACBP=A9
 0002:00000038 00000008 C=ICODE    S=.itext   G=(none)   M=System.Internal.ExcUtils ACBP=A9
 0002:00000040 00000028 C=ICODE    S=.itext   G=(none)   M=System.SysUtils ACBP=A9
 0002:00000068 00000008 C=ICODE    S=.itext   G=(none)   M=System.VarUtils ACBP=A9
 0002:00000070 00000008 C=ICODE    S=.itext   G=(none)   M=System.Variants ACBP=A9
 0002:00000078 00000010 C=ICODE    S=.itext   G=(none)   M=System.Rtti ACBP=A9
 0002:00000088 00000008 C=ICODE    S=.itext   G=(none)   M=System.TypInfo ACBP=A9
 0002:00000090 00000008 C=ICODE    S=.itext   G=(none)   M=System.Math ACBP=A9
 0002:00000098 00000010 C=ICODE    S=.itext   G=(none)   M=System.Generics.Defaults ACBP=A9
 0002:000000A8 00000038 C=ICODE    S=.itext   G=(none)   M=System.Classes ACBP=A9
 0002:000000E0 00000008 C=ICODE    S=.itext   G=(none)   M=System.TimeSpan ACBP=A9
 0002:000000E8 00000010 C=ICODE    S=.itext   G=(none)   M=System.DateUtils ACBP=A9
 0002:000000F8 00000008 C=ICODE    S=.itext   G=(none)   M=Data.SqlTimSt ACBP=A9
 0002:00000100 00000008 C=ICODE    S=.itext   G=(none)   M=Data.FmtBcd ACBP=A9
 0002:00000108 00000008 C=ICODE    S=.itext   G=(none)   M=Data.DB  ACBP=A9
 0002:00000110 00000008 C=ICODE    S=.itext   G=(none)   M=System.JSON ACBP=A9
 0002:00000118 00000008 C=ICODE    S=.itext   G=(none)   M=MVCBr.HTTPRestClient.Common ACBP=A9
 0002:00000120 00000008 C=ICODE    S=.itext   G=(none)   M=System.SyncObjs ACBP=A9
 0002:00000128 00000030 C=ICODE    S=.itext   G=(none)   M=System.Threading ACBP=A9
 0002:00000158 00000008 C=ICODE    S=.itext   G=(none)   M=System.NetEncoding ACBP=A9
 0002:00000160 00000010 C=ICODE    S=.itext   G=(none)   M=System.Net.URLClient ACBP=A9
 0002:00000170 00000010 C=ICODE    S=.itext   G=(none)   M=System.Net.HttpClient.Win ACBP=A9
 0002:00000180 00000008 C=ICODE    S=.itext   G=(none)   M=MVCBr.HTTPRestClient ACBP=A9
 0002:00000188 00000008 C=ICODE    S=.itext   G=(none)   M=oData.Comp.Client ACBP=A9
 0002:00000190 00000008 C=ICODE    S=.itext   G=(none)   M=System.Actions ACBP=A9
 0002:00000198 00000008 C=ICODE    S=.itext   G=(none)   M=System.IOUtils ACBP=A9
 0002:000001A0 00000008 C=ICODE    S=.itext   G=(none)   M=System.Win.Registry ACBP=A9
 0002:000001A8 00000010 C=ICODE    S=.itext   G=(none)   M=Vcl.Graphics ACBP=A9
 0002:000001B8 00000008 C=ICODE    S=.itext   G=(none)   M=Winapi.UxTheme ACBP=A9
 0002:000001C0 00000008 C=ICODE    S=.itext   G=(none)   M=Vcl.ActnList ACBP=A9
 0002:000001C8 00000008 C=ICODE    S=.itext   G=(none)   M=System.AnsiStrings ACBP=A9
 0002:000001D0 00000010 C=ICODE    S=.itext   G=(none)   M=System.Win.ComObj ACBP=A9
 0002:000001E0 00000010 C=ICODE    S=.itext   G=(none)   M=Winapi.MsCTF ACBP=A9
 0002:000001F0 00000008 C=ICODE    S=.itext   G=(none)   M=Vcl.GraphUtil ACBP=A9
 0002:000001F8 00000008 C=ICODE    S=.itext   G=(none)   M=Vcl.Controls ACBP=A9
 0002:00000200 00000090 C=ICODE    S=.itext   G=(none)   M=Vcl.StdCtrls ACBP=A9
 0002:00000290 00000008 C=ICODE    S=.itext   G=(none)   M=Vcl.Printers ACBP=A9
 0002:00000298 00000008 C=ICODE    S=.itext   G=(none)   M=Vcl.Clipbrd ACBP=A9
 0002:000002A0 000000C8 C=ICODE    S=.itext   G=(none)   M=Vcl.ComCtrls ACBP=A9
 0002:00000368 00000008 C=ICODE    S=.itext   G=(none)   M=System.HelpIntfs ACBP=A9
 0002:00000370 00000008 C=ICODE    S=.itext   G=(none)   M=Vcl.Dialogs ACBP=A9
 0002:00000378 00000028 C=ICODE    S=.itext   G=(none)   M=Vcl.ExtCtrls ACBP=A9
 0002:000003A0 00000010 C=ICODE    S=.itext   G=(none)   M=Vcl.Themes ACBP=A9
 0002:000003B0 00000008 C=ICODE    S=.itext   G=(none)   M=Vcl.Menus ACBP=A9
 0002:000003B8 00000008 C=ICODE    S=.itext   G=(none)   M=Winapi.FlatSB ACBP=A9
 0002:000003C0 00000020 C=ICODE    S=.itext   G=(none)   M=Vcl.Forms ACBP=A9
 0002:000003E0 00000008 C=ICODE    S=.itext   G=(none)   M=IDEMessages ACBP=A9
 0002:000003E8 00000008 C=ICODE    S=.itext   G=(none)   M=Vcl.CaptionedDockTree ACBP=A9
 0002:000003F0 00000008 C=ICODE    S=.itext   G=(none)   M=Vcl.DockTabSet ACBP=A9
 0002:000003F8 00000008 C=ICODE    S=.itext   G=(none)   M=PercentageDockTree ACBP=A9
 0002:00000400 00000008 C=ICODE    S=.itext   G=(none)   M=BrandingAPI ACBP=A9
 0002:00000408 00000010 C=ICODE    S=.itext   G=(none)   M=Vcl.Buttons ACBP=A9
 0002:00000418 00000008 C=ICODE    S=.itext   G=(none)   M=Vcl.ExtDlgs ACBP=A9
 0002:00000420 00000008 C=ICODE    S=.itext   G=(none)   M=Winapi.Mapi ACBP=A9
 0002:00000428 00000008 C=ICODE    S=.itext   G=(none)   M=Vcl.ExtActns ACBP=A9
 0002:00000430 00000008 C=ICODE    S=.itext   G=(none)   M=Vcl.ActnMenus ACBP=A9
 0002:00000438 00000008 C=ICODE    S=.itext   G=(none)   M=Vcl.ActnMan ACBP=A9
 0002:00000440 00000008 C=ICODE    S=.itext   G=(none)   M=Vcl.PlatformDefaultStyleActnCtrls ACBP=A9
 0002:00000448 00000008 C=ICODE    S=.itext   G=(none)   M=BaseDock ACBP=A9
 0002:00000450 00000008 C=ICODE    S=.itext   G=(none)   M=DeskUtil ACBP=A9
 0002:00000458 00000008 C=ICODE    S=.itext   G=(none)   M=DeskForm ACBP=A9
 0002:00000460 00000008 C=ICODE    S=.itext   G=(none)   M=DockForm ACBP=A9
 0002:00000468 00000010 C=ICODE    S=.itext   G=(none)   M=Xml.Win.msxmldom ACBP=A9
 0002:00000478 00000008 C=ICODE    S=.itext   G=(none)   M=Xml.xmldom ACBP=A9
 0002:00000480 00000008 C=ICODE    S=.itext   G=(none)   M=ToolsAPI ACBP=A9
 0002:00000488 00000008 C=ICODE    S=.itext   G=(none)   M=Proxies  ACBP=A9
 0002:00000490 00000008 C=ICODE    S=.itext   G=(none)   M=DesignEditors ACBP=A9
 0002:00000498 00000008 C=ICODE    S=.itext   G=(none)   M=oData.Comp.Editor ACBP=A9
 0002:000004A0 00000008 C=ICODE    S=.itext   G=(none)   M=System.Json.Helper ACBP=A9
 0002:000004A8 00000008 C=ICODE    S=.itext   G=(none)   M=MVCFramework.TypesAliases ACBP=A9
 0002:000004B0 00000008 C=ICODE    S=.itext   G=(none)   M=IdGlobal ACBP=A9
 0002:000004B8 00000008 C=ICODE    S=.itext   G=(none)   M=IdWinsock2 ACBP=A9
 0002:000004C0 00000008 C=ICODE    S=.itext   G=(none)   M=IdWship6 ACBP=A9
 0002:000004C8 00000008 C=ICODE    S=.itext   G=(none)   M=IdIDN    ACBP=A9
 0002:000004D0 00000008 C=ICODE    S=.itext   G=(none)   M=IdStackWindows ACBP=A9
 0002:000004D8 00000008 C=ICODE    S=.itext   G=(none)   M=IdStack  ACBP=A9
 0002:000004E0 00000008 C=ICODE    S=.itext   G=(none)   M=IdGlobalProtocols ACBP=A9
 0002:000004E8 00000008 C=ICODE    S=.itext   G=(none)   M=IdCoderMIME ACBP=A9
 0002:000004F0 000000EC C=ICODE    S=.itext   G=(none)   M=MVCFramework.Commons ACBP=A9
 0002:000005DC 00000008 C=ICODE    S=.itext   G=(none)   M=MVCFramework.Serializer.Commons ACBP=A9
 0002:000005E4 00000008 C=ICODE    S=.itext   G=(none)   M=MVCFramework.Serializer.Intf ACBP=A9
 0002:000005EC 00000008 C=ICODE    S=.itext   G=(none)   M=FireDAC.Stan.Error ACBP=A9
 0002:000005F4 00000008 C=ICODE    S=.itext   G=(none)   M=FireDAC.Stan.Util ACBP=A9
 0002:000005FC 00000008 C=ICODE    S=.itext   G=(none)   M=FireDAC.Stan.Intf ACBP=A9
 0002:00000604 00000008 C=ICODE    S=.itext   G=(none)   M=FireDAC.Stan.SQLTimeInt ACBP=A9
 0002:0000060C 00000008 C=ICODE    S=.itext   G=(none)   M=FireDAC.DatS ACBP=A9
 0002:00000614 00000008 C=ICODE    S=.itext   G=(none)   M=FireDAC.UI.Intf ACBP=A9
 0002:0000061C 00000008 C=ICODE    S=.itext   G=(none)   M=FireDAC.Stan.Factory ACBP=A9
 0002:00000624 00000008 C=ICODE    S=.itext   G=(none)   M=FireDAC.Stan.Option ACBP=A9
 0002:0000062C 00000008 C=ICODE    S=.itext   G=(none)   M=FireDAC.Stan.Param ACBP=A9
 0002:00000634 00000008 C=ICODE    S=.itext   G=(none)   M=FireDAC.Stan.Expr ACBP=A9
 0002:0000063C 00000008 C=ICODE    S=.itext   G=(none)   M=FireDAC.Comp.Client ACBP=A9
 0002:00000644 00000008 C=ICODE    S=.itext   G=(none)   M=MVCFramework.DuckTyping ACBP=A9
 0002:0000064C 00000008 C=ICODE    S=.itext   G=(none)   M=MVCFramework.Patches ACBP=A9
 0002:00000654 00000068 C=ICODE    S=.itext   G=(none)   M=MVCFramework.Rtti.Utils ACBP=A9
 0002:000006BC 00000008 C=ICODE    S=.itext   G=(none)   M=Xml.Internal.AdomCore_4_3 ACBP=A9
 0002:000006C4 00000008 C=ICODE    S=.itext   G=(none)   M=Xml.adomxmldom ACBP=A9
 0002:000006CC 00000010 C=ICODE    S=.itext   G=(none)   M=ObjectsMappers ACBP=A9
 0002:000006DC 00000008 C=ICODE    S=.itext   G=(none)   M=MVCBr.ODataDataSet.Common ACBP=A9
 0002:000006E4 00000008 C=ICODE    S=.itext   G=(none)   M=MVCBr.ODataDatasetAdapter ACBP=A9
 0002:000006EC 00000008 C=ICODE    S=.itext   G=(none)   M=IdAuthentication ACBP=A9
 0002:000006F4 00000008 C=ICODE    S=.itext   G=(none)   M=IdHTTPHeaderInfo ACBP=A9
 0002:000006FC 00000008 C=ICODE    S=.itext   G=(none)   M=IdComponent ACBP=A9
 0002:00000704 00000008 C=ICODE    S=.itext   G=(none)   M=IdIOHandler ACBP=A9
 0002:0000070C 00000008 C=ICODE    S=.itext   G=(none)   M=IdIOHandlerStack ACBP=A9
 0002:00000714 00000008 C=ICODE    S=.itext   G=(none)   M=IdThread ACBP=A9
 0002:0000071C 00000008 C=ICODE    S=.itext   G=(none)   M=IdSSL    ACBP=A9
 0002:00000724 00000008 C=ICODE    S=.itext   G=(none)   M=IdHeaderCoderBase ACBP=A9
 0002:0000072C 00000008 C=ICODE    S=.itext   G=(none)   M=IdHeaderCoderPlain ACBP=A9
 0002:00000734 00000008 C=ICODE    S=.itext   G=(none)   M=IdHeaderCoder2022JP ACBP=A9
 0002:0000073C 00000008 C=ICODE    S=.itext   G=(none)   M=IdHeaderCoderIndy ACBP=A9
 0002:00000744 00000008 C=ICODE    S=.itext   G=(none)   M=IdFIPS   ACBP=A9
 0002:0000074C 00000008 C=ICODE    S=.itext   G=(none)   M=IdSSLOpenSSLHeaders ACBP=A9
 0002:00000754 00000008 C=ICODE    S=.itext   G=(none)   M=IdSSLOpenSSL ACBP=A9
 0002:0000075C 00000008 C=ICODE    S=.itext   G=(none)   M=IdAuthenticationNTLM ACBP=A9
 0002:00000764 00000008 C=ICODE    S=.itext   G=(none)   M=IdAuthenticationSSPI ACBP=A9
 0002:0000076C 00000008 C=ICODE    S=.itext   G=(none)   M=IdAuthenticationDigest ACBP=A9
 0002:00000774 00000008 C=ICODE    S=.itext   G=(none)   M=MVCBr.IdHTTPRestClient ACBP=A9
 0002:0000077C 00000008 C=ICODE    S=.itext   G=(none)   M=MVCBr.HTTPRestClientEditor ACBP=A9
 0002:00000784 00000008 C=ICODE    S=.itext   G=(none)   M=MVCBr.ODataDatasetBuilder ACBP=A9
 0002:0000078C 00000008 C=ICODE    S=.itext   G=(none)   M=MVCBr.ODataFDMemTable ACBP=A9
 0002:00000794 00000008 C=ICODE    S=.itext   G=(none)   M=MVCBr.ODataReg ACBP=A9
 0002:0000079C 00000008 C=ICODE    S=.itext   G=(none)   M=Data.DBXJSONReflect ACBP=A9
 0002:000007A4 00000008 C=ICODE    S=.itext   G=(none)   M=System.Bindings.Search ACBP=A9
 0002:000007AC 00000008 C=ICODE    S=.itext   G=(none)   M=System.Bindings.Evaluator ACBP=A9
 0002:000007B4 00000008 C=ICODE    S=.itext   G=(none)   M=System.Bindings.EvalSys ACBP=A9
 0002:000007BC 00000008 C=ICODE    S=.itext   G=(none)   M=System.Bindings.Graph ACBP=A9
 0002:000007C4 00000010 C=ICODE    S=.itext   G=(none)   M=System.Bindings.Factories ACBP=A9
 0002:000007D4 00000018 C=ICODE    S=.itext   G=(none)   M=System.Bindings.Outputs ACBP=A9
 0002:000007EC 00000010 C=ICODE    S=.itext   G=(none)   M=System.Bindings.Methods ACBP=A9
 0002:000007FC 00000008 C=ICODE    S=.itext   G=(none)   M=Data.Bind.Grid ACBP=A9
 0002:00000804 00000008 C=ICODE    S=.itext   G=(none)   M=Data.Bind.Components ACBP=A9
 0002:0000080C 00000010 C=ICODE    S=.itext   G=(none)   M=Data.Bind.ObjectScope ACBP=A9
 0002:0000081C 00000008 C=ICODE    S=.itext   G=(none)   M=IPPeerAPI ACBP=A9
 0002:00000824 00000008 C=ICODE    S=.itext   G=(none)   M=System.JSON.Types ACBP=A9
 0002:0000082C 00000008 C=ICODE    S=.itext   G=(none)   M=System.JSON.Utils ACBP=A9
 0002:00000834 00000008 C=ICODE    S=.itext   G=(none)   M=System.JSON.Readers ACBP=A9
 0002:0000083C 00000008 C=ICODE    S=.itext   G=(none)   M=System.JSON.Writers ACBP=A9
 0002:00000844 00000008 C=ICODE    S=.itext   G=(none)   M=REST.Json.Interceptors ACBP=A9
 0002:0000084C 00000008 C=ICODE    S=.itext   G=(none)   M=REST.JsonReflect ACBP=A9
 0002:00000854 00000008 C=ICODE    S=.itext   G=(none)   M=REST.Utils ACBP=A9
 0002:0000085C 00000008 C=ICODE    S=.itext   G=(none)   M=Data.Bind.JSON ACBP=A9
 0002:00000864 00000008 C=ICODE    S=.itext   G=(none)   M=MVCBr.HTTPFiredacAdapter ACBP=A9
 0002:0000086C 00000008 C=ICODE    S=.itext   G=(none)   M=.MVCBrOData ACBP=A9
 0003:00000000 00000088 C=DATA     S=.data    G=DGROUP   M=SysInit  ACBP=A9
 0003:00000088 0000000C C=DATA     S=.data    G=DGROUP   M=Winapi.Windows ACBP=A9
 0003:00000094 00000004 C=DATA     S=.data    G=DGROUP   M=Winapi.MsCTF ACBP=A9
 0003:00000098 00000080 C=DATA     S=.data    G=DGROUP   M=MVCFramework.Commons ACBP=A9
 0004:00000000 00000020 C=BSS      S=.bss     G=DGROUP   M=SysInit  ACBP=A9
 0004:00000020 00000008 C=BSS      S=.bss     G=DGROUP   M=Winapi.Windows ACBP=A9
 0004:00000028 00000008 C=BSS      S=.bss     G=DGROUP   M=Winapi.PsAPI ACBP=A9
 0004:00000030 00000004 C=BSS      S=.bss     G=DGROUP   M=MVCBr.HTTPRestClient.Common ACBP=A9
 0004:00000034 00000004 C=BSS      S=.bss     G=DGROUP   M=MVCBr.HTTPRestClient ACBP=A9
 0004:00000038 00000004 C=BSS      S=.bss     G=DGROUP   M=oData.Comp.Client ACBP=A9
 0004:0000003C 00000004 C=BSS      S=.bss     G=DGROUP   M=Winapi.MsCTF ACBP=A9
 0004:00000040 00000004 C=BSS      S=.bss     G=DGROUP   M=oData.Comp.Editor ACBP=A9
 0004:00000044 00000004 C=BSS      S=.bss     G=DGROUP   M=MVCFramework.TypesAliases ACBP=A9
 0004:00000048 00000094 C=BSS      S=.bss     G=DGROUP   M=MVCFramework.Commons ACBP=A9
 0004:000000DC 00000004 C=BSS      S=.bss     G=DGROUP   M=MVCFramework.Serializer.Commons ACBP=A9
 0004:000000E0 00000004 C=BSS      S=.bss     G=DGROUP   M=MVCFramework.Serializer.Intf ACBP=A9
 0004:000000E4 00000004 C=BSS      S=.bss     G=DGROUP   M=MVCFramework.DuckTyping ACBP=A9
 0004:000000E8 00000004 C=BSS      S=.bss     G=DGROUP   M=MVCFramework.Patches ACBP=A9
 0004:000000EC 0000000C C=BSS      S=.bss     G=DGROUP   M=MVCFramework.Rtti.Utils ACBP=A9
 0004:000000F8 0000000C C=BSS      S=.bss     G=DGROUP   M=ObjectsMappers ACBP=A9
 0004:00000104 00000004 C=BSS      S=.bss     G=DGROUP   M=MVCBr.ODataDataSet.Common ACBP=A9
 0004:00000108 00000004 C=BSS      S=.bss     G=DGROUP   M=MVCBr.ODataDatasetAdapter ACBP=A9
 0004:0000010C 00000004 C=BSS      S=.bss     G=DGROUP   M=MVCBr.IdHTTPRestClient ACBP=A9
 0004:00000110 00000004 C=BSS      S=.bss     G=DGROUP   M=MVCBr.HTTPRestClientEditor ACBP=A9
 0004:00000114 00000004 C=BSS      S=.bss     G=DGROUP   M=MVCBr.ODataDatasetBuilder ACBP=A9
 0004:00000118 00000004 C=BSS      S=.bss     G=DGROUP   M=MVCBr.ODataFDMemTable ACBP=A9
 0004:0000011C 00000004 C=BSS      S=.bss     G=DGROUP   M=MVCBr.ODataReg ACBP=A9
 0004:00000120 00000004 C=BSS      S=.bss     G=DGROUP   M=MVCBr.HTTPFiredacAdapter ACBP=A9


  Address             Publics by Name

 0002:0000086C       .MVCBrOData..MVCBrOData
 0001:0004B0F4       .MVCBrOData.@GetPackageInfoTable
 0001:0004B0FC       .MVCBrOData.@PackageLoad
 0001:0004B108       .MVCBrOData.@PackageUnload
 0002:00000448       BaseDock.BaseDock
 0001:0000591C       BaseDock.Finalization
 0002:00000400       BrandingAPI.BrandingAPI
 0001:000058D4       BrandingAPI.Finalization
 0002:00000804       Data.Bind.Components.Data.Bind.Components
 0001:00049230       Data.Bind.Components.Finalization
 0002:000007FC       Data.Bind.Grid.Data.Bind.Grid
 0001:00049228       Data.Bind.Grid.Finalization
 0002:0000085C       Data.Bind.JSON.Data.Bind.JSON
 0001:00049288       Data.Bind.JSON.Finalization
 0002:00000814       Data.Bind.ObjectScope.Data.Bind.ObjectScope
 0001:00049240       Data.Bind.ObjectScope.Finalization
 0002:0000080C       Data.Bind.ObjectScope.TBindSourceAdapterField.Create@
 0001:00049238       Data.Bind.ObjectScope.TBindSourceAdapterField.Destroy@
 0002:00000108       Data.DB.Data.DB
 0001:00001928       Data.DB.ExtractFieldName
 0001:00001CF8       Data.DB.Finalization
 0001:00001980       Data.DB.TBlobField.GetModified
 0001:00001988       Data.DB.TBlobField.LoadFromStream
 0001:00001990       Data.DB.TBlobField.SaveToStream
 0001:00001B90       Data.DB.TDataSet.ActivateBuffers
 0001:00001C08       Data.DB.TDataSet.Append
 0001:00001A88       Data.DB.TDataSet.BindFields
 0001:00001BF8       Data.DB.TDataSet.BlockReadNext
 0001:00001BC8       Data.DB.TDataSet.CalculateFields
 0001:00001BD0       Data.DB.TDataSet.CalculateFields
 0001:00001A10       Data.DB.TDataSet.CheckActive
 0001:00001A80       Data.DB.TDataSet.CheckFieldCompatibility
 0001:00001A08       Data.DB.TDataSet.CheckInactive
 0001:00001B88       Data.DB.TDataSet.ClearBuffers
 0001:00001BD8       Data.DB.TDataSet.ClearCalcFields
 0001:00001A00       Data.DB.TDataSet.Close
 0001:00001A70       Data.DB.TDataSet.CreateFields
 0001:000019E8       Data.DB.TDataSet.CreateNestedDataSet
 0001:00001B00       Data.DB.TDataSet.DataConvert
 0001:00001B08       Data.DB.TDataSet.DataConvert
 0001:00001A78       Data.DB.TDataSet.DestroyFields
 0001:00001B50       Data.DB.TDataSet.DisableControls
 0001:00001C90       Data.DB.TDataSet.DoAfterCancel
 0001:00001C98       Data.DB.TDataSet.DoAfterClose
 0001:00001CA0       Data.DB.TDataSet.DoAfterDelete
 0001:00001CA8       Data.DB.TDataSet.DoAfterEdit
 0001:00001CB0       Data.DB.TDataSet.DoAfterInsert
 0001:00001CB8       Data.DB.TDataSet.DoAfterPost
 0001:00001CC0       Data.DB.TDataSet.DoAfterScroll
 0001:00001CC8       Data.DB.TDataSet.DoBeforeCancel
 0001:00001CD0       Data.DB.TDataSet.DoBeforeClose
 0001:00001CD8       Data.DB.TDataSet.DoBeforeOpen
 0001:00001CE0       Data.DB.TDataSet.DoBeforePost
 0001:00001CE8       Data.DB.TDataSet.DoBeforeRefresh
 0001:00001CF0       Data.DB.TDataSet.DoOnCalcFields
 0001:00001B58       Data.DB.TDataSet.EnableControls
 0001:00001AE0       Data.DB.TDataSet.FieldByName
 0001:00001AE8       Data.DB.TDataSet.FindField
 0001:00001BE0       Data.DB.TDataSet.First
 0001:00001C38       Data.DB.TDataSet.FreeBookmark
 0001:00001A90       Data.DB.TDataSet.FreeFieldBuffers
 0001:00001A18       Data.DB.TDataSet.GetActive
 0001:00001B20       Data.DB.TDataSet.GetAggFieldsClass
 0001:00001C88       Data.DB.TDataSet.GetAggRecordCount
 0001:00001AA0       Data.DB.TDataSet.GetBlobFieldData
 0001:00001C30       Data.DB.TDataSet.GetBookmark
 0001:00001C58       Data.DB.TDataSet.GetBookmarkData
 0001:00001C50       Data.DB.TDataSet.GetBookmarkData
 0001:00001C70       Data.DB.TDataSet.GetBookmarkFlag
 0001:00001C40       Data.DB.TDataSet.GetBookmarkStr
 0001:00001BB8       Data.DB.TDataSet.GetCalcFields
 0001:00001BC0       Data.DB.TDataSet.GetCalcFields
 0001:00001A60       Data.DB.TDataSet.GetCalcFieldTypes
 0001:00001B48       Data.DB.TDataSet.GetCheckConstraintsClass
 0001:00001B98       Data.DB.TDataSet.GetCurrentRecord
 0001:00001A28       Data.DB.TDataSet.GetDetailDataSets
 0001:00001A20       Data.DB.TDataSet.GetDetailDataSets
 0001:00001A30       Data.DB.TDataSet.GetDetailLinkFields
 0001:00001A58       Data.DB.TDataSet.GetFieldClass
 0001:00001A98       Data.DB.TDataSet.GetFieldCount
 0001:00001AB0       Data.DB.TDataSet.GetFieldData
 0001:00001AB8       Data.DB.TDataSet.GetFieldData
 0001:00001AC0       Data.DB.TDataSet.GetFieldData
 0001:00001AA8       Data.DB.TDataSet.GetFieldData
 0001:00001B40       Data.DB.TDataSet.GetFieldDefListClass
 0001:00001B30       Data.DB.TDataSet.GetFieldDefsClass
 0001:00001A68       Data.DB.TDataSet.GetFieldFullName
 0001:00001B28       Data.DB.TDataSet.GetFieldListClass
 0001:00001AF0       Data.DB.TDataSet.GetFieldNames
 0001:00001B18       Data.DB.TDataSet.GetFieldsClass
 0001:00001B38       Data.DB.TDataSet.GetIndexDefsClass
 0001:00001A38       Data.DB.TDataSet.GetLookupListClass
 0001:00001B70       Data.DB.TDataSet.GetNextRecord
 0001:00001BA0       Data.DB.TDataSet.GetNextRecords
 0001:00001B10       Data.DB.TDataSet.GetParamsClass
 0001:00001B78       Data.DB.TDataSet.GetPriorRecord
 0001:00001BA8       Data.DB.TDataSet.GetPriorRecords
 0001:00001A40       Data.DB.TDataSet.InitFieldDefs
 0001:00001BB0       Data.DB.TDataSet.InitRecord
 0001:00001C28       Data.DB.TDataSet.InternalAddRecord
 0001:00001C20       Data.DB.TDataSet.InternalAddRecord
 0001:00001C18       Data.DB.TDataSet.InternalInitRecord
 0001:00001C80       Data.DB.TDataSet.InternalSetToRecord
 0001:00001BE8       Data.DB.TDataSet.MoveBy
 0001:00001BF0       Data.DB.TDataSet.Next
 0001:000019F8       Data.DB.TDataSet.Open
 0001:00001B80       Data.DB.TDataSet.Resync
 0001:00001C00       Data.DB.TDataSet.SetBlockReadSize
 0001:00001C60       Data.DB.TDataSet.SetBookmarkData
 0001:00001C68       Data.DB.TDataSet.SetBookmarkData
 0001:00001C78       Data.DB.TDataSet.SetBookmarkFlag
 0001:00001C48       Data.DB.TDataSet.SetBookmarkStr
 0001:00001B60       Data.DB.TDataSet.SetBufListSize
 0001:00001B68       Data.DB.TDataSet.SetCurrentRecord
 0001:000019F0       Data.DB.TDataSet.SetDataSetField
 0001:00001AD8       Data.DB.TDataSet.SetFieldData
 0001:00001AC8       Data.DB.TDataSet.SetFieldData
 0001:00001AD0       Data.DB.TDataSet.SetFieldData
 0001:00001A50       Data.DB.TDataSet.SetFieldDefProps
 0001:00001A48       Data.DB.TDataSet.SetFieldProps
 0001:000019E0       Data.DB.TDataSet.SetName
 0001:00001AF8       Data.DB.TDataSet.SetStateFieldValue
 0001:00001C10       Data.DB.TDataSet.Translate
 0001:00001930       Data.DB.TDefCollection.IndexOf
 0001:00001968       Data.DB.TField.GetFullName
 0001:00001970       Data.DB.TField.GetNewValue
 0001:00001978       Data.DB.TField.GetOldValue
 0001:00001938       Data.DB.TFieldDefs.Add
 0001:00001958       Data.DB.TFields.GetCount
 0001:00001960       Data.DB.TFields.GetEnumerator
 0001:00001950       Data.DB.TFields.GetField
 0001:00001940       Data.DB.TFieldsEnumerator.GetCurrent
 0001:00001948       Data.DB.TFieldsEnumerator.MoveNext
 0001:000019D8       Data.DB.TParam.GetAsVariant
 0001:000019C0       Data.DB.TParam.GetDataType
 0001:000019B8       Data.DB.TParam.GetIsNull
 0001:000019D0       Data.DB.TParam.SetAsVariant
 0001:000019C8       Data.DB.TParam.SetDataType
 0001:000019A8       Data.DB.TParams.AddParameter
 0001:00001998       Data.DB.TParams.Create
 0001:000019B0       Data.DB.TParams.FindParam
 0001:000019A0       Data.DB.TParams.GetItem
 0002:0000079C       Data.DBXJSONReflect.TJSONConverters.Create@
 0001:000491B0       Data.DBXJSONReflect.TJSONConverters.Destroy@
 0001:000491C8       Data.FireDACJSONReflect.TFDJSONDataSetsBase.Create
 0001:000491C0       Data.FireDACJSONReflect.TFDJSONDataSetsReader.GetListValue
 0001:000491B8       Data.FireDACJSONReflect.TFDJSONInterceptor.JSONObjectToDataSets
 0001:00001918       Data.FmtBcd.BcdToDouble
 0002:00000100       Data.FmtBcd.Data.FmtBcd
 0001:00001910       Data.FmtBcd.DoubleToBcd
 0001:00001920       Data.FmtBcd.Finalization
 0002:000000F8       Data.SqlTimSt.Data.SqlTimSt
 0001:00001908       Data.SqlTimSt.Finalization
 0001:000018F8       Data.SqlTimSt.SQLTimeStampToStr
 0001:00001900       Data.SqlTimSt.StrToSQLTimeStamp
 0002:00000490       DesignEditors.DesignEditors
 0001:00005984       DesignEditors.Finalization
 0001:00005974       DesignEditors.TComponentEditor.Copy
 0001:00005964       DesignEditors.TComponentEditor.Create
 0001:0000596C       DesignEditors.TComponentEditor.Edit
 0001:0000597C       DesignEditors.TComponentEditor.PrepareItem
 0001:000058AC       DesignIntf.RegisterComponentEditor
 0002:00000458       DeskForm.DeskForm
 0001:0000592C       DeskForm.Finalization
 0002:00000450       DeskUtil.DeskUtil
 0001:00005924       DeskUtil.Finalization
 0002:00000460       DockForm.DockForm
 0001:00005934       DockForm.Finalization
 0001:00021CE4       FireDAC.Comp.Client.Finalization
 0002:0000063C       FireDAC.Comp.Client.FireDAC.Comp.Client
 0001:00021B14       FireDAC.Comp.Client.TFDAdaptedDataSet.AttachTable
 0001:00021B04       FireDAC.Comp.Client.TFDAdaptedDataSet.CheckOnline
 0001:00021B2C       FireDAC.Comp.Client.TFDAdaptedDataSet.Disconnect
 0001:00021BCC       FireDAC.Comp.Client.TFDAdaptedDataSet.DoApplyUpdates
 0001:00021BBC       FireDAC.Comp.Client.TFDAdaptedDataSet.DoClearBeforeRefetch
 0001:00021B1C       FireDAC.Comp.Client.TFDAdaptedDataSet.DoCloneCursor
 0001:00021B8C       FireDAC.Comp.Client.TFDAdaptedDataSet.DoCloseSource
 0001:00021B64       FireDAC.Comp.Client.TFDAdaptedDataSet.DoDefineDatSManager
 0001:00021BC4       FireDAC.Comp.Client.TFDAdaptedDataSet.DoExecuteSource
 0001:00021BAC       FireDAC.Comp.Client.TFDAdaptedDataSet.DoFetch
 0001:00021BB4       FireDAC.Comp.Client.TFDAdaptedDataSet.DoFetch
 0001:00021B9C       FireDAC.Comp.Client.TFDAdaptedDataSet.DoGetDatSManager
 0001:00021BA4       FireDAC.Comp.Client.TFDAdaptedDataSet.DoGetTableName
 0001:00021B7C       FireDAC.Comp.Client.TFDAdaptedDataSet.DoIsSourceAsync
 0001:00021B84       FireDAC.Comp.Client.TFDAdaptedDataSet.DoIsSourceOnline
 0001:00021B74       FireDAC.Comp.Client.TFDAdaptedDataSet.DoIsSourceOpen
 0001:00021B3C       FireDAC.Comp.Client.TFDAdaptedDataSet.DoMasterDefined
 0001:00021B4C       FireDAC.Comp.Client.TFDAdaptedDataSet.DoMasterParamDependent
 0001:00021B44       FireDAC.Comp.Client.TFDAdaptedDataSet.DoMasterParamSetValues
 0001:00021B6C       FireDAC.Comp.Client.TFDAdaptedDataSet.DoOpenSource
 0001:00021B54       FireDAC.Comp.Client.TFDAdaptedDataSet.DoPrepareSource
 0001:00021BD4       FireDAC.Comp.Client.TFDAdaptedDataSet.DoProcessUpdateRequest
 0001:00021B94       FireDAC.Comp.Client.TFDAdaptedDataSet.DoResetDatSManager
 0001:00021BE4       FireDAC.Comp.Client.TFDAdaptedDataSet.DoStoredActivation
 0001:00021B5C       FireDAC.Comp.Client.TFDAdaptedDataSet.DoUnprepareSource
 0001:00021C7C       FireDAC.Comp.Client.TFDAdaptedDataSet.ExecuteCommand
 0001:00021C74       FireDAC.Comp.Client.TFDAdaptedDataSet.GetCommandStates
 0001:00021BEC       FireDAC.Comp.Client.TFDAdaptedDataSet.GetConn
 0001:00021BF4       FireDAC.Comp.Client.TFDAdaptedDataSet.GetFeatures
 0001:00021AFC       FireDAC.Comp.Client.TFDAdaptedDataSet.GetParams
 0001:00021B24       FireDAC.Comp.Client.TFDAdaptedDataSet.InternalClose
 0001:00021AF4       FireDAC.Comp.Client.TFDAdaptedDataSet.Notification
 0001:00021C0C       FireDAC.Comp.Client.TFDAdaptedDataSet.PSEndTransaction
 0001:00021C5C       FireDAC.Comp.Client.TFDAdaptedDataSet.PSExecuteStatement
 0001:00021C64       FireDAC.Comp.Client.TFDAdaptedDataSet.PSExecuteStatement
 0001:00021C54       FireDAC.Comp.Client.TFDAdaptedDataSet.PSExecuteStatement
 0001:00021C6C       FireDAC.Comp.Client.TFDAdaptedDataSet.PSGetAttributes
 0001:00021C3C       FireDAC.Comp.Client.TFDAdaptedDataSet.PSGetCommandText
 0001:00021C44       FireDAC.Comp.Client.TFDAdaptedDataSet.PSGetCommandType
 0001:00021C2C       FireDAC.Comp.Client.TFDAdaptedDataSet.PSGetParams
 0001:00021C24       FireDAC.Comp.Client.TFDAdaptedDataSet.PSGetQuoteChar
 0001:00021BFC       FireDAC.Comp.Client.TFDAdaptedDataSet.PSInTransaction
 0001:00021C14       FireDAC.Comp.Client.TFDAdaptedDataSet.PSIsSQLBased
 0001:00021C1C       FireDAC.Comp.Client.TFDAdaptedDataSet.PSIsSQLSupported
 0001:00021C4C       FireDAC.Comp.Client.TFDAdaptedDataSet.PSSetCommandText
 0001:00021C34       FireDAC.Comp.Client.TFDAdaptedDataSet.PSSetParams
 0001:00021C04       FireDAC.Comp.Client.TFDAdaptedDataSet.PSStartTransaction
 0001:00021B0C       FireDAC.Comp.Client.TFDAdaptedDataSet.ReleaseBase
 0001:00021B34       FireDAC.Comp.Client.TFDAdaptedDataSet.ServerDeleteAll
 0001:00021BDC       FireDAC.Comp.Client.TFDAdaptedDataSet.SetOptionsIntf
 0001:00021CB4       FireDAC.Comp.Client.TFDCustomMemTable.AppendData
 0001:00021C84       FireDAC.Comp.Client.TFDCustomMemTable.Create
 0001:00021CA4       FireDAC.Comp.Client.TFDCustomMemTable.DefChanged
 0001:00021C94       FireDAC.Comp.Client.TFDCustomMemTable.DefineProperties
 0001:00021C8C       FireDAC.Comp.Client.TFDCustomMemTable.Destroy
 0001:00021CCC       FireDAC.Comp.Client.TFDCustomMemTable.GetExists
 0001:00021C9C       FireDAC.Comp.Client.TFDCustomMemTable.GetOptionsIntf
 0001:00021CBC       FireDAC.Comp.Client.TFDCustomMemTable.MergeChangeLog
 0001:00021CAC       FireDAC.Comp.Client.TFDCustomMemTable.SaveToDFM
 0001:00021CC4       FireDAC.Comp.Client.TFDCustomMemTable.SetOptionalParam
 0001:00021CDC       FireDAC.Comp.Client.TFDCustomQuery.ExecSQL
 0001:00021CD4       FireDAC.Comp.Client.TFDRdbmsDataSet.GetRowsAffected
 0001:000217C4       FireDAC.Comp.DataSet.TFDDataSet.AllocRecordBuffer
 0001:0002199C       FireDAC.Comp.DataSet.TFDDataSet.BookmarkValid
 0001:000217AC       FireDAC.Comp.DataSet.TFDDataSet.CalcBookmarkSize
 0001:0002191C       FireDAC.Comp.DataSet.TFDDataSet.Cancel
 0001:00021A8C       FireDAC.Comp.DataSet.TFDDataSet.CancelUpdates
 0001:00021A74       FireDAC.Comp.DataSet.TFDDataSet.CheckCachedUpdatesMode
 0001:00021734       FireDAC.Comp.DataSet.TFDDataSet.CheckMasterRange
 0001:000217D4       FireDAC.Comp.DataSet.TFDDataSet.ClearCalcFields
 0001:00021A3C       FireDAC.Comp.DataSet.TFDDataSet.CloneCursor
 0001:00021854       FireDAC.Comp.DataSet.TFDDataSet.CloseBlob
 0001:00021774       FireDAC.Comp.DataSet.TFDDataSet.CloseCursor
 0001:00021994       FireDAC.Comp.DataSet.TFDDataSet.CompareBookmarks
 0001:0002184C       FireDAC.Comp.DataSet.TFDDataSet.CreateBlobStream
 0001:00021A44       FireDAC.Comp.DataSet.TFDDataSet.CreateDataSet
 0001:00021744       FireDAC.Comp.DataSet.TFDDataSet.CreateFilterView
 0001:000216EC       FireDAC.Comp.DataSet.TFDDataSet.DataEvent
 0001:00021864       FireDAC.Comp.DataSet.TFDDataSet.DoAdjustSortFields
 0001:00021A9C       FireDAC.Comp.DataSet.TFDDataSet.DoAfterApplyUpdate
 0001:00021764       FireDAC.Comp.DataSet.TFDDataSet.DoAfterExecute
 0001:00021884       FireDAC.Comp.DataSet.TFDDataSet.DoAfterGetRecords
 0001:00021784       FireDAC.Comp.DataSet.TFDDataSet.DoAfterOpen
 0001:000218A4       FireDAC.Comp.DataSet.TFDDataSet.DoAfterRefresh
 0001:00021894       FireDAC.Comp.DataSet.TFDDataSet.DoAfterRowRequest
 0001:00021A94       FireDAC.Comp.DataSet.TFDDataSet.DoBeforeApplyUpdate
 0001:000218EC       FireDAC.Comp.DataSet.TFDDataSet.DoBeforeDelete
 0001:000218E4       FireDAC.Comp.DataSet.TFDDataSet.DoBeforeEdit
 0001:0002175C       FireDAC.Comp.DataSet.TFDDataSet.DoBeforeExecute
 0001:0002187C       FireDAC.Comp.DataSet.TFDDataSet.DoBeforeGetRecords
 0001:000218DC       FireDAC.Comp.DataSet.TFDDataSet.DoBeforeInsert
 0001:0002188C       FireDAC.Comp.DataSet.TFDDataSet.DoBeforeRowRequest
 0001:0002189C       FireDAC.Comp.DataSet.TFDDataSet.DoBeforeScroll
 0001:00021A7C       FireDAC.Comp.DataSet.TFDDataSet.DoCachedUpdatesChanged
 0001:00021754       FireDAC.Comp.DataSet.TFDDataSet.DoCreateFields
 0001:00021A04       FireDAC.Comp.DataSet.TFDDataSet.DoFilteringUpdated
 0001:00021A2C       FireDAC.Comp.DataSet.TFDDataSet.DoFilterRow
 0001:0002171C       FireDAC.Comp.DataSet.TFDDataSet.DoMasterParamChanged
 0001:00021724       FireDAC.Comp.DataSet.TFDDataSet.DoMasterReset
 0001:0002193C       FireDAC.Comp.DataSet.TFDDataSet.DoOnNewRecord
 0001:0002185C       FireDAC.Comp.DataSet.TFDDataSet.DoPurge
 0001:00021954       FireDAC.Comp.DataSet.TFDDataSet.DoReconcileErrorHandler
 0001:00021874       FireDAC.Comp.DataSet.TFDDataSet.DoSortOrderChanged
 0001:0002186C       FireDAC.Comp.DataSet.TFDDataSet.DoSortOrderChanging
 0001:00021944       FireDAC.Comp.DataSet.TFDDataSet.DoUpdateErrorHandler
 0001:0002194C       FireDAC.Comp.DataSet.TFDDataSet.DoUpdateRecordHandler
 0001:00021794       FireDAC.Comp.DataSet.TFDDataSet.Execute
 0001:00021A34       FireDAC.Comp.DataSet.TFDDataSet.FindRecord
 0001:000217CC       FireDAC.Comp.DataSet.TFDDataSet.FreeRecordBuffer
 0001:000219A4       FireDAC.Comp.DataSet.TFDDataSet.GetAggregateValue
 0001:00021984       FireDAC.Comp.DataSet.TFDDataSet.GetBookmarkData
 0001:00021974       FireDAC.Comp.DataSet.TFDDataSet.GetBookmarkFlag
 0001:000218AC       FireDAC.Comp.DataSet.TFDDataSet.GetCanModify
 0001:000218B4       FireDAC.Comp.DataSet.TFDDataSet.GetCanRefresh
 0001:000217FC       FireDAC.Comp.DataSet.TFDDataSet.GetCurrentRecord
 0001:00021A64       FireDAC.Comp.DataSet.TFDDataSet.GetData
 0001:00021704       FireDAC.Comp.DataSet.TFDDataSet.GetDataSource
 0001:0002170C       FireDAC.Comp.DataSet.TFDDataSet.GetDetailLinkFields
 0001:000217A4       FireDAC.Comp.DataSet.TFDDataSet.GetFieldClass
 0001:00021834       FireDAC.Comp.DataSet.TFDDataSet.GetFieldData
 0001:0002182C       FireDAC.Comp.DataSet.TFDDataSet.GetFieldData
 0001:000219B4       FireDAC.Comp.DataSet.TFDDataSet.GetIsIndexField
 0001:00021814       FireDAC.Comp.DataSet.TFDDataSet.GetRecNo
 0001:000217EC       FireDAC.Comp.DataSet.TFDDataSet.GetRecord
 0001:000217F4       FireDAC.Comp.DataSet.TFDDataSet.GetRecord
 0001:00021804       FireDAC.Comp.DataSet.TFDDataSet.GetRecordCount
 0001:000217BC       FireDAC.Comp.DataSet.TFDDataSet.GetRecordSize
 0001:0002183C       FireDAC.Comp.DataSet.TFDDataSet.GetStateFieldValue
 0001:000217B4       FireDAC.Comp.DataSet.TFDDataSet.InitBufferPointers
 0001:00021934       FireDAC.Comp.DataSet.TFDDataSet.InitRecord
 0001:00021924       FireDAC.Comp.DataSet.TFDDataSet.InternalAddRecord
 0001:00021914       FireDAC.Comp.DataSet.TFDDataSet.InternalCancel
 0001:000219BC       FireDAC.Comp.DataSet.TFDDataSet.InternalDefaultKeyFieldCount
 0001:00021904       FireDAC.Comp.DataSet.TFDDataSet.InternalDelete
 0001:000218CC       FireDAC.Comp.DataSet.TFDDataSet.InternalEdit
 0001:000218BC       FireDAC.Comp.DataSet.TFDDataSet.InternalFirst
 0001:0002195C       FireDAC.Comp.DataSet.TFDDataSet.InternalGotoBookmark
 0001:00021964       FireDAC.Comp.DataSet.TFDDataSet.InternalGotoBookmark
 0001:000219C4       FireDAC.Comp.DataSet.TFDDataSet.InternalGotoKey
 0001:000216E4       FireDAC.Comp.DataSet.TFDDataSet.InternalHandleException
 0001:0002179C       FireDAC.Comp.DataSet.TFDDataSet.InternalInitFieldDefs
 0001:0002192C       FireDAC.Comp.DataSet.TFDDataSet.InternalInitRecord
 0001:000218D4       FireDAC.Comp.DataSet.TFDDataSet.InternalInsert
 0001:000218C4       FireDAC.Comp.DataSet.TFDDataSet.InternalLast
 0001:0002177C       FireDAC.Comp.DataSet.TFDDataSet.InternalOpen
 0001:000218F4       FireDAC.Comp.DataSet.TFDDataSet.InternalPost
 0001:0002190C       FireDAC.Comp.DataSet.TFDDataSet.InternalRefresh
 0001:000219CC       FireDAC.Comp.DataSet.TFDDataSet.InternalResetRange
 0001:0002181C       FireDAC.Comp.DataSet.TFDDataSet.InternalSetRecNo
 0001:0002196C       FireDAC.Comp.DataSet.TFDDataSet.InternalSetToRecord
 0001:0002178C       FireDAC.Comp.DataSet.TFDDataSet.IsCursorOpen
 0001:000216F4       FireDAC.Comp.DataSet.TFDDataSet.IsSequenced
 0001:00021A5C       FireDAC.Comp.DataSet.TFDDataSet.Loaded
 0001:00021A4C       FireDAC.Comp.DataSet.TFDDataSet.LoadFromStorage
 0001:000219D4       FireDAC.Comp.DataSet.TFDDataSet.Locate
 0001:000219E4       FireDAC.Comp.DataSet.TFDDataSet.LocateEx
 0001:000219DC       FireDAC.Comp.DataSet.TFDDataSet.LocateEx
 0001:000219EC       FireDAC.Comp.DataSet.TFDDataSet.Lookup
 0001:000219F4       FireDAC.Comp.DataSet.TFDDataSet.LookupEx
 0001:000219FC       FireDAC.Comp.DataSet.TFDDataSet.LookupEx
 0001:0002173C       FireDAC.Comp.DataSet.TFDDataSet.MasterChanged
 0001:00021714       FireDAC.Comp.DataSet.TFDDataSet.MasterDefined
 0001:0002172C       FireDAC.Comp.DataSet.TFDDataSet.MasterDisabled
 0001:0002176C       FireDAC.Comp.DataSet.TFDDataSet.OpenCursor
 0001:000218FC       FireDAC.Comp.DataSet.TFDDataSet.Post
 0001:00021AAC       FireDAC.Comp.DataSet.TFDDataSet.PSExecute
 0001:00021ABC       FireDAC.Comp.DataSet.TFDDataSet.PSGetDefaultOrder
 0001:00021AC4       FireDAC.Comp.DataSet.TFDDataSet.PSGetIndexDefs
 0001:00021ACC       FireDAC.Comp.DataSet.TFDDataSet.PSGetKeyFields
 0001:00021AD4       FireDAC.Comp.DataSet.TFDDataSet.PSGetTableName
 0001:00021ADC       FireDAC.Comp.DataSet.TFDDataSet.PSGetUpdateException
 0001:00021AB4       FireDAC.Comp.DataSet.TFDDataSet.PSReset
 0001:00021AE4       FireDAC.Comp.DataSet.TFDDataSet.PSUpdateRecord
 0001:000217DC       FireDAC.Comp.DataSet.TFDDataSet.RefreshInternalCalcFields
 0001:000217E4       FireDAC.Comp.DataSet.TFDDataSet.RefreshInternalCalcFields
 0001:000219AC       FireDAC.Comp.DataSet.TFDDataSet.ResetAggField
 0001:00021A54       FireDAC.Comp.DataSet.TFDDataSet.SaveToStorage
 0001:000216FC       FireDAC.Comp.DataSet.TFDDataSet.SetActive
 0001:0002198C       FireDAC.Comp.DataSet.TFDDataSet.SetBookmarkData
 0001:0002197C       FireDAC.Comp.DataSet.TFDDataSet.SetBookmarkFlag
 0001:00021A84       FireDAC.Comp.DataSet.TFDDataSet.SetCachedUpdates
 0001:00021A6C       FireDAC.Comp.DataSet.TFDDataSet.SetData
 0001:00021844       FireDAC.Comp.DataSet.TFDDataSet.SetFieldData
 0001:00021A1C       FireDAC.Comp.DataSet.TFDDataSet.SetFiltered
 0001:00021A0C       FireDAC.Comp.DataSet.TFDDataSet.SetFilterOptions
 0001:00021A14       FireDAC.Comp.DataSet.TFDDataSet.SetFilterText
 0001:00021A24       FireDAC.Comp.DataSet.TFDDataSet.SetOnFilterRecord
 0001:00021824       FireDAC.Comp.DataSet.TFDDataSet.SetRecNo
 0001:0002174C       FireDAC.Comp.DataSet.TFDDataSet.UpdateIndexDefs
 0001:0002180C       FireDAC.Comp.DataSet.TFDDataSet.UpdateRecordCount
 0001:00021AA4       FireDAC.Comp.DataSet.TFDDataSet.UpdateStatus
 0001:0002169C       FireDAC.DatS.Finalization
 0002:0000060C       FireDAC.DatS.FireDAC.DatS
 0001:0002167C       FireDAC.Stan.Error.Finalization
 0002:000005EC       FireDAC.Stan.Error.FireDAC.Stan.Error
 0001:00021AEC       FireDAC.Stan.Expr.Finalization
 0002:00000634       FireDAC.Stan.Expr.FireDAC.Stan.Expr
 0001:000216AC       FireDAC.Stan.Factory.Finalization
 0002:0000061C       FireDAC.Stan.Factory.FireDAC.Stan.Factory
 0001:0002168C       FireDAC.Stan.Intf.Finalization
 0002:000005FC       FireDAC.Stan.Intf.FireDAC.Stan.Intf
 0001:000216B4       FireDAC.Stan.Option.Finalization
 0002:00000624       FireDAC.Stan.Option.FireDAC.Stan.Option
 0001:000216DC       FireDAC.Stan.Param.Finalization
 0002:0000062C       FireDAC.Stan.Param.FireDAC.Stan.Param
 0001:000216CC       FireDAC.Stan.Param.TFDParam.Clear
 0001:000216D4       FireDAC.Stan.Param.TFDParam.SetAsVariant
 0001:000216C4       FireDAC.Stan.Param.TFDParam.SetDataType
 0001:000216BC       FireDAC.Stan.Param.TFDParams.GetItem
 0001:00021694       FireDAC.Stan.SQLTimeInt.Finalization
 0002:00000604       FireDAC.Stan.SQLTimeInt.FireDAC.Stan.SQLTimeInt
 0001:00021684       FireDAC.Stan.Util.Finalization
 0002:000005F4       FireDAC.Stan.Util.FireDAC.Stan.Util
 0001:000216A4       FireDAC.UI.Intf.Finalization
 0002:00000614       FireDAC.UI.Intf.FireDAC.UI.Intf
 0001:00045E64       IdAuthentication.Finalization
 0002:000006EC       IdAuthentication.IdAuthentication
 0001:00045EFC       IdAuthenticationDigest.Finalization
 0002:0000076C       IdAuthenticationDigest.IdAuthenticationDigest
 0001:00045EEC       IdAuthenticationNTLM.Finalization
 0002:0000075C       IdAuthenticationNTLM.IdAuthenticationNTLM
 0001:00045EF4       IdAuthenticationSSPI.Finalization
 0002:00000764       IdAuthenticationSSPI.IdAuthenticationSSPI
 0001:0000602C       IdBaseComponent.TIdBaseComponent.Create
 0001:0000601C       IdBaseComponent.TIdInitializerComponent.Create
 0001:00006024       IdBaseComponent.TIdInitializerComponent.InitComponent
 0001:00006064       IdCoder.TIdDecoder.DecodeBegin
 0001:0000606C       IdCoder.TIdDecoder.DecodeEnd
 0001:00006074       IdCoder.TIdDecoder.DecodeString
 0001:00006084       IdCoder.TIdEncoder.EncodeBytes
 0001:0000607C       IdCoder.TIdEncoder.EncodeString
 0001:0000608C       IdCoder3to4.TIdDecoder4to3.ConstructDecodeTable
 0001:00006094       IdCoder3to4.TIdDecoder4to3.Decode
 0001:0000609C       IdCoder3to4.TIdEncoder3to4.Encode
 0001:000060A4       IdCoderMIME.Finalization
 0002:000004E8       IdCoderMIME.IdCoderMIME
 0001:00045E7C       IdComponent.Finalization
 0002:000006FC       IdComponent.IdComponent
 0001:000058B4       IDEMessages.Finalization
 0002:000003E0       IDEMessages.IDEMessages
 0001:00045ED4       IdFIPS.Finalization
 0002:00000744       IdFIPS.IdFIPS
 0001:00006014       IdGlobal.Finalization
 0002:000004B0       IdGlobal.IdGlobal
 0001:0000600C       IdGlobal.ToBytes
 0001:0000605C       IdGlobalProtocols.Finalization
 0002:000004E0       IdGlobalProtocols.IdGlobalProtocols
 0001:00045EC4       IdHeaderCoder2022JP.Finalization
 0002:00000734       IdHeaderCoder2022JP.IdHeaderCoder2022JP
 0001:00045EB4       IdHeaderCoderBase.Finalization
 0002:00000724       IdHeaderCoderBase.IdHeaderCoderBase
 0001:00045ECC       IdHeaderCoderIndy.Finalization
 0002:0000073C       IdHeaderCoderIndy.IdHeaderCoderIndy
 0001:00045EBC       IdHeaderCoderPlain.Finalization
 0002:0000072C       IdHeaderCoderPlain.IdHeaderCoderPlain
 0001:00045F04       IdHTTP.TIdCustomHTTP.Delete
 0001:00045F24       IdHTTP.TIdCustomHTTP.Get
 0001:00045F34       IdHTTP.TIdCustomHTTP.GetRequest
 0001:00045F2C       IdHTTP.TIdCustomHTTP.GetResponse
 0001:00045F0C       IdHTTP.TIdCustomHTTP.Options
 0001:00045F44       IdHTTP.TIdCustomHTTP.Patch
 0001:00045F14       IdHTTP.TIdCustomHTTP.Post
 0001:00045F1C       IdHTTP.TIdCustomHTTP.Put
 0001:00045F3C       IdHTTP.TIdHTTPResponse.GetResponseCode
 0001:00045E74       IdHTTPHeaderInfo.Finalization
 0002:000006F4       IdHTTPHeaderInfo.IdHTTPHeaderInfo
 0001:00045E6C       IdHTTPHeaderInfo.TIdEntityHeaderInfo.SetContentType
 0001:00006044       IdIDN.Finalization
 0002:000004C8       IdIDN.IdIDN
 0001:00045E84       IdIOHandler.Finalization
 0002:00000704       IdIOHandler.IdIOHandler
 0001:00045E8C       IdIOHandlerStack.Finalization
 0002:0000070C       IdIOHandlerStack.IdIOHandlerStack
 0001:00045EAC       IdSSL.Finalization
 0002:0000071C       IdSSL.IdSSL
 0001:00045EE4       IdSSLOpenSSL.Finalization
 0002:00000754       IdSSLOpenSSL.IdSSLOpenSSL
 0001:00045EDC       IdSSLOpenSSLHeaders.Finalization
 0002:0000074C       IdSSLOpenSSLHeaders.IdSSLOpenSSLHeaders
 0001:00006054       IdStack.Finalization
 0002:000004D8       IdStack.IdStack
 0001:0000604C       IdStackWindows.Finalization
 0002:000004D0       IdStackWindows.IdStackWindows
 0001:00045E94       IdTCPClient.TIdTCPClientCustom.SetConnectTimeout
 0001:00045E9C       IdTCPClient.TIdTCPClientCustom.SetReadTimeout
 0001:00045EA4       IdThread.Finalization
 0002:00000714       IdThread.IdThread
 0001:00006034       IdWinsock2.Finalization
 0002:000004B8       IdWinsock2.IdWinsock2
 0001:0000603C       IdWship6.Finalization
 0002:000004C0       IdWship6.IdWship6
 0001:00049248       IPPeerAPI.Finalization
 0002:0000081C       IPPeerAPI.IPPeerAPI
 0004:00000120       MVCBr.HTTPFiredacAdapter..2
 0001:000492A8       MVCBr.HTTPFiredacAdapter..THTTPFireDACAdapter
 0001:000498E8       MVCBr.HTTPFiredacAdapter..THTTPFireDACAdapter.Execute$1$ActRec
 0001:00049DA4       MVCBr.HTTPFiredacAdapter.Finalization
 0001:00049A84       MVCBr.HTTPFiredacAdapter.LoadWithReflect
 0002:00000864       MVCBr.HTTPFiredacAdapter.MVCBr.HTTPFiredacAdapter
 0001:000495D0       MVCBr.HTTPFiredacAdapter.THTTPFireDACAdapter.CreateDatasetFromJson
 0001:000499F0       MVCBr.HTTPFiredacAdapter.THTTPFireDACAdapter.Execute
 0001:000499DC       MVCBr.HTTPFiredacAdapter.THTTPFireDACAdapter.Execute$1$ActRec.$0$Body
 0001:00049BB4       MVCBr.HTTPFiredacAdapter.THTTPFireDACAdapter.FillDatasetFromJSONValue
 0001:00049D2C       MVCBr.HTTPFiredacAdapter.THTTPFireDACAdapter.GetActive
 0001:00049D40       MVCBr.HTTPFiredacAdapter.THTTPFireDACAdapter.Notification
 0001:00049D64       MVCBr.HTTPFiredacAdapter.THTTPFireDACAdapter.SetActive
 0001:00049D88       MVCBr.HTTPFiredacAdapter.THTTPFireDACAdapter.SetDataset
 0001:00049D8C       MVCBr.HTTPFiredacAdapter.THTTPFireDACAdapter.SetResponseJSON
 0001:00049D90       MVCBr.HTTPFiredacAdapter.THTTPFireDACAdapter.SetRootElement
 0004:00000034       MVCBr.HTTPRestClient..2
 0001:000027C8       MVCBr.HTTPRestClient..THTTPRestClient
 0001:00003030       MVCBr.HTTPRestClient.Finalization
 0002:00000180       MVCBr.HTTPRestClient.MVCBr.HTTPRestClient
 0001:00002C10       MVCBr.HTTPRestClient.THTTPRestClient.Create
 0001:00002C58       MVCBr.HTTPRestClient.THTTPRestClient.Destroy
 0001:00002C7C       MVCBr.HTTPRestClient.THTTPRestClient.Execute
 0001:00002C88       MVCBr.HTTPRestClient.THTTPRestClient.Execute
 0001:00002C84       MVCBr.HTTPRestClient.THTTPRestClient.GetHTTP
 0004:00000030       MVCBr.HTTPRestClient.Common..2
 0001:00001E98       MVCBr.HTTPRestClient.Common..TMVCBrHttpRestClientAbstract
 0001:000026D0       MVCBr.HTTPRestClient.Common.Finalization
 0002:00000118       MVCBr.HTTPRestClient.Common.MVCBr.HTTPRestClient.Common
 0001:000024B0       MVCBr.HTTPRestClient.Common.TMVCBrHttpRestClientAbstract.Create
 0001:000025A4       MVCBr.HTTPRestClient.Common.TMVCBrHttpRestClientAbstract.CreateURI
 0001:000025C4       MVCBr.HTTPRestClient.Common.TMVCBrHttpRestClientAbstract.Destroy
 0001:000025F8       MVCBr.HTTPRestClient.Common.TMVCBrHttpRestClientAbstract.Execute
 0001:00002604       MVCBr.HTTPRestClient.Common.TMVCBrHttpRestClientAbstract.Execute
 0001:00002600       MVCBr.HTTPRestClient.Common.TMVCBrHttpRestClientAbstract.Prepare
 0001:00002630       MVCBr.HTTPRestClient.Common.TMVCBrHttpRestClientAbstract.SetAccept
 0001:00002644       MVCBr.HTTPRestClient.Common.TMVCBrHttpRestClientAbstract.SetAcceptCharset
 0001:00002658       MVCBr.HTTPRestClient.Common.TMVCBrHttpRestClientAbstract.SetAcceptEncoding
 0001:0000266C       MVCBr.HTTPRestClient.Common.TMVCBrHttpRestClientAbstract.SetBaseURL
 0001:00002680       MVCBr.HTTPRestClient.Common.TMVCBrHttpRestClientAbstract.SetBody
 0001:00002684       MVCBr.HTTPRestClient.Common.TMVCBrHttpRestClientAbstract.SetContent
 0001:00002698       MVCBr.HTTPRestClient.Common.TMVCBrHttpRestClientAbstract.SetCustomHeaders
 0001:0000269C       MVCBr.HTTPRestClient.Common.TMVCBrHttpRestClientAbstract.SetMethod
 0001:000026A0       MVCBr.HTTPRestClient.Common.TMVCBrHttpRestClientAbstract.SetResource
 0001:000026B4       MVCBr.HTTPRestClient.Common.TMVCBrHttpRestClientAbstract.SetResourcePrefix
 0001:000026C8       MVCBr.HTTPRestClient.Common.TMVCBrHttpRestClientAbstract.SetResponseCode
 0001:000026CC       MVCBr.HTTPRestClient.Common.TMVCBrHttpRestClientAbstract.SetTimeout
 0004:00000110       MVCBr.HTTPRestClientEditor..2
 0001:000468B0       MVCBr.HTTPRestClientEditor..THTTPRestClientCompEditor
 0001:00046BCC       MVCBr.HTTPRestClientEditor.Finalization
 0002:0000077C       MVCBr.HTTPRestClientEditor.MVCBr.HTTPRestClientEditor
 0001:00046AD0       MVCBr.HTTPRestClientEditor.THTTPRestClientCompEditor.Create
 0001:00046B48       MVCBr.HTTPRestClientEditor.THTTPRestClientCompEditor.Edit
 0001:00046B50       MVCBr.HTTPRestClientEditor.THTTPRestClientCompEditor.ExecuteVerb
 0001:00046B84       MVCBr.HTTPRestClientEditor.THTTPRestClientCompEditor.GetVerb
 0001:00046BC4       MVCBr.HTTPRestClientEditor.THTTPRestClientCompEditor.GetVerbCount
 0004:0000010C       MVCBr.IdHTTPRestClient..2
 0001:00045F4C       MVCBr.IdHTTPRestClient..TIdHTTPRestClient
 0001:000468A8       MVCBr.IdHTTPRestClient.Finalization
 0002:00000774       MVCBr.IdHTTPRestClient.MVCBr.IdHTTPRestClient
 0001:0004631C       MVCBr.IdHTTPRestClient.TIdHTTPRestClient.Create
 0001:000464C8       MVCBr.IdHTTPRestClient.TIdHTTPRestClient.Destroy
 0001:000464F0       MVCBr.IdHTTPRestClient.TIdHTTPRestClient.Execute
 0001:000464EC       MVCBr.IdHTTPRestClient.TIdHTTPRestClient.GetIdHTTP
 0004:00000104       MVCBr.ODataDataSet.Common..1
 0001:00041DBC       MVCBr.ODataDataSet.Common.CheckDataSet
 0001:0004187C       MVCBr.ODataDataSet.Common.DataRowToJsonObject
 0001:000422E4       MVCBr.ODataDataSet.Common.DeletedDataRowToJsonObject
 0001:000417A8       MVCBr.ODataDataSet.Common.FieldIsModified
 0001:000424CC       MVCBr.ODataDataSet.Common.Finalization
 0001:00041700       MVCBr.ODataDataSet.Common.MatchKeyField
 0001:00041F20       MVCBr.ODataDataSet.Common.ModifiedDataRowToJsonObject
 0002:000006DC       MVCBr.ODataDataSet.Common.MVCBr.ODataDataSet.Common
 0004:00000108       MVCBr.ODataDatasetAdapter..2
 0001:0004259C       MVCBr.ODataDatasetAdapter..TODataDatasetAdapter
 0001:00044850       MVCBr.ODataDatasetAdapter..TODataDatasetAdapter.Execute$20$ActRec
 0001:00044F9C       MVCBr.ODataDatasetAdapter..TODataDatasetAdapter.SetDataset$31$ActRec
 0001:00043C20       MVCBr.ODataDatasetAdapter.AddJSONDataRow
 0001:00043FE0       MVCBr.ODataDatasetAdapter.AddJSONDataRows
 0001:000444AC       MVCBr.ODataDatasetAdapter.FillParamValue
 0001:00045348       MVCBr.ODataDatasetAdapter.Finalization
 0001:000443E8       MVCBr.ODataDatasetAdapter.GetMasterSource
 0001:00043250       MVCBr.ODataDatasetAdapter.GetStringListFromJson
 0002:000006E4       MVCBr.ODataDatasetAdapter.MVCBr.ODataDatasetAdapter
 0001:000457E8       MVCBr.ODataDatasetAdapter.TJSONValue.Cast<System.Boolean>
 0001:0004570C       MVCBr.ODataDatasetAdapter.TJSONValue.Cast<System.Integer>
 0001:00045554       MVCBr.ODataDatasetAdapter.TJSONValue.Cast<System.JSON.TJSONArray>
 0001:000458C4       MVCBr.ODataDatasetAdapter.TJSONValue.Cast<System.JSON.TJSONValue>
 0001:00045630       MVCBr.ODataDatasetAdapter.TJSONValue.Cast<System.string>
 0001:000454AC       MVCBr.ODataDatasetAdapter.TJSONValue.TryGetValue<System.Boolean>
 0001:00045458       MVCBr.ODataDatasetAdapter.TJSONValue.TryGetValue<System.Integer>
 0001:000453A4       MVCBr.ODataDatasetAdapter.TJSONValue.TryGetValue<System.JSON.TJSONArray>
 0001:00045350       MVCBr.ODataDatasetAdapter.TJSONValue.TryGetValue<System.JSON.TJSONArray>
 0001:00045500       MVCBr.ODataDatasetAdapter.TJSONValue.TryGetValue<System.JSON.TJSONValue>
 0001:000453B4       MVCBr.ODataDatasetAdapter.TJSONValue.TryGetValue<System.string>
 0001:00043024       MVCBr.ODataDatasetAdapter.TODataDatasetAdapter.AddChanges
 0001:00043134       MVCBr.ODataDatasetAdapter.TODataDatasetAdapter.AddRowSet
 0001:00043170       MVCBr.ODataDatasetAdapter.TODataDatasetAdapter.ApplyUpdates
 0001:00043080       MVCBr.ODataDatasetAdapter.TODataDatasetAdapter.ApplyUpdates
 0001:0004317C       MVCBr.ODataDatasetAdapter.TODataDatasetAdapter.BeforeOpenDelegate
 0001:000431C8       MVCBr.ODataDatasetAdapter.TODataDatasetAdapter.ClearChanges
 0001:000431E8       MVCBr.ODataDatasetAdapter.TODataDatasetAdapter.Create
 0001:00043318       MVCBr.ODataDatasetAdapter.TODataDatasetAdapter.CreateDatasetFromJson
 0001:00043744       MVCBr.ODataDatasetAdapter.TODataDatasetAdapter.CreateFieldByProperties
 0001:00043A2C       MVCBr.ODataDatasetAdapter.TODataDatasetAdapter.CreateFieldsFromJson
 0001:000435D8       MVCBr.ODataDatasetAdapter.TODataDatasetAdapter.CreateFieldsFromJsonRow
 0001:00044274       MVCBr.ODataDatasetAdapter.TODataDatasetAdapter.DatasetFromJsonObject
 0001:000443A8       MVCBr.ODataDatasetAdapter.TODataDatasetAdapter.Destroy
 0001:00044534       MVCBr.ODataDatasetAdapter.TODataDatasetAdapter.DoGetParams
 0001:00044970       MVCBr.ODataDatasetAdapter.TODataDatasetAdapter.Execute
 0001:00044948       MVCBr.ODataDatasetAdapter.TODataDatasetAdapter.Execute$20$ActRec.$0$Body
 0001:0004495C       MVCBr.ODataDatasetAdapter.TODataDatasetAdapter.Execute$20$ActRec.$1$Body
 0001:00044AD4       MVCBr.ODataDatasetAdapter.TODataDatasetAdapter.FillDatasetFromJSONValue
 0001:00044DB0       MVCBr.ODataDatasetAdapter.TODataDatasetAdapter.GetActive
 0001:00044DC4       MVCBr.ODataDatasetAdapter.TODataDatasetAdapter.GetLoading
 0001:00044E40       MVCBr.ODataDatasetAdapter.TODataDatasetAdapter.Notification
 0001:00044E6C       MVCBr.ODataDatasetAdapter.TODataDatasetAdapter.ResourceKeys
 0001:00044E84       MVCBr.ODataDatasetAdapter.TODataDatasetAdapter.ResourceName
 0001:00044EA0       MVCBr.ODataDatasetAdapter.TODataDatasetAdapter.SetActive
 0001:00044EC4       MVCBr.ODataDatasetAdapter.TODataDatasetAdapter.SetBuilder
 0001:00045174       MVCBr.ODataDatasetAdapter.TODataDatasetAdapter.SetDataset
 0001:000450AC       MVCBr.ODataDatasetAdapter.TODataDatasetAdapter.SetDataset$31$ActRec.$0$Body
 0001:00045240       MVCBr.ODataDatasetAdapter.TODataDatasetAdapter.SetDatasetLoading
 0001:000452B8       MVCBr.ODataDatasetAdapter.TODataDatasetAdapter.SetLoading
 0001:000452CC       MVCBr.ODataDatasetAdapter.TODataDatasetAdapter.SetOnAfterApplyUpdate
 0001:000452E0       MVCBr.ODataDatasetAdapter.TODataDatasetAdapter.SetOnBeforeApplyUpdate
 0001:000452F4       MVCBr.ODataDatasetAdapter.TODataDatasetAdapter.SetOnGetParams
 0001:00045310       MVCBr.ODataDatasetAdapter.TODataDatasetAdapter.SetParams
 0001:00045318       MVCBr.ODataDatasetAdapter.TODataDatasetAdapter.SetResponseJSON
 0001:0004531C       MVCBr.ODataDatasetAdapter.TODataDatasetAdapter.SetResponseType
 0001:00045320       MVCBr.ODataDatasetAdapter.TODataDatasetAdapter.SetRootElement
 0001:00045334       MVCBr.ODataDatasetAdapter.TODataDatasetAdapter.UpdatesPending
 0001:00045A44       MVCBr.ODataDatasetAdapter.TValue.AsType<System.Boolean>
 0001:00045A10       MVCBr.ODataDatasetAdapter.TValue.AsType<System.Integer>
 0001:000459A0       MVCBr.ODataDatasetAdapter.TValue.AsType<System.JSON.TJSONArray>
 0001:00045A7C       MVCBr.ODataDatasetAdapter.TValue.AsType<System.JSON.TJSONValue>
 0001:000459D4       MVCBr.ODataDatasetAdapter.TValue.AsType<System.string>
 0001:00045DFC       MVCBr.ODataDatasetAdapter.TValue.Get<System.Boolean>
 0001:00045DC8       MVCBr.ODataDatasetAdapter.TValue.Get<System.Integer>
 0001:00045D54       MVCBr.ODataDatasetAdapter.TValue.Get<System.JSON.TJSONArray>
 0001:00045E30       MVCBr.ODataDatasetAdapter.TValue.Get<System.JSON.TJSONValue>
 0001:00045D88       MVCBr.ODataDatasetAdapter.TValue.Get<System.string>
 0001:00045C4C       MVCBr.ODataDatasetAdapter.TValue.TryAsType<System.Boolean>
 0001:00045BC8       MVCBr.ODataDatasetAdapter.TValue.TryAsType<System.Integer>
 0001:00045AB0       MVCBr.ODataDatasetAdapter.TValue.TryAsType<System.JSON.TJSONArray>
 0001:00045CD0       MVCBr.ODataDatasetAdapter.TValue.TryAsType<System.JSON.TJSONValue>
 0001:00045B34       MVCBr.ODataDatasetAdapter.TValue.TryAsType<System.string>
 0001:0004406C       MVCBr.ODataDatasetAdapter.UpdateDataset
 0004:00000114       MVCBr.ODataDatasetBuilder..2
 0001:00046BD4       MVCBr.ODataDatasetBuilder..TODataDatasetBuilder
 0001:00047760       MVCBr.ODataDatasetBuilder..TODataDatasetBuilder.execute$10$ActRec
 0001:00047B3C       MVCBr.ODataDatasetBuilder..TODataDatasetBuilder.SetDataset$15$ActRec
 0001:00047FB8       MVCBr.ODataDatasetBuilder.Finalization
 0002:00000784       MVCBr.ODataDatasetBuilder.MVCBr.ODataDatasetBuilder
 0001:000472CC       MVCBr.ODataDatasetBuilder.TODataDatasetBuilder.ApplyUpdates
 0001:00047374       MVCBr.ODataDatasetBuilder.TODataDatasetBuilder.Builder
 0001:0004738C       MVCBr.ODataDatasetBuilder.TODataDatasetBuilder.ClearChanges
 0001:00047410       MVCBr.ODataDatasetBuilder.TODataDatasetBuilder.Create
 0001:00047540       MVCBr.ODataDatasetBuilder.TODataDatasetBuilder.Destroy
 0001:0004757C       MVCBr.ODataDatasetBuilder.TODataDatasetBuilder.DoAfterOpen
 0001:000475A0       MVCBr.ODataDatasetBuilder.TODataDatasetBuilder.DoAfterPost
 0001:00047600       MVCBr.ODataDatasetBuilder.TODataDatasetBuilder.DoBeforeDelete
 0001:00047654       MVCBr.ODataDatasetBuilder.TODataDatasetBuilder.DoBeforeOpen
 0001:00047670       MVCBr.ODataDatasetBuilder.TODataDatasetBuilder.DoBeforePost
 0001:00047910       MVCBr.ODataDatasetBuilder.TODataDatasetBuilder.execute
 0001:00047858       MVCBr.ODataDatasetBuilder.TODataDatasetBuilder.execute$10$ActRec.$0$Body
 0001:00047A20       MVCBr.ODataDatasetBuilder.TODataDatasetBuilder.GetParams
 0001:00047A34       MVCBr.ODataDatasetBuilder.TODataDatasetBuilder.Notification
 0001:00047A74       MVCBr.ODataDatasetBuilder.TODataDatasetBuilder.SetAdapter
 0001:00047C44       MVCBr.ODataDatasetBuilder.TODataDatasetBuilder.SetDataset
 0001:00047C38       MVCBr.ODataDatasetBuilder.TODataDatasetBuilder.SetDataset$15$ActRec.$0$Body
 0001:00047E74       MVCBr.ODataDatasetBuilder.TODataDatasetBuilder.SetFilter
 0001:00047F5C       MVCBr.ODataDatasetBuilder.TODataDatasetBuilder.SetOnGetParams
 0001:00047F78       MVCBr.ODataDatasetBuilder.TODataDatasetBuilder.setParams
 0001:00047F8C       MVCBr.ODataDatasetBuilder.TODataDatasetBuilder.SetRestClient
 0004:00000118       MVCBr.ODataFDMemTable..2
 0001:000480D4       MVCBr.ODataFDMemTable..TODataFDMemTable
 0001:00048C98       MVCBr.ODataFDMemTable.Finalization
 0002:0000078C       MVCBr.ODataFDMemTable.MVCBr.ODataFDMemTable
 0001:000488B8       MVCBr.ODataFDMemTable.Register
 0001:00048A34       MVCBr.ODataFDMemTable.TODataFDMemTable.ApplyDelegateTo
 0001:00048A40       MVCBr.ODataFDMemTable.TODataFDMemTable.CancelUpdates
 0001:00048A54       MVCBr.ODataFDMemTable.TODataFDMemTable.CheckKeyFields
 0001:00048B30       MVCBr.ODataFDMemTable.TODataFDMemTable.ClearChanges
 0001:000488EC       MVCBr.ODataFDMemTable.TODataFDMemTable.Create
 0001:0004894C       MVCBr.ODataFDMemTable.TODataFDMemTable.Destroy
 0001:0004897C       MVCBr.ODataFDMemTable.TODataFDMemTable.DoAfterOpen
 0001:00048990       MVCBr.ODataFDMemTable.TODataFDMemTable.DoBeforeApplyUpdates
 0001:000489B0       MVCBr.ODataFDMemTable.TODataFDMemTable.DoBeforeDelete
 0001:000489E8       MVCBr.ODataFDMemTable.TODataFDMemTable.DoBeforeOpen
 0001:000489FC       MVCBr.ODataFDMemTable.TODataFDMemTable.DoBeforePost
 0001:00048B54       MVCBr.ODataFDMemTable.TODataFDMemTable.GetChanges
 0001:00048B5C       MVCBr.ODataFDMemTable.TODataFDMemTable.GetKeyFields
 0001:00048B74       MVCBr.ODataFDMemTable.TODataFDMemTable.GetLoading
 0001:00048B7C       MVCBr.ODataFDMemTable.TODataFDMemTable.GetUpdateTable
 0001:00048B94       MVCBr.ODataFDMemTable.TODataFDMemTable.MergeChangeLog
 0001:00048BA8       MVCBr.ODataFDMemTable.TODataFDMemTable.SetApplyUpdateDelegate
 0001:00048BC0       MVCBr.ODataFDMemTable.TODataFDMemTable.SetKeyFields
 0001:00048C1C       MVCBr.ODataFDMemTable.TODataFDMemTable.SetLoading
 0001:00048C24       MVCBr.ODataFDMemTable.TODataFDMemTable.SetUpdateTable
 0001:00048C80       MVCBr.ODataFDMemTable.TODataFDMemTable.UpdatesPending
 0004:0000011C       MVCBr.ODataReg..2
 0001:00048CA0       MVCBr.ODataReg..TODataDatasetAdapterCompEditor
 0001:000491A8       MVCBr.ODataReg.Finalization
 0002:00000794       MVCBr.ODataReg.MVCBr.ODataReg
 0001:00048EC4       MVCBr.ODataReg.Register
 0001:00048F54       MVCBr.ODataReg.TODataDatasetAdapterCompEditor.Create
 0001:00048FCC       MVCBr.ODataReg.TODataDatasetAdapterCompEditor.Edit
 0001:00048FD4       MVCBr.ODataReg.TODataDatasetAdapterCompEditor.ExecuteVerb
 0001:0004912C       MVCBr.ODataReg.TODataDatasetAdapterCompEditor.GetVerb
 0001:000491A0       MVCBr.ODataReg.TODataDatasetAdapterCompEditor.GetVerbCount
 0004:0000004C       MVCFramework.Commons..51
 0001:000065FC       MVCFramework.Commons..EMVCConfigException
 0001:00006208       MVCFramework.Commons..EMVCException
 0001:000066C4       MVCFramework.Commons..EMVCFrameworkViewException
 0001:0000679C       MVCFramework.Commons..EMVCJWTException
 0001:00006524       MVCFramework.Commons..EMVCSessionExpiredException
 0001:00006860       MVCFramework.Commons..EMVCViewError
 0001:00006F80       MVCFramework.Commons..TMultiReadExclusiveWriteSynchronizerHelper
 0001:000070F0       MVCFramework.Commons..TMVCConfig
 0001:00006E20       MVCFramework.Commons..TMVCCriticalSectionHelper
 0001:0000691C       MVCFramework.Commons..TMVCRequestParamsTable
 0001:000069E8       MVCFramework.Commons..TMVCStringDictionary
 0001:00006C48       MVCFramework.Commons..TMVCViewDataObject
 0001:00006D38       MVCFramework.Commons..TMVCViewDataSet
 0001:0000E9A4       MVCFramework.Commons..TURLSafeDecode
 0001:0000E8AC       MVCFramework.Commons..TURLSafeEncode
 0001:0001E5F8       MVCFramework.Commons..{System.Generics.Collections}@TList`1.Pack$231$ActRec<Data.DB.TDataSet>
 0001:0001DF28       MVCFramework.Commons..{System.Generics.Collections}@TList`1.Pack$231$ActRec<MVCFramework.Commons.TPair<System.string,Data.DB.TDataSet>>
 0001:0001CA50       MVCFramework.Commons..{System.Generics.Collections}@TList`1.Pack$231$ActRec<MVCFramework.Commons.TPair<System.string,System.string>>
 0001:0001D1B8       MVCFramework.Commons..{System.Generics.Collections}@TList`1.Pack$231$ActRec<MVCFramework.Commons.TPair<System.string,System.TObject>>
 0001:0001C3C0       MVCFramework.Commons..{System.Generics.Collections}@TList`1.Pack$231$ActRec<System.string>
 0001:0001D884       MVCFramework.Commons..{System.Generics.Collections}@TList`1.Pack$231$ActRec<System.TObject>
 0001:0001E7C0       MVCFramework.Commons..{System.Generics.Collections}@TList`1.Pack$233$ActRec<Data.DB.TDataSet>
 0001:0001E16C       MVCFramework.Commons..{System.Generics.Collections}@TList`1.Pack$233$ActRec<MVCFramework.Commons.TPair<System.string,Data.DB.TDataSet>>
 0001:0001CC8C       MVCFramework.Commons..{System.Generics.Collections}@TList`1.Pack$233$ActRec<MVCFramework.Commons.TPair<System.string,System.string>>
 0001:0001D3F8       MVCFramework.Commons..{System.Generics.Collections}@TList`1.Pack$233$ActRec<MVCFramework.Commons.TPair<System.string,System.TObject>>
 0001:0001C57C       MVCFramework.Commons..{System.Generics.Collections}@TList`1.Pack$233$ActRec<System.string>
 0001:0001DA44       MVCFramework.Commons..{System.Generics.Collections}@TList`1.Pack$233$ActRec<System.TObject>
 0001:0000BDCC       MVCFramework.Commons..{System.Generics.Collections}TDictionary<System.string,Data.DB.TDataSet>
 0001:0000B2F8       MVCFramework.Commons..{System.Generics.Collections}TDictionary<System.string,Data.DB.TDataSet>.TKeyCollection
 0001:0000B118       MVCFramework.Commons..{System.Generics.Collections}TDictionary<System.string,Data.DB.TDataSet>.TKeyEnumerator
 0001:0000BBEC       MVCFramework.Commons..{System.Generics.Collections}TDictionary<System.string,Data.DB.TDataSet>.TPairEnumerator
 0001:0000B9D4       MVCFramework.Commons..{System.Generics.Collections}TDictionary<System.string,Data.DB.TDataSet>.TValueCollection
 0001:0000B7F0       MVCFramework.Commons..{System.Generics.Collections}TDictionary<System.string,Data.DB.TDataSet>.TValueEnumerator
 0001:0000872C       MVCFramework.Commons..{System.Generics.Collections}TDictionary<System.string,System.string>
 0001:00007F54       MVCFramework.Commons..{System.Generics.Collections}TDictionary<System.string,System.string>.TKeyCollection
 0001:00007D7C       MVCFramework.Commons..{System.Generics.Collections}TDictionary<System.string,System.string>.TKeyEnumerator
 0001:00008550       MVCFramework.Commons..{System.Generics.Collections}TDictionary<System.string,System.string>.TPairEnumerator
 0001:00008340       MVCFramework.Commons..{System.Generics.Collections}TDictionary<System.string,System.string>.TValueCollection
 0001:00008164       MVCFramework.Commons..{System.Generics.Collections}TDictionary<System.string,System.string>.TValueEnumerator
 0001:0000A150       MVCFramework.Commons..{System.Generics.Collections}TDictionary<System.string,System.TObject>
 0001:00009698       MVCFramework.Commons..{System.Generics.Collections}TDictionary<System.string,System.TObject>.TKeyCollection
 0001:000094BC       MVCFramework.Commons..{System.Generics.Collections}TDictionary<System.string,System.TObject>.TKeyEnumerator
 0001:00009F74       MVCFramework.Commons..{System.Generics.Collections}TDictionary<System.string,System.TObject>.TPairEnumerator
 0001:00009D60       MVCFramework.Commons..{System.Generics.Collections}TDictionary<System.string,System.TObject>.TValueCollection
 0001:00009B80       MVCFramework.Commons..{System.Generics.Collections}TDictionary<System.string,System.TObject>.TValueEnumerator
 0001:0000B678       MVCFramework.Commons..{System.Generics.Collections}TEnumerable<Data.DB.TDataSet>
 0001:0000ADA8       MVCFramework.Commons..{System.Generics.Collections}TEnumerable<MVCFramework.Commons.TPair<System.string,Data.DB.TDataSet>>
 0001:000076E4       MVCFramework.Commons..{System.Generics.Collections}TEnumerable<MVCFramework.Commons.TPair<System.string,System.string>>
 0001:00009154       MVCFramework.Commons..{System.Generics.Collections}TEnumerable<MVCFramework.Commons.TPair<System.string,System.TObject>>
 0001:00007C0C       MVCFramework.Commons..{System.Generics.Collections}TEnumerable<System.string>
 0001:00009A10       MVCFramework.Commons..{System.Generics.Collections}TEnumerable<System.TObject>
 0001:0000B548       MVCFramework.Commons..{System.Generics.Collections}TEnumerator<Data.DB.TDataSet>
 0001:0000AC24       MVCFramework.Commons..{System.Generics.Collections}TEnumerator<MVCFramework.Commons.TPair<System.string,Data.DB.TDataSet>>
 0001:00007564       MVCFramework.Commons..{System.Generics.Collections}TEnumerator<MVCFramework.Commons.TPair<System.string,System.string>>
 0001:00008FD4       MVCFramework.Commons..{System.Generics.Collections}TEnumerator<MVCFramework.Commons.TPair<System.string,System.TObject>>
 0001:00007AE0       MVCFramework.Commons..{System.Generics.Collections}TEnumerator<System.string>
 0001:000098E4       MVCFramework.Commons..{System.Generics.Collections}TEnumerator<System.TObject>
 0001:0001B3F0       MVCFramework.Commons..{System.Generics.Collections}TList<Data.DB.TDataSet>
[...]
    43 0001:00039924    43 0001:00039938    43 0001:00039954    43 0001:00039960
    43 0001:00039971    43 0001:00039979    43 0001:00039991

Line numbers for ObjectsMappers(System.Generics.Collections.pas) segment .text

  4090 0001:000399D2  4090 0001:00039A81  4090 0001:00039B2C  4090 0001:00039BA5
  4090 0001:00039BE7  4090 0001:00039C3E  4090 0001:00039C6E  4090 0001:00039C81
  4090 0001:00039C8E  4090 0001:00039C9A  4090 0001:00039CAA  4090 0001:00039CC3
  4090 0001:00039CF6  4090 0001:00039D25  4090 0001:00039D77  4090 0001:00039DC2

Line numbers for ObjectsMappers(System.Generics.Collections.pas) segment .text

  4111 0001:00039E26  4111 0001:00040BF6

Line numbers for MVCBr.ODataDataSet.Common(MVCBr.ODataDataset.Common.pas) segment .text

    84 0001:00041700    85 0001:00041726    86 0001:00041728    88 0001:00041731
    90 0001:00041766    91 0001:00041768    87 0001:0004176A    93 0001:00041777
    96 0001:000417A8    97 0001:000417C8    98 0001:000417D4    99 0001:000417EA
   100 0001:00041821   101 0001:00041823   102 0001:00041825   103 0001:0004184A
   111 0001:0004187C   112 0001:000418B4   114 0001:000418C9   116 0001:000418D7
   117 0001:000418EF   120 0001:000418F4   123 0001:0004197E   126 0001:000419A4
   129 0001:000419CA   133 0001:000419F5   136 0001:00041A14   139 0001:00041A33
   142 0001:00041A5D   147 0001:00041A8A   148 0001:00041A97   153 0001:00041AB9
   156 0001:00041AEA   159 0001:00041B18   164 0001:00041B4E   165 0001:00041B59
   167 0001:00041B76   173 0001:00041B93   174 0001:00041BA2   175 0001:00041BB0
   176 0001:00041BBA   177 0001:00041BC6   178 0001:00041BDF   179 0001:00041BED
   180 0001:00041BFD   181 0001:00041C09   183 0001:00041C2E   186 0001:00041C4B
   190 0001:00041C5B   195 0001:00041C9B   198 0001:00041DBC   200 0001:00041DBF
   201 0001:00041DD7   202 0001:00041DF6   211 0001:00041F20   212 0001:00041F4F
   214 0001:00041F56   216 0001:00041F77   217 0001:00041FA2   218 0001:00041FAB
   220 0001:00041FAF   221 0001:00041FB1   223 0001:00041FE0   225 0001:00041FF6
   226 0001:00042015   227 0001:00042027   228 0001:0004203D   229 0001:00042041
   232 0001:00042079   235 0001:0004209F   236 0001:000420A9   237 0001:000420BB
   223 0001:000420BC   238 0001:000420C5   244 0001:000422E4   245 0001:00042310
   247 0001:00042317   248 0001:00042342   250 0001:0004236D   252 0001:0004237E
   253 0001:0004239F   254 0001:000423B1   250 0001:000423B2   255 0001:000423B5

Line numbers for MVCBr.ODataDataSet.Common(MVCBr.ODataDataset.Common.pas) segment .itext

   257 0002:000006DC

Line numbers for MVCBr.ODataDatasetAdapter(MVCBr.ODataDatasetAdapter.pas) segment .text

   146 0001:00043024   148 0001:0004302D   149 0001:00043050   150 0001:0004305A
   154 0001:00043080   156 0001:000430A6   157 0001:000430AD   159 0001:000430B5
   161 0001:000430BB   163 0001:000430CA   164 0001:000430D1   165 0001:000430D8
   168 0001:000430E2   169 0001:000430E9   171 0001:000430FB   172 0001:00043102
   173 0001:00043109   175 0001:00043111   181 0001:00043134   182 0001:0004313E
   183 0001:0004314C   184 0001:00043160   185 0001:0004316B   189 0001:00043170
   190 0001:00043179   193 0001:0004317C   194 0001:0004319C   195 0001:000431A7
   198 0001:000431C8   200 0001:000431CD   199 0001:000431D7   202 0001:000431E3
   205 0001:000431E8   206 0001:000431FA   207 0001:00043203   208 0001:00043215
   209 0001:00043224   210 0001:00043233   218 0001:00043250   219 0001:0004326D
   221 0001:0004328F   222 0001:00043294   223 0001:000432A0   219 0001:000432B4
   224 0001:000432CD   225 0001:000432E5   227 0001:00043318   228 0001:0004333F
   229 0001:00043359   231 0001:0004336F   232 0001:00043376   233 0001:0004337B
   235 0001:00043380   236 0001:00043386   237 0001:00043394   239 0001:000433AE
   240 0001:000433B4   241 0001:000433CC   243 0001:000433E6   245 0001:000433FA
   248 0001:00043413   250 0001:00043436   259 0001:000435D8   260 0001:000435F8
   262 0001:0004361F   263 0001:0004362E   265 0001:00043641   266 0001:0004364F
   268 0001:0004368A   270 0001:0004369D   272 0001:000436B0   274 0001:000436C3
   276 0001:000436D9   260 0001:000436EA   278 0001:00043707   279 0001:0004371F
   292 0001:00043744   294 0001:0004376D   296 0001:00043799   297 0001:000437B3
   298 0001:000437B9   299 0001:000437C4   300 0001:000437D1   302 0001:000437D9
   304 0001:000437FE   305 0001:00043812   306 0001:00043826   307 0001:0004383C
   309 0001:0004384B   311 0001:00043863   313 0001:00043872   314 0001:00043886
   315 0001:0004389A   317 0001:000438B0   319 0001:000438BF   321 0001:000438D3
   294 0001:000438DE   323 0001:000438FB   325 0001:00043913   335 0001:00043A2C
   336 0001:00043A49   337 0001:00043A5F   338 0001:00043A65   339 0001:00043A79
   340 0001:00043A83   342 0001:00043A9D   344 0001:00043AA9   346 0001:00043AAD
   347 0001:00043ACC   349 0001:00043AD5   352 0001:00043AF5   366 0001:00043C20
   367 0001:00043C44   368 0001:00043C61   369 0001:00043C6C   370 0001:00043C7A
   372 0001:00043C96   373 0001:00043CA8   374 0001:00043CB3   375 0001:00043CC5
   376 0001:00043CCA   377 0001:00043CD0   378 0001:00043CDD   379 0001:00043CEF
   380 0001:00043CFE   381 0001:00043D10   382 0001:00043D1F   383 0001:00043D31
   384 0001:00043D3E   385 0001:00043D50   386 0001:00043D6B   387 0001:00043D7D
   388 0001:00043D98   390 0001:00043DAE   391 0001:00043DC4   393 0001:00043DCC
   394 0001:00043DEC   396 0001:00043DFC   398 0001:00043E00   399 0001:00043E20
   401 0001:00043E38   403 0001:00043E3C   404 0001:00043E58   406 0001:00043E6D
   408 0001:00043E71   409 0001:00043E8D   411 0001:00043E8F   413 0001:00043E93
   414 0001:00043EAC   418 0001:00043EAE   420 0001:00043EC4   421 0001:00043ED1
   370 0001:00043ED2   423 0001:00043EE6   425 0001:00043EFC   429 0001:00043FE0
   430 0001:00043FE7   433 0001:00043FF8   434 0001:0004401C   433 0001:00044028
   434 0001:00044041   437 0001:00044059   439 0001:00044065   446 0001:0004406C
   447 0001:00044099   448 0001:000440B6   450 0001:000440CE   452 0001:000440DD
   454 0001:000440EC   455 0001:00044101   457 0001:00044105   458 0001:00044111
   459 0001:0004412B   462 0001:00044141   464 0001:00044150   468 0001:0004415B
   469 0001:00044167   471 0001:00044274   472 0001:00044283   473 0001:0004428B
   475 0001:00044299   478 0001:000442A5   486 0001:000442AD   487 0001:000442B9
   489 0001:000442C3   490 0001:000442DE   492 0001:000442E8   494 0001:000442FE
   496 0001:0004430B   497 0001:0004431A   499 0001:00044325   500 0001:0004432E
   503 0001:00044343   504 0001:0004434B   506 0001:00044360   511 0001:000443A8
   512 0001:000443B3   513 0001:000443BB   514 0001:000443C3   515 0001:000443CE
   516 0001:000443D9   529 0001:000443E8   530 0001:0004440C   532 0001:0004440E
   533 0001:00044424   535 0001:00044430   536 0001:0004443A   537 0001:0004444B
   539 0001:00044456   543 0001:000444AC   544 0001:000444C4   547 0001:000444CD
   548 0001:000444E3   550 0001:000444E7   551 0001:000444F6   552 0001:00044511
   554 0001:00044534   556 0001:0004455A   558 0001:00044576   559 0001:00044589
   560 0001:00044599   561 0001:000445A0   563 0001:000445B0   565 0001:000445C4
   567 0001:000445DC   569 0001:000445FD   571 0001:0004463D   556 0001:0004463E
   573 0001:00044645   574 0001:00044652   575 0001:00044666   599 0001:00044948
   600 0001:00044951   601 0001:0004495A   607 0001:0004495C   608 0001:00044965
   609 0001:0004496E   580 0001:00044970   581 0001:000449B4   582 0001:000449BB
   583 0001:000449C9   584 0001:000449D6   585 0001:000449DB   587 0001:000449E6
   589 0001:000449EA   591 0001:000449F1   592 0001:000449FB   594 0001:00044A0F
   595 0001:00044A20   596 0001:00044A2E   603 0001:00044A4E   604 0001:00044A55
   611 0001:00044A76   613 0001:00044A8B   667 0001:00044AD4   669 0001:00044B1B
   670 0001:00044B27   672 0001:00044B2F   677 0001:00044B3B   679 0001:00044B63
   680 0001:00044B72   682 0001:00044B84   677 0001:00044BA6   684 0001:00044BBF
   686 0001:00044BD7   688 0001:00044BEB   690 0001:00044BFD   692 0001:00044C0F
   694 0001:00044C15   695 0001:00044C1B   697 0001:00044C26   698 0001:00044C38
   700 0001:00044C4D   701 0001:00044C72   703 0001:00044C9A   704 0001:00044CA9
   705 0001:00044CB6   706 0001:00044CEA   701 0001:00044CF7   707 0001:00044D10
   712 0001:00044D28   716 0001:00044DB0   717 0001:00044DB7   718 0001:00044DC0
   723 0001:00044DC4   724 0001:00044DDB   725 0001:00044DDF   726 0001:00044DFA
   727 0001:00044E04   728 0001:00044E0C   732 0001:00044E40   733 0001:00044E41
   735 0001:00044E46   736 0001:00044E4B   737 0001:00044E50   738 0001:00044E55
   739 0001:00044E5A   740 0001:00044E5F   742 0001:00044E64   744 0001:00044E69
   747 0001:00044E6C   748 0001:00044E72   749 0001:00044E7F   752 0001:00044E84
   753 0001:00044E8B   754 0001:00044E92   755 0001:00044E9B   758 0001:00044EA0
   759 0001:00044EA8   760 0001:00044EAF   761 0001:00044EBD   765 0001:00044EC4
   766 0001:00044EC9   767 0001:00044ECD   768 0001:00044ED4   770 0001:00044ED9
   786 0001:000450AC   790 0001:000450C3   791 0001:000450DA   793 0001:000450E7
   794 0001:000450F1   795 0001:000450FB   797 0001:00045116   798 0001:0004511E
   799 0001:00045128   803 0001:00045134   804 0001:00045140   776 0001:00045174
   778 0001:000451B7   779 0001:000451CF   780 0001:000451D3   782 0001:000451DD
   783 0001:000451E6   784 0001:000451EA   805 0001:000451FB   806 0001:00045203
   812 0001:00045240   813 0001:00045259   814 0001:00045273   815 0001:0004527D
   816 0001:00045285   820 0001:000452B8   821 0001:000452BB   822 0001:000452C8
   825 0001:000452CC   826 0001:000452CF   827 0001:000452DB   831 0001:000452E0
   832 0001:000452E3   833 0001:000452EF   837 0001:000452F4   838 0001:000452F7
   839 0001:00045309   843 0001:00045310   844 0001:00045316   849 0001:00045318
   850 0001:0004531B   855 0001:0004531C   856 0001:0004531F   859 0001:00045320
   860 0001:00045326   861 0001:00045330   864 0001:00045334   865 0001:00045337
   866 0001:00045344

Line numbers for MVCBr.ODataDatasetAdapter(MVCBr.ODataDatasetAdapter.pas) segment .itext

   868 0002:000006E4

Line numbers for MVCBr.IdHTTPRestClient(MVCBr.IdHTTPRestClient.pas) segment .text

    45 0001:0004631C    46 0001:00046333    47 0001:0004633C    49 0001:0004634F
    52 0001:00046365    54 0001:00046371    55 0001:0004637D    56 0001:00046389
    57 0001:00046395    59 0001:000463A1    62 0001:000464C8    63 0001:000464D3
    64 0001:000464DE    68 0001:000464EC    69 0001:000464EF    75 0001:000464F0
    77 0001:0004651D    78 0001:0004652C    79 0001:0004653A    80 0001:00046540
    81 0001:0004654C    82 0001:00046568    83 0001:00046582    84 0001:0004659E
    85 0001:000465BA    86 0001:000465E3    87 0001:000465F5    88 0001:00046609
    89 0001:0004661B    90 0001:00046632    89 0001:0004664E    91 0001:00046651
    92 0001:0004665D    94 0001:00046689    96 0001:000466B9    98 0001:000466ED
   100 0001:00046723   102 0001:00046754   104 0001:00046781   106 0001:000467AC
   108 0001:000467EB   109 0001:000467F1   111 0001:00046806   114 0001:00046816

Line numbers for MVCBr.IdHTTPRestClient(MVCBr.IdHTTPRestClient.pas) segment .itext

   116 0002:00000774

Line numbers for MVCBr.HTTPRestClientEditor(MVCBr.HTTPRestClientEditor.pas) segment .text

    33 0001:00046AD0    34 0001:00046AFE    36 0001:00046B0D    40 0001:00046B48
    42 0001:00046B4D    46 0001:00046B50    48 0001:00046B57    49 0001:00046B5E
    50 0001:00046B6F    52 0001:00046B74    55 0001:00046B7F    58 0001:00046B84
    59 0001:00046B8A    60 0001:00046B91    62 0001:00046B96    65 0001:00046BA2
    69 0001:00046BC4    70 0001:00046BC9

Line numbers for MVCBr.HTTPRestClientEditor(MVCBr.HTTPRestClientEditor.pas) segment .itext

    72 0002:0000077C

Line numbers for MVCBr.ODataDatasetBuilder(MVCBr.ODataDatasetBuilder.pas) segment .text

   116 0001:000472CC   117 0001:000472E3   119 0001:00047301   120 0001:0004731F
   121 0001:00047326   125 0001:00047330   126 0001:0004733B   128 0001:00047342
   132 0001:00047374   133 0001:00047384   134 0001:00047387   139 0001:0004738C
   140 0001:000473A2   142 0001:000473C0   143 0001:000473C8   146 0001:000473D2
   147 0001:000473DD   150 0001:00047410   151 0001:00047427   152 0001:00047430
   153 0001:00047438   154 0001:0004744E   155 0001:0004745A   156 0001:00047467
   157 0001:0004747E   159 0001:00047484   160 0001:00047490   161 0001:0004749C
   163 0001:000474A8   166 0001:00047540   167 0001:0004754B   168 0001:00047558
   169 0001:00047563   170 0001:0004756E   173 0001:0004757C   174 0001:0004757F
   175 0001:00047589   176 0001:00047595   177 0001:0004759C   180 0001:000475A0
   181 0001:000475A3   183 0001:000475B7   184 0001:000475C2   185 0001:000475D7
   186 0001:000475DB   187 0001:000475EE   190 0001:00047600   191 0001:00047603
   192 0001:0004760D   193 0001:00047619   196 0001:0004762D   198 0001:00047640
   201 0001:00047654   202 0001:00047655   203 0001:0004765F   204 0001:0004766D
   207 0001:00047670   208 0001:00047676   209 0001:00047680   210 0001:0004768E
   211 0001:0004769B   217 0001:00047858   220 0001:00047875   222 0001:0004788F
   223 0001:000478AB   224 0001:000478C7   226 0001:000478CF   214 0001:00047910
   215 0001:00047955   227 0001:0004796A   228 0001:00047976   229 0001:00047984
   230 0001:00047997   231 0001:000479B4   233 0001:000479D5   235 0001:000479E9
   236 0001:000479EF   237 0001:000479FA   241 0001:00047A20   242 0001:00047A2A
   243 0001:00047A30   246 0001:00047A34   247 0001:00047A35   249 0001:00047A3A
   250 0001:00047A42   251 0001:00047A4A   252 0001:00047A52   253 0001:00047A5A
   254 0001:00047A62   256 0001:00047A6A   257 0001:00047A6F   261 0001:00047A74
   262 0001:00047A7A   297 0001:00047C38   298 0001:00047C43   267 0001:00047C44
   268 0001:00047C84   270 0001:00047C91   271 0001:00047CAF   272 0001:00047CD3
   273 0001:00047CF7   275 0001:00047D1B   276 0001:00047D24   279 0001:00047D2C
   280 0001:00047D4A   282 0001:00047D61   283 0001:00047D7F   285 0001:00047D96
   286 0001:00047DB4   288 0001:00047DCB   289 0001:00047DE9   291 0001:00047E00
   293 0001:00047E0D   294 0001:00047E27   300 0001:00047E38   308 0001:00047E74
   309 0001:00047E92   310 0001:00047E9B   311 0001:00047EA4   314 0001:00047EAC
   316 0001:00047EB6   317 0001:00047EC4   319 0001:00047EC8   320 0001:00047EE4
   321 0001:00047EF2   322 0001:00047F02   323 0001:00047F10   325 0001:00047F19
   326 0001:00047F24   328 0001:00047F2D   329 0001:00047F33   332 0001:00047F5C
   333 0001:00047F5F   334 0001:00047F71   338 0001:00047F78   339 0001:00047F82
   340 0001:00047F89   343 0001:00047F8C   344 0001:00047F92   345 0001:00047F98
   346 0001:00047FA8   347 0001:00047FB5

Line numbers for MVCBr.ODataDatasetBuilder(MVCBr.ODataDatasetBuilder.pas) segment .itext

   349 0002:00000784

Line numbers for MVCBr.ODataFDMemTable(MVCBr.ODataFDMemTable.pas) segment .text

    96 0001:000488B8    97 0001:000488B9    98 0001:000488CF   103 0001:000488EC
   104 0001:000488FE   105 0001:00048907   106 0001:0004890E   107 0001:00048920
   108 0001:00048930   113 0001:0004894C   114 0001:00048957   115 0001:00048962
   116 0001:0004896D   119 0001:0004897C   120 0001:0004897F   121 0001:00048986
   122 0001:0004898D   126 0001:00048990   127 0001:00048999   128 0001:000489A2
   129 0001:000489AD   132 0001:000489B0   133 0001:000489B3   134 0001:000489BA
   136 0001:000489C3   137 0001:000489CA   139 0001:000489E4   142 0001:000489E8
   143 0001:000489EB   144 0001:000489F2   145 0001:000489F9   148 0001:000489FC
   149 0001:000489FF   150 0001:00048A06   152 0001:00048A0F   153 0001:00048A16
   155 0001:00048A30   159 0001:00048A34   160 0001:00048A35   161 0001:00048A37
   162 0001:00048A3C   165 0001:00048A40   166 0001:00048A43   167 0001:00048A4A
   168 0001:00048A51   171 0001:00048A54   172 0001:00048A57   173 0001:00048A7A
   176 0001:00048B30   178 0001:00048B35   177 0001:00048B42   179 0001:00048B51
   183 0001:00048B54   184 0001:00048B5A   187 0001:00048B5C   188 0001:00048B62
   189 0001:00048B6F   193 0001:00048B74   194 0001:00048B7B   197 0001:00048B7C
   198 0001:00048B82   199 0001:00048B8F   202 0001:00048B94   203 0001:00048B97
   204 0001:00048B9E   205 0001:00048BA5   208 0001:00048BA8   209 0001:00048BAE
   210 0001:00048BBB   213 0001:00048BC0   214 0001:00048BDF   215 0001:00048BF8
   219 0001:00048C1C   220 0001:00048C22   223 0001:00048C24   224 0001:00048C43
   225 0001:00048C5C   228 0001:00048C80   229 0001:00048C83   230 0001:00048C93

Line numbers for MVCBr.ODataFDMemTable(MVCBr.ODataFDMemTable.pas) segment .itext

   232 0002:0000078C

Line numbers for MVCBr.ODataReg(MVCBr.ODataReg.pas) segment .text

    62 0001:00048EC4    63 0001:00048EC7    65 0001:00048EF2    67 0001:00048F02
    68 0001:00048F27    71 0001:00048F37    77 0001:00048F54    78 0001:00048F82
    80 0001:00048F91    84 0001:00048FCC    86 0001:00048FD1    89 0001:00048FD4
    91 0001:00048FF0    92 0001:00049010    94 0001:0004901C    97 0001:00049029
    99 0001:0004902E   101 0001:00049034   102 0001:0004904C   104 0001:0004906A
   106 0001:00049070   107 0001:0004908B   110 0001:000490A9   115 0001:000490B4
   118 0001:0004912C   119 0001:0004912F   121 0001:00049138   123 0001:00049146
   125 0001:00049152   129 0001:000491A0   130 0001:000491A5

Line numbers for MVCBr.ODataReg(MVCBr.ODataReg.pas) segment .itext

   132 0002:00000794

Line numbers for MVCBr.HTTPFiredacAdapter(MVCBr.HTTPFiredacAdapter.pas) segment .text

    48 0001:000495D0    49 0001:000495F0    50 0001:0004960A    52 0001:00049620
    53 0001:00049627    54 0001:0004962C    56 0001:00049631    57 0001:00049637
    58 0001:00049645    60 0001:0004965F    61 0001:00049665    62 0001:0004967D
    63 0001:00049697    64 0001:000496A8    77 0001:000499DC    78 0001:000499E5
    79 0001:000499EE    67 0001:000499F0    68 0001:00049A2C    69 0001:00049A33
    70 0001:00049A3A    72 0001:00049A42    73 0001:00049A44    74 0001:00049A4B
    80 0001:00049A5D    95 0001:00049A84    96 0001:00049AA4    97 0001:00049AB2
    99 0001:00049ABB   101 0001:00049AD2   107 0001:00049AF9   108 0001:00049B0A
   110 0001:00049B18   111 0001:00049B37   112 0001:00049B42   113 0001:00049B4F
   114 0001:00049B68   116 0001:00049B80   120 0001:00049B90   124 0001:00049BB4
   125 0001:00049BDD   126 0001:00049BEE   127 0001:00049BFC   128 0001:00049C01
   129 0001:00049C03   130 0001:00049C08   131 0001:00049C16   133 0001:00049C38
   135 0001:00049C56   136 0001:00049C59   137 0001:00049C6A   139 0001:00049C6C
   131 0001:00049C6D   140 0001:00049C86   142 0001:00049C9E   143 0001:00049CA4
   144 0001:00049CB5   145 0001:00049CC0   146 0001:00049CC6   148 0001:00049CD3
   150 0001:00049CED   152 0001:00049CFD   156 0001:00049D2C   157 0001:00049D33
   158 0001:00049D3C   162 0001:00049D40   163 0001:00049D41   165 0001:00049D46
   166 0001:00049D4B   167 0001:00049D50   168 0001:00049D55   170 0001:00049D5A
   172 0001:00049D5F   175 0001:00049D64   176 0001:00049D6C   177 0001:00049D73
   178 0001:00049D81   182 0001:00049D88   183 0001:00049D8B   187 0001:00049D8C
   188 0001:00049D8F   191 0001:00049D90   192 0001:00049D96   193 0001:00049DA0

Line numbers for MVCBr.HTTPFiredacAdapter(MVCBr.HTTPFiredacAdapter.pas) segment .itext

   195 0002:00000864

Line numbers for .MVCBrOData(MVCBrOData.dpk) segment .text

    62 0001:00049DAB

Bound resource files

c:\fontes\mvcbr\OData\oData.Comp.Editor.dfm
TODataBuilder.res
idHttpRestClient.res
MVCBrOData.res
MVCBrOData.drf


Program entry point at 0002:0000086C
