
 Start         Length     Name                   Class
 0001:00401000 000639F0H .text                   CODE
 0002:00465000 00000518H .itext                  ICODE
 0003:00466000 000000E0H .data                   DATA
 0004:00467000 000000F4H .bss                    BSS
 0005:00000000 00000000H .tls                    TLS
 0006:00400000 00000000H .pdata                  PDATA


Detailed map of segments

 0001:00000000 000002F8 C=CODE     S=.text    G=(none)   M=System   ACBP=A9
 0001:000002F8 00000D30 C=CODE     S=.text    G=(none)   M=SysInit  ACBP=A9
 0001:00001028 0000006C C=CODE     S=.text    G=(none)   M=Winapi.Windows ACBP=A9
 0001:00001094 00000024 C=CODE     S=.text    G=(none)   M=Winapi.PsAPI ACBP=A9
 0001:000010B8 00000008 C=CODE     S=.text    G=(none)   M=System.Character ACBP=A9
 0001:000010C0 00000008 C=CODE     S=.text    G=(none)   M=System.Internal.ExcUtils ACBP=A9
 0001:000010C8 000001C0 C=CODE     S=.text    G=(none)   M=System.SysUtils ACBP=A9
 0001:00001288 00000008 C=CODE     S=.text    G=(none)   M=System.VarUtils ACBP=A9
 0001:00001290 00000060 C=CODE     S=.text    G=(none)   M=System.Variants ACBP=A9
 0001:000012F0 00000200 C=CODE     S=.text    G=(none)   M=System.Generics.Collections ACBP=A9
 0001:000014F0 00000138 C=CODE     S=.text    G=(none)   M=System.Rtti ACBP=A9
 0001:00001628 00000010 C=CODE     S=.text    G=(none)   M=System.TypInfo ACBP=A9
 0001:00001638 00000038 C=CODE     S=.text    G=(none)   M=System.Math ACBP=A9
 0001:00001670 00000018 C=CODE     S=.text    G=(none)   M=System.Generics.Defaults ACBP=A9
 0001:00001688 00000248 C=CODE     S=.text    G=(none)   M=System.Classes ACBP=A9
 0001:000018D0 00000008 C=CODE     S=.text    G=(none)   M=System.Actions ACBP=A9
 0001:000018D8 00000008 C=CODE     S=.text    G=(none)   M=System.TimeSpan ACBP=A9
 0001:000018E0 00000028 C=CODE     S=.text    G=(none)   M=System.DateUtils ACBP=A9
 0001:00001908 00000008 C=CODE     S=.text    G=(none)   M=System.IOUtils ACBP=A9
 0001:00001910 00000008 C=CODE     S=.text    G=(none)   M=System.IniFiles ACBP=A9
 0001:00001918 00000008 C=CODE     S=.text    G=(none)   M=System.Win.Registry ACBP=A9
 0001:00001920 00000010 C=CODE     S=.text    G=(none)   M=Vcl.Graphics ACBP=A9
 0001:00001930 00000008 C=CODE     S=.text    G=(none)   M=System.SyncObjs ACBP=A9
 0001:00001938 00000008 C=CODE     S=.text    G=(none)   M=Winapi.UxTheme ACBP=A9
 0001:00001940 00000008 C=CODE     S=.text    G=(none)   M=Vcl.ActnList ACBP=A9
 0001:00001948 00000008 C=CODE     S=.text    G=(none)   M=System.AnsiStrings ACBP=A9
 0001:00001950 00000010 C=CODE     S=.text    G=(none)   M=System.Win.ComObj ACBP=A9
 0001:00001960 00000068 C=CODE     S=.text    G=(none)   M=Winapi.MsCTF ACBP=A9
 0001:000019C8 00000008 C=CODE     S=.text    G=(none)   M=Vcl.GraphUtil ACBP=A9
 0001:000019D0 000001C8 C=CODE     S=.text    G=(none)   M=Vcl.Controls ACBP=A9
 0001:00001B98 00000090 C=CODE     S=.text    G=(none)   M=Vcl.StdCtrls ACBP=A9
 0001:00001C28 00000008 C=CODE     S=.text    G=(none)   M=Vcl.Printers ACBP=A9
 0001:00001C30 00000008 C=CODE     S=.text    G=(none)   M=Vcl.Clipbrd ACBP=A9
 0001:00001C38 000000C8 C=CODE     S=.text    G=(none)   M=Vcl.ComCtrls ACBP=A9
 0001:00001D00 00000008 C=CODE     S=.text    G=(none)   M=System.HelpIntfs ACBP=A9
 0001:00001D08 00000008 C=CODE     S=.text    G=(none)   M=Vcl.Dialogs ACBP=A9
 0001:00001D10 00000028 C=CODE     S=.text    G=(none)   M=Vcl.ExtCtrls ACBP=A9
 0001:00001D38 00000010 C=CODE     S=.text    G=(none)   M=Vcl.Themes ACBP=A9
 0001:00001D48 00000008 C=CODE     S=.text    G=(none)   M=Vcl.Menus ACBP=A9
 0001:00001D50 00000008 C=CODE     S=.text    G=(none)   M=Winapi.FlatSB ACBP=A9
 0001:00001D58 000001F0 C=CODE     S=.text    G=(none)   M=Vcl.Forms ACBP=A9
 0001:00001F48 00000140 C=CODE     S=.text    G=(none)   M=System.JSON ACBP=A9
 0001:00002088 000046E4 C=CODE     S=.text    G=(none)   M=System.ThreadSafe ACBP=A9
 0001:0000676C 00000B74 C=CODE     S=.text    G=(none)   M=MVCBr.Factory ACBP=A9
 0001:000072E0 000001D4 C=CODE     S=.text    G=(none)   M=MVCBr.Patterns.Adapter ACBP=A9
 0001:000074B4 00009BC0 C=CODE     S=.text    G=(none)   M=MVCBr.IoC ACBP=A9
 0001:00011074 000080D0 C=CODE     S=.text    G=(none)   M=MVCBr.Observable ACBP=A9
 0001:00019144 0000766C C=CODE     S=.text    G=(none)   M=MVCBr.Interf ACBP=A9
 0001:000207B0 0000727C C=CODE     S=.text    G=(none)   M=MVCBr.ApplicationController ACBP=A9
 0001:00027A2C 00000A9C C=CODE     S=.text    G=(none)   M=MVCBr.Model ACBP=A9
 0001:000284C8 00000F44 C=CODE     S=.text    G=(none)   M=MVCBr.View ACBP=A9
 0001:0002940C 00002930 C=CODE     S=.text    G=(none)   M=MVCBr.Controller ACBP=A9
 0001:0002BD3C 00000310 C=CODE     S=.text    G=(none)   M=MVCBr.PersistentModel ACBP=A9
 0001:0002C04C 000003CC C=CODE     S=.text    G=(none)   M=MVCBr.DatabaseModel.Interf ACBP=A9
 0001:0002C418 00000018 C=CODE     S=.text    G=(none)   M=Data.SqlTimSt ACBP=A9
 0001:0002C430 00000018 C=CODE     S=.text    G=(none)   M=Data.FmtBcd ACBP=A9
 0001:0002C448 000000D0 C=CODE     S=.text    G=(none)   M=Data.DB  ACBP=A9
 0001:0002C518 00000008 C=CODE     S=.text    G=(none)   M=MVCBr.DatabaseModel ACBP=A9
 0001:0002C520 00001490 C=CODE     S=.text    G=(none)   M=System.Rtti.Helper ACBP=A9
 0001:0002D9B0 00004F00 C=CODE     S=.text    G=(none)   M=MVCBr.Patterns.Mediator ACBP=A9
 0001:000328B0 000055BC C=CODE     S=.text    G=(none)   M=MVCBr.MiddlewareFactory ACBP=A9
 0001:00037E6C 000035D4 C=CODE     S=.text    G=(none)   M=MVCBr.FormView ACBP=A9
 0001:0003B440 00000008 C=CODE     S=.text    G=(none)   M=MVCBr.InterfaceHelper ACBP=A9
 0001:0003B448 000009A4 C=CODE     S=.text    G=(none)   M=MVCBr.Component ACBP=A9
 0001:0003BDEC 000059D8 C=CODE     S=.text    G=(none)   M=MVCBr.PageView ACBP=A9
 0001:000417C4 00002310 C=CODE     S=.text    G=(none)   M=System.JsonFiles ACBP=A9
 0001:00043AD4 000000C0 C=CODE     S=.text    G=(none)   M=System.Threading ACBP=A9
 0001:00043B94 00007480 C=CODE     S=.text    G=(none)   M=System.Classes.Helper ACBP=A9
 0001:0004B014 00004010 C=CODE     S=.text    G=(none)   M=MVCBr.ObjectConfigList ACBP=A9
 0001:0004F024 000000D8 C=CODE     S=.text    G=(none)   M=MVCBr.Common ACBP=A9
 0001:0004F0FC 00000918 C=CODE     S=.text    G=(none)   M=MVCBr.ModuleModel ACBP=A9
 0001:0004FA14 00000308 C=CODE     S=.text    G=(none)   M=MVCBr.NavigateModel ACBP=A9
 0001:0004FD1C 000002E8 C=CODE     S=.text    G=(none)   M=MVCBr.OrmModel ACBP=A9
 0001:00050004 000002F4 C=CODE     S=.text    G=(none)   M=MVCBr.ValidateModel ACBP=A9
 0001:000502F8 00000874 C=CODE     S=.text    G=(none)   M=MVCBr.ViewModel ACBP=A9
 0001:00050B6C 000001A0 C=CODE     S=.text    G=(none)   M=MVCBr.Observer ACBP=A9
 0001:00050D0C 00000054 C=CODE     S=.text    G=(none)   M=MVCBr.Patterns.Decorator ACBP=A9
 0001:00050D60 00000008 C=CODE     S=.text    G=(none)   M=MVCBr.Patterns.Factory ACBP=A9
 0001:00050D68 00004D40 C=CODE     S=.text    G=(none)   M=MVCBr.Patterns.States ACBP=A9
 0001:00055AA8 00001224 C=CODE     S=.text    G=(none)   M=MVCBr.FrameView ACBP=A9
 0001:00056CCC 00000008 C=CODE     S=.text    G=(none)   M=System.RegularExpressions ACBP=A9
 0001:00056CD4 00007B28 C=CODE     S=.text    G=(none)   M=System.Json.Helper ACBP=A9
 0001:0005E7FC 00000008 C=CODE     S=.text    G=(none)   M=System.NetEncoding ACBP=A9
 0001:0005E804 00000010 C=CODE     S=.text    G=(none)   M=Soap.EncdDecd ACBP=A9
 0001:0005E814 00004210 C=CODE     S=.text    G=(none)   M=Data.DB.Helper ACBP=A9
 0001:00062A24 00000FCC C=CODE     S=.text    G=(none)   M=.MVCBrCore ACBP=A9
 0002:00000000 00000008 C=ICODE    S=.itext   G=(none)   M=System   ACBP=A9
 0002:00000008 00000008 C=ICODE    S=.itext   G=(none)   M=SysInit  ACBP=A9
 0002:00000010 00000018 C=ICODE    S=.itext   G=(none)   M=Winapi.Windows ACBP=A9
 0002:00000028 00000008 C=ICODE    S=.itext   G=(none)   M=Winapi.PsAPI ACBP=A9
 0002:00000030 00000008 C=ICODE    S=.itext   G=(none)   M=System.Character ACBP=A9
 0002:00000038 00000008 C=ICODE    S=.itext   G=(none)   M=System.Internal.ExcUtils ACBP=A9
 0002:00000040 00000028 C=ICODE    S=.itext   G=(none)   M=System.SysUtils ACBP=A9
 0002:00000068 00000008 C=ICODE    S=.itext   G=(none)   M=System.VarUtils ACBP=A9
 0002:00000070 00000008 C=ICODE    S=.itext   G=(none)   M=System.Variants ACBP=A9
 0002:00000078 00000010 C=ICODE    S=.itext   G=(none)   M=System.Rtti ACBP=A9
 0002:00000088 00000008 C=ICODE    S=.itext   G=(none)   M=System.TypInfo ACBP=A9
 0002:00000090 00000008 C=ICODE    S=.itext   G=(none)   M=System.Math ACBP=A9
 0002:00000098 00000010 C=ICODE    S=.itext   G=(none)   M=System.Generics.Defaults ACBP=A9
 0002:000000A8 00000038 C=ICODE    S=.itext   G=(none)   M=System.Classes ACBP=A9
 0002:000000E0 00000008 C=ICODE    S=.itext   G=(none)   M=System.Actions ACBP=A9
 0002:000000E8 00000008 C=ICODE    S=.itext   G=(none)   M=System.TimeSpan ACBP=A9
 0002:000000F0 00000010 C=ICODE    S=.itext   G=(none)   M=System.DateUtils ACBP=A9
 0002:00000100 00000008 C=ICODE    S=.itext   G=(none)   M=System.IOUtils ACBP=A9
 0002:00000108 00000008 C=ICODE    S=.itext   G=(none)   M=System.Win.Registry ACBP=A9
 0002:00000110 00000010 C=ICODE    S=.itext   G=(none)   M=Vcl.Graphics ACBP=A9
 0002:00000120 00000008 C=ICODE    S=.itext   G=(none)   M=System.SyncObjs ACBP=A9
 0002:00000128 00000008 C=ICODE    S=.itext   G=(none)   M=Winapi.UxTheme ACBP=A9
 0002:00000130 00000008 C=ICODE    S=.itext   G=(none)   M=Vcl.ActnList ACBP=A9
 0002:00000138 00000008 C=ICODE    S=.itext   G=(none)   M=System.AnsiStrings ACBP=A9
 0002:00000140 00000010 C=ICODE    S=.itext   G=(none)   M=System.Win.ComObj ACBP=A9
 0002:00000150 00000010 C=ICODE    S=.itext   G=(none)   M=Winapi.MsCTF ACBP=A9
 0002:00000160 00000008 C=ICODE    S=.itext   G=(none)   M=Vcl.GraphUtil ACBP=A9
 0002:00000168 00000008 C=ICODE    S=.itext   G=(none)   M=Vcl.Controls ACBP=A9
 0002:00000170 00000090 C=ICODE    S=.itext   G=(none)   M=Vcl.StdCtrls ACBP=A9
 0002:00000200 00000008 C=ICODE    S=.itext   G=(none)   M=Vcl.Printers ACBP=A9
 0002:00000208 00000008 C=ICODE    S=.itext   G=(none)   M=Vcl.Clipbrd ACBP=A9
 0002:00000210 000000C8 C=ICODE    S=.itext   G=(none)   M=Vcl.ComCtrls ACBP=A9
 0002:000002D8 00000008 C=ICODE    S=.itext   G=(none)   M=System.HelpIntfs ACBP=A9
 0002:000002E0 00000008 C=ICODE    S=.itext   G=(none)   M=Vcl.Dialogs ACBP=A9
 0002:000002E8 00000028 C=ICODE    S=.itext   G=(none)   M=Vcl.ExtCtrls ACBP=A9
 0002:00000310 00000010 C=ICODE    S=.itext   G=(none)   M=Vcl.Themes ACBP=A9
 0002:00000320 00000008 C=ICODE    S=.itext   G=(none)   M=Vcl.Menus ACBP=A9
 0002:00000328 00000008 C=ICODE    S=.itext   G=(none)   M=Winapi.FlatSB ACBP=A9
 0002:00000330 00000020 C=ICODE    S=.itext   G=(none)   M=Vcl.Forms ACBP=A9
 0002:00000350 00000008 C=ICODE    S=.itext   G=(none)   M=System.JSON ACBP=A9
 0002:00000358 00000008 C=ICODE    S=.itext   G=(none)   M=System.ThreadSafe ACBP=A9
 0002:00000360 00000008 C=ICODE    S=.itext   G=(none)   M=MVCBr.Factory ACBP=A9
 0002:00000368 00000008 C=ICODE    S=.itext   G=(none)   M=MVCBr.Patterns.Adapter ACBP=A9
 0002:00000370 00000010 C=ICODE    S=.itext   G=(none)   M=MVCBr.IoC ACBP=A9
 0002:00000380 0000001C C=ICODE    S=.itext   G=(none)   M=MVCBr.Observable ACBP=A9
 0002:0000039C 00000008 C=ICODE    S=.itext   G=(none)   M=MVCBr.Interf ACBP=A9
 0002:000003A4 00000020 C=ICODE    S=.itext   G=(none)   M=MVCBr.ApplicationController ACBP=A9
 0002:000003C4 00000008 C=ICODE    S=.itext   G=(none)   M=MVCBr.Model ACBP=A9
 0002:000003CC 00000008 C=ICODE    S=.itext   G=(none)   M=MVCBr.View ACBP=A9
 0002:000003D4 00000008 C=ICODE    S=.itext   G=(none)   M=MVCBr.Controller ACBP=A9
 0002:000003DC 00000008 C=ICODE    S=.itext   G=(none)   M=MVCBr.PersistentModel ACBP=A9
 0002:000003E4 00000008 C=ICODE    S=.itext   G=(none)   M=MVCBr.DatabaseModel.Interf ACBP=A9
 0002:000003EC 00000008 C=ICODE    S=.itext   G=(none)   M=Data.SqlTimSt ACBP=A9
 0002:000003F4 00000008 C=ICODE    S=.itext   G=(none)   M=Data.FmtBcd ACBP=A9
 0002:000003FC 00000008 C=ICODE    S=.itext   G=(none)   M=Data.DB  ACBP=A9
 0002:00000404 00000008 C=ICODE    S=.itext   G=(none)   M=MVCBr.DatabaseModel ACBP=A9
 0002:0000040C 00000008 C=ICODE    S=.itext   G=(none)   M=System.Rtti.Helper ACBP=A9
 0002:00000414 00000008 C=ICODE    S=.itext   G=(none)   M=MVCBr.Patterns.Mediator ACBP=A9
 0002:0000041C 0000001C C=ICODE    S=.itext   G=(none)   M=MVCBr.MiddlewareFactory ACBP=A9
 0002:00000438 00000008 C=ICODE    S=.itext   G=(none)   M=MVCBr.FormView ACBP=A9
 0002:00000440 00000008 C=ICODE    S=.itext   G=(none)   M=MVCBr.InterfaceHelper ACBP=A9
 0002:00000448 00000008 C=ICODE    S=.itext   G=(none)   M=MVCBr.Component ACBP=A9
 0002:00000450 00000008 C=ICODE    S=.itext   G=(none)   M=MVCBr.PageView ACBP=A9
 0002:00000458 00000008 C=ICODE    S=.itext   G=(none)   M=System.JsonFiles ACBP=A9
 0002:00000460 00000030 C=ICODE    S=.itext   G=(none)   M=System.Threading ACBP=A9
 0002:00000490 00000008 C=ICODE    S=.itext   G=(none)   M=System.Classes.Helper ACBP=A9
 0002:00000498 00000008 C=ICODE    S=.itext   G=(none)   M=MVCBr.ObjectConfigList ACBP=A9
 0002:000004A0 00000008 C=ICODE    S=.itext   G=(none)   M=MVCBr.Common ACBP=A9
 0002:000004A8 00000008 C=ICODE    S=.itext   G=(none)   M=MVCBr.ModuleModel ACBP=A9
 0002:000004B0 00000008 C=ICODE    S=.itext   G=(none)   M=MVCBr.NavigateModel ACBP=A9
 0002:000004B8 00000008 C=ICODE    S=.itext   G=(none)   M=MVCBr.OrmModel ACBP=A9
 0002:000004C0 00000008 C=ICODE    S=.itext   G=(none)   M=MVCBr.ValidateModel ACBP=A9
 0002:000004C8 00000008 C=ICODE    S=.itext   G=(none)   M=MVCBr.ViewModel ACBP=A9
 0002:000004D0 00000008 C=ICODE    S=.itext   G=(none)   M=MVCBr.Observer ACBP=A9
 0002:000004D8 00000008 C=ICODE    S=.itext   G=(none)   M=MVCBr.Patterns.Decorator ACBP=A9
 0002:000004E0 00000008 C=ICODE    S=.itext   G=(none)   M=MVCBr.Patterns.Factory ACBP=A9
 0002:000004E8 00000008 C=ICODE    S=.itext   G=(none)   M=MVCBr.Patterns.States ACBP=A9
 0002:000004F0 00000008 C=ICODE    S=.itext   G=(none)   M=MVCBr.FrameView ACBP=A9
 0002:000004F8 00000008 C=ICODE    S=.itext   G=(none)   M=System.Json.Helper ACBP=A9
 0002:00000500 00000008 C=ICODE    S=.itext   G=(none)   M=System.NetEncoding ACBP=A9
 0002:00000508 00000008 C=ICODE    S=.itext   G=(none)   M=Data.DB.Helper ACBP=A9
 0002:00000510 00000008 C=ICODE    S=.itext   G=(none)   M=.MVCBrCore ACBP=A9
 0003:00000000 00000088 C=DATA     S=.data    G=DGROUP   M=SysInit  ACBP=A9
 0003:00000088 0000000C C=DATA     S=.data    G=DGROUP   M=Winapi.Windows ACBP=A9
 0003:00000094 00000004 C=DATA     S=.data    G=DGROUP   M=Winapi.MsCTF ACBP=A9
 0003:00000098 00000004 C=DATA     S=.data    G=DGROUP   M=MVCBr.Interf ACBP=A9
 0003:0000009C 00000004 C=DATA     S=.data    G=DGROUP   M=MVCBr.FormView ACBP=A9
 0003:000000A0 00000010 C=DATA     S=.data    G=DGROUP   M=System.Classes.Helper ACBP=A9
 0003:000000B0 0000000C C=DATA     S=.data    G=DGROUP   M=MVCBr.Common ACBP=A9
 0004:00000000 00000020 C=BSS      S=.bss     G=DGROUP   M=SysInit  ACBP=A9
 0004:00000020 00000008 C=BSS      S=.bss     G=DGROUP   M=Winapi.Windows ACBP=A9
 0004:00000028 00000008 C=BSS      S=.bss     G=DGROUP   M=Winapi.PsAPI ACBP=A9
 0004:00000030 00000004 C=BSS      S=.bss     G=DGROUP   M=Winapi.MsCTF ACBP=A9
 0004:00000034 00000004 C=BSS      S=.bss     G=DGROUP   M=System.ThreadSafe ACBP=A9
 0004:00000038 00000004 C=BSS      S=.bss     G=DGROUP   M=MVCBr.Factory ACBP=A9
 0004:0000003C 00000004 C=BSS      S=.bss     G=DGROUP   M=MVCBr.Patterns.Adapter ACBP=A9
 0004:00000040 00000014 C=BSS      S=.bss     G=DGROUP   M=MVCBr.IoC ACBP=A9
 0004:00000054 0000000C C=BSS      S=.bss     G=DGROUP   M=MVCBr.Observable ACBP=A9
 0004:00000060 00000004 C=BSS      S=.bss     G=DGROUP   M=MVCBr.Interf ACBP=A9
 0004:00000064 00000010 C=BSS      S=.bss     G=DGROUP   M=MVCBr.ApplicationController ACBP=A9
 0004:00000074 00000004 C=BSS      S=.bss     G=DGROUP   M=MVCBr.Model ACBP=A9
 0004:00000078 00000004 C=BSS      S=.bss     G=DGROUP   M=MVCBr.View ACBP=A9
 0004:0000007C 00000004 C=BSS      S=.bss     G=DGROUP   M=MVCBr.Controller ACBP=A9
 0004:00000080 00000004 C=BSS      S=.bss     G=DGROUP   M=MVCBr.PersistentModel ACBP=A9
 0004:00000084 00000004 C=BSS      S=.bss     G=DGROUP   M=MVCBr.DatabaseModel.Interf ACBP=A9
 0004:00000088 00000004 C=BSS      S=.bss     G=DGROUP   M=MVCBr.DatabaseModel ACBP=A9
 0004:0000008C 00000004 C=BSS      S=.bss     G=DGROUP   M=System.Rtti.Helper ACBP=A9
 0004:00000090 00000004 C=BSS      S=.bss     G=DGROUP   M=MVCBr.Patterns.Mediator ACBP=A9
 0004:00000094 0000000C C=BSS      S=.bss     G=DGROUP   M=MVCBr.MiddlewareFactory ACBP=A9
 0004:000000A0 00000004 C=BSS      S=.bss     G=DGROUP   M=MVCBr.FormView ACBP=A9
 0004:000000A4 00000004 C=BSS      S=.bss     G=DGROUP   M=MVCBr.InterfaceHelper ACBP=A9
 0004:000000A8 00000004 C=BSS      S=.bss     G=DGROUP   M=MVCBr.Component ACBP=A9
 0004:000000AC 00000004 C=BSS      S=.bss     G=DGROUP   M=MVCBr.PageView ACBP=A9
 0004:000000B0 00000004 C=BSS      S=.bss     G=DGROUP   M=System.JsonFiles ACBP=A9
 0004:000000B4 00000004 C=BSS      S=.bss     G=DGROUP   M=System.Classes.Helper ACBP=A9
 0004:000000B8 00000004 C=BSS      S=.bss     G=DGROUP   M=MVCBr.ObjectConfigList ACBP=A9
 0004:000000BC 00000004 C=BSS      S=.bss     G=DGROUP   M=MVCBr.Common ACBP=A9
 0004:000000C0 00000004 C=BSS      S=.bss     G=DGROUP   M=MVCBr.ModuleModel ACBP=A9
 0004:000000C4 00000004 C=BSS      S=.bss     G=DGROUP   M=MVCBr.NavigateModel ACBP=A9
 0004:000000C8 00000004 C=BSS      S=.bss     G=DGROUP   M=MVCBr.OrmModel ACBP=A9
 0004:000000CC 00000004 C=BSS      S=.bss     G=DGROUP   M=MVCBr.ValidateModel ACBP=A9
 0004:000000D0 00000004 C=BSS      S=.bss     G=DGROUP   M=MVCBr.ViewModel ACBP=A9
 0004:000000D4 00000004 C=BSS      S=.bss     G=DGROUP   M=MVCBr.Observer ACBP=A9
 0004:000000D8 00000004 C=BSS      S=.bss     G=DGROUP   M=MVCBr.Patterns.Decorator ACBP=A9
 0004:000000DC 00000004 C=BSS      S=.bss     G=DGROUP   M=MVCBr.Patterns.Factory ACBP=A9
 0004:000000E0 00000004 C=BSS      S=.bss     G=DGROUP   M=MVCBr.Patterns.States ACBP=A9
 0004:000000E4 00000004 C=BSS      S=.bss     G=DGROUP   M=MVCBr.FrameView ACBP=A9
 0004:000000E8 00000008 C=BSS      S=.bss     G=DGROUP   M=System.Json.Helper ACBP=A9
 0004:000000F0 00000004 C=BSS      S=.bss     G=DGROUP   M=Data.DB.Helper ACBP=A9
 0005:00000000 00000004 C=TLS      S=.tls     G=(none)   M=MVCBr.ApplicationController ACBP=A9
 0005:00000004 00000004 C=TLS      S=.tls     G=(none)   M=MVCBr.MiddlewareFactory ACBP=A9


  Address             Publics by Name

 0002:00000510       .MVCBrCore..MVCBrCore
 0001:000639D0       .MVCBrCore.@GetPackageInfoTable
 0001:000639D8       .MVCBrCore.@PackageLoad
 0001:000639E4       .MVCBrCore.@PackageUnload
 0002:000003FC       Data.DB.Data.DB
 0001:0002C510       Data.DB.Finalization
 0001:0002C4A0       Data.DB.TBlobField.LoadFromStream
 0001:0002C4A8       Data.DB.TBlobField.SaveToStream
 0001:0002C4F8       Data.DB.TDataSet.Append
 0001:0002C500       Data.DB.TDataSet.CopyFields
 0001:0002C4D0       Data.DB.TDataSet.DisableControls
 0001:0002C4F0       Data.DB.TDataSet.Edit
 0001:0002C4D8       Data.DB.TDataSet.EnableControls
 0001:0002C4C0       Data.DB.TDataSet.FieldByName
 0001:0002C4C8       Data.DB.TDataSet.FindField
 0001:0002C4E0       Data.DB.TDataSet.First
 0001:0002C4B8       Data.DB.TDataSet.GetActive
 0001:0002C508       Data.DB.TDataSet.GotoBookmark
 0001:0002C4E8       Data.DB.TDataSet.Next
 0001:0002C4B0       Data.DB.TDataSet.Open
 0001:0002C498       Data.DB.TDateTimeField.SetDisplayFormat
 0001:0002C470       Data.DB.TField.GetCalculated
 0001:0002C478       Data.DB.TField.GetOldValue
 0001:0002C480       Data.DB.TField.SetDisplayLabel
 0001:0002C488       Data.DB.TField.SetEditMask
 0001:0002C458       Data.DB.TFields.Create
 0001:0002C460       Data.DB.TFields.Destroy
 0001:0002C468       Data.DB.TFields.GetEnumerator
 0001:0002C448       Data.DB.TFieldsEnumerator.GetCurrent
 0001:0002C450       Data.DB.TFieldsEnumerator.MoveNext
 0001:0002C490       Data.DB.TNumericField.SetDisplayFormat
 0004:000000F0       Data.DB.Helper..2
 0001:0005E814       Data.DB.Helper..TDatasetHelper
 0001:0005FB9C       Data.DB.Helper..TDatasetHelper.Append$4$ActRec
 0001:0005F91C       Data.DB.Helper..TDatasetHelper.ChangeAllValuesTo$1$ActRec
 0001:00060464       Data.DB.Helper..TDatasetHelper.DoEventIf$16$ActRec
 0001:000606DC       Data.DB.Helper..TDatasetHelper.DoLoopEvent$18$ActRec
 0001:00061270       Data.DB.Helper..TDatasetHelper.Post$28$ActRec
 0001:00060AA4       Data.DB.Helper..TDatasetHelper.Run$21$ActRec
 0001:0005F480       Data.DB.Helper..TFieldHelper
 0001:0005F15C       Data.DB.Helper..TFieldsHack
 0001:0005F244       Data.DB.Helper..TFieldsHelper
 0002:00000508       Data.DB.Helper.Data.DB.Helper
 0001:00061DB0       Data.DB.Helper.FieldValid
 0001:00062A1C       Data.DB.Helper.Finalization
 0001:00060D38       Data.DB.Helper.FromJsonX
 0001:0006267C       Data.DB.Helper.RoundFloat
 0001:0005FC9C       Data.DB.Helper.TDatasetHelper.Append
 0001:0005FA9C       Data.DB.Helper.TDatasetHelper.Append
 0001:0005FC90       Data.DB.Helper.TDatasetHelper.Append$4$ActRec.$0$Body
 0001:0005FD2C       Data.DB.Helper.TDatasetHelper.AppendFromJson
 0001:0005FDE4       Data.DB.Helper.TDatasetHelper.AppendRecords
 0001:0005FEBC       Data.DB.Helper.TDatasetHelper.ChangeAllValuesTo
 0001:0006285C       Data.DB.Helper.TDatasetHelper.ChangeAllValuesTo
 0001:0005F9F8       Data.DB.Helper.TDatasetHelper.ChangeAllValuesTo
 0001:0005F9F4       Data.DB.Helper.TDatasetHelper.ChangeAllValuesTo$1$ActRec.$0$Body
 0001:00060078       Data.DB.Helper.TDatasetHelper.CopyFromJson
 0001:0006056C       Data.DB.Helper.TDatasetHelper.DoEventIf
 0001:00060874       Data.DB.Helper.TDatasetHelper.DoEventIf
 0001:00060560       Data.DB.Helper.TDatasetHelper.DoEventIf$16$ActRec.$0$Body
 0001:000607E4       Data.DB.Helper.TDatasetHelper.DoLoopEvent
 0001:000600C8       Data.DB.Helper.TDatasetHelper.DoLoopEvent
 0001:000607D8       Data.DB.Helper.TDatasetHelper.DoLoopEvent$18$ActRec.$0$Body
 0001:000601A4       Data.DB.Helper.TDatasetHelper.Editing
 0001:0005F6D8       Data.DB.Helper.TDatasetHelper.FieldChanged
 0001:00060308       Data.DB.Helper.TDatasetHelper.FieldMask
 0001:000601B4       Data.DB.Helper.TDatasetHelper.FieldTitle
 0001:00060224       Data.DB.Helper.TDatasetHelper.ForEach
 0001:00060FAC       Data.DB.Helper.TDatasetHelper.FromJsonObject
 0001:00061168       Data.DB.Helper.TDatasetHelper.GetValues
 0001:00060CA4       Data.DB.Helper.TDatasetHelper.JsonToRecord
 0001:0005FD7C       Data.DB.Helper.TDatasetHelper.OpenAnonimous
 0001:00061368       Data.DB.Helper.TDatasetHelper.Post
 0001:000613F8       Data.DB.Helper.TDatasetHelper.Post
 0001:0006135C       Data.DB.Helper.TDatasetHelper.Post$28$ActRec.$0$Body
 0001:00060BB4       Data.DB.Helper.TDatasetHelper.Run
 0001:00060BA0       Data.DB.Helper.TDatasetHelper.Run$21$ActRec.$0$Body
 0001:00060C48       Data.DB.Helper.TDatasetHelper.SetValues
 0001:00061450       Data.DB.Helper.TDatasetHelper.ToJson
 0001:000614A8       Data.DB.Helper.TDatasetHelper.ToJsonObject
 0001:00061630       Data.DB.Helper.TDatasetHelper.Value
 0001:000616A8       Data.DB.Helper.TDatasetHelper.Value
 0001:000625C8       Data.DB.Helper.TFieldHelper.Changed
 0001:00062670       Data.DB.Helper.TFieldHelper.FromStream
 0001:000627C8       Data.DB.Helper.TFieldHelper.Round
 0001:00062808       Data.DB.Helper.TFieldHelper.ToStream
 0001:00062814       Data.DB.Helper.TFieldHelper.Trunc
 0001:00061704       Data.DB.Helper.TFieldsHack.FillFromJson
 0001:00061D64       Data.DB.Helper.TFieldsHelper.FillFromJson
 0001:00061E50       Data.DB.Helper.TFieldsHelper.JsonObject
 0001:00062558       Data.DB.Helper.TFieldsHelper.JsonValue
 0001:00061CF4       Data.DB.Helper.TFieldsHelper.ToJson
 0001:0002C438       Data.FmtBcd.BcdToDouble
 0002:000003F4       Data.FmtBcd.Data.FmtBcd
 0001:0002C430       Data.FmtBcd.DoubleToBcd
 0001:0002C440       Data.FmtBcd.Finalization
 0002:000003EC       Data.SqlTimSt.Data.SqlTimSt
 0001:0002C428       Data.SqlTimSt.Finalization
 0001:0002C418       Data.SqlTimSt.SQLTimeStampToStr
 0001:0002C420       Data.SqlTimSt.StrToSQLTimeStamp
 0004:0000006C       MVCBr.ApplicationController..2
 0001:00025C28       MVCBr.ApplicationController..Finalization$50$ActRec
 0001:00020920       MVCBr.ApplicationController..TApplicationController
 0001:000236BC       MVCBr.ApplicationController..TApplicationController.FindController$8$ActRec
 0001:00023A00       MVCBr.ApplicationController..TApplicationController.FindModel$10$ActRec
 0001:00023CF4       MVCBr.ApplicationController..TApplicationController.FindView$13$ActRec
 0001:00024250       MVCBr.ApplicationController..TApplicationController.ForEach$17$ActRec
 0001:00024528       MVCBr.ApplicationController..TApplicationController.Inited$19$ActRec
 0001:00025958       MVCBr.ApplicationController..TApplicationController.RunMainForm$46$ActRec
 0001:00024CB0       MVCBr.ApplicationController..TApplicationController.ViewEvent$38$ActRec
 0001:0002505C       MVCBr.ApplicationController..TApplicationController.ViewEvent$40$ActRec
 0001:000253C8       MVCBr.ApplicationController..TApplicationController.ViewEventOther$43$ActRec
 0001:00027578       MVCBr.ApplicationController..{System.Generics.Collections}@TList`1.Pack$231$ActRec<System.TAggregatedObject>
 0001:00027758       MVCBr.ApplicationController..{System.Generics.Collections}@TList`1.Pack$233$ActRec<System.TAggregatedObject>
 0001:0002163C       MVCBr.ApplicationController..{System.Generics.Collections}TEnumerable<System.TAggregatedObject>
 0001:000214FC       MVCBr.ApplicationController..{System.Generics.Collections}TEnumerator<System.TAggregatedObject>
 0001:00021C04       MVCBr.ApplicationController..{System.Generics.Collections}TList<System.TAggregatedObject>
 0001:00021A50       MVCBr.ApplicationController..{System.Generics.Collections}TList<System.TAggregatedObject>.TEnumerator
 0001:000228C8       MVCBr.ApplicationController..{System.Generics.Collections}TObjectList<System.TAggregatedObject>
 0001:000272F4       MVCBr.ApplicationController..{System.Generics.Defaults}TComparer<System.TAggregatedObject>
 0001:00027880       MVCBr.ApplicationController..{System.Generics.Defaults}TDelegatedComparer<System.TAggregatedObject>
 0001:00022BD8       MVCBr.ApplicationController..{System.ThreadSafe}TThreadSafeObjectList<System.TAggregatedObject>
 0001:000232A8       MVCBr.ApplicationController.ApplicationController
 0001:00025D24       MVCBr.ApplicationController.Finalization
 0001:00025CEC       MVCBr.ApplicationController.Finalization$50$ActRec.$0$0$Body
 0005:00000000       MVCBr.ApplicationController.LIsClosing
 0004:00000070       MVCBr.ApplicationController.LReleased
 0002:000003AC       MVCBr.ApplicationController.MVCBr.ApplicationController
 0004:00000068       MVCBr.ApplicationController.TApplicationController.$ClassInitFlag
 0001:000232CC       MVCBr.ApplicationController.TApplicationController.Add
 0001:00023348       MVCBr.ApplicationController.TApplicationController.AttachController
 0001:000246CC       MVCBr.ApplicationController.TApplicationController.ControllerAsGuid
 0001:00023378       MVCBr.ApplicationController.TApplicationController.Count
 0001:000233C8       MVCBr.ApplicationController.TApplicationController.Create
 0002:000003A4       MVCBr.ApplicationController.TApplicationController.Create@
 0001:00023418       MVCBr.ApplicationController.TApplicationController.Default
 0001:00023454       MVCBr.ApplicationController.TApplicationController.Delete
 0001:000234A4       MVCBr.ApplicationController.TApplicationController.Destroy
 0001:000207B0       MVCBr.ApplicationController.TApplicationController.Destroy@
 0004:00000064       MVCBr.ApplicationController.TApplicationController.FApplicationController
 0001:000238A0       MVCBr.ApplicationController.TApplicationController.FindController
 0001:000237E8       MVCBr.ApplicationController.TApplicationController.FindController$8$ActRec.$0$Body
 0001:00023B94       MVCBr.ApplicationController.TApplicationController.FindModel
 0001:00023B24       MVCBr.ApplicationController.TApplicationController.FindModel$10$ActRec.$0$Body
 0001:00023EA4       MVCBr.ApplicationController.TApplicationController.FindView
 0001:00023E18       MVCBr.ApplicationController.TApplicationController.FindView$13$ActRec.$0$Body
 0001:00023F40       MVCBr.ApplicationController.TApplicationController.ForEach
 0001:000243D8       MVCBr.ApplicationController.TApplicationController.ForEach
 0001:00024360       MVCBr.ApplicationController.TApplicationController.ForEach$17$ActRec.$0$Body
 0001:00024068       MVCBr.ApplicationController.TApplicationController.ForEachDown
 0001:00024654       MVCBr.ApplicationController.TApplicationController.Inited
 0001:0002460C       MVCBr.ApplicationController.TApplicationController.Inited$19$ActRec.$0$Body
 0001:000246BC       MVCBr.ApplicationController.TApplicationController.IsClosing
 0001:00024724       MVCBr.ApplicationController.TApplicationController.MainController
 0001:00024740       MVCBr.ApplicationController.TApplicationController.MainView
 0001:00024758       MVCBr.ApplicationController.TApplicationController.Release
 0001:0002476C       MVCBr.ApplicationController.TApplicationController.Remove
 0001:00024850       MVCBr.ApplicationController.TApplicationController.ResolveController
 0001:00024880       MVCBr.ApplicationController.TApplicationController.RevokeController
 0001:00024900       MVCBr.ApplicationController.TApplicationController.Run
 0001:0002568C       MVCBr.ApplicationController.TApplicationController.Run
 0001:00025B68       MVCBr.ApplicationController.TApplicationController.Run
 0001:00025A98       MVCBr.ApplicationController.TApplicationController.RunMainForm
 0001:00025A80       MVCBr.ApplicationController.TApplicationController.RunMainForm$46$ActRec.$0$Body
 0001:00024980       MVCBr.ApplicationController.TApplicationController.SetClosing
 0001:00024990       MVCBr.ApplicationController.TApplicationController.SetMainView
 0001:00024A34       MVCBr.ApplicationController.TApplicationController.This
 0001:00024754       MVCBr.ApplicationController.TApplicationController.ThisAs
 0001:00024A38       MVCBr.ApplicationController.TApplicationController.Update
 0001:00024B20       MVCBr.ApplicationController.TApplicationController.UpdateAll
 0001:000249DC       MVCBr.ApplicationController.TApplicationController.ViewEvent
 0001:00024ED0       MVCBr.ApplicationController.TApplicationController.ViewEvent
 0001:00025300       MVCBr.ApplicationController.TApplicationController.ViewEvent
 0001:00025268       MVCBr.ApplicationController.TApplicationController.ViewEvent
 0001:00024E1C       MVCBr.ApplicationController.TApplicationController.ViewEvent$38$ActRec.$0$Body
 0001:00025198       MVCBr.ApplicationController.TApplicationController.ViewEvent$40$ActRec.$0$Body
 0001:000255C4       MVCBr.ApplicationController.TApplicationController.ViewEventOther
 0001:00025518       MVCBr.ApplicationController.TApplicationController.ViewEventOther$43$ActRec.$0$Body
 0001:00027068       MVCBr.ApplicationController.TArray.BinarySearch<System.TAggregatedObject>
 0001:00027168       MVCBr.ApplicationController.TArray.QuickSort<System.TAggregatedObject>
 0001:00027008       MVCBr.ApplicationController.TArray.Sort<System.TAggregatedObject>
 0001:00026FD8       MVCBr.ApplicationController.{System.Generics.Collections}@TList`1.Pack$231$ActRec<System.TAggregatedObject>.$0$Body
 0001:00026FF8       MVCBr.ApplicationController.{System.Generics.Collections}@TList`1.Pack$233$ActRec<System.TAggregatedObject>.$0$Body
 0001:000263CC       MVCBr.ApplicationController.{System.Generics.Collections}TEnumerable<System.TAggregatedObject>.Destroy
 0001:000263F0       MVCBr.ApplicationController.{System.Generics.Collections}TEnumerable<System.TAggregatedObject>.GetEnumerator
 0001:000263F8       MVCBr.ApplicationController.{System.Generics.Collections}TEnumerable<System.TAggregatedObject>.ToArray
 0001:00026340       MVCBr.ApplicationController.{System.Generics.Collections}TEnumerable<System.TAggregatedObject>.ToArrayImpl
 0001:000264AC       MVCBr.ApplicationController.{System.Generics.Collections}TEnumerator<System.TAggregatedObject>.MoveNext
 0001:00026884       MVCBr.ApplicationController.{System.Generics.Collections}TList<System.TAggregatedObject>.Add
 0001:000268B4       MVCBr.ApplicationController.{System.Generics.Collections}TList<System.TAggregatedObject>.AddRange
 0001:00026894       MVCBr.ApplicationController.{System.Generics.Collections}TList<System.TAggregatedObject>.AddRange
 0001:000268A8       MVCBr.ApplicationController.{System.Generics.Collections}TList<System.TAggregatedObject>.AddRange
 0001:00026D38       MVCBr.ApplicationController.{System.Generics.Collections}TList<System.TAggregatedObject>.BinarySearch
 0001:00026D74       MVCBr.ApplicationController.{System.Generics.Collections}TList<System.TAggregatedObject>.BinarySearch
 0001:00026C14       MVCBr.ApplicationController.{System.Generics.Collections}TList<System.TAggregatedObject>.Clear
 0001:00026C50       MVCBr.ApplicationController.{System.Generics.Collections}TList<System.TAggregatedObject>.Contains
 0001:00026630       MVCBr.ApplicationController.{System.Generics.Collections}TList<System.TAggregatedObject>.Create
 0001:000266E0       MVCBr.ApplicationController.{System.Generics.Collections}TList<System.TAggregatedObject>.Create
 0001:000265B8       MVCBr.ApplicationController.{System.Generics.Collections}TList<System.TAggregatedObject>.Create
 0001:00026B54       MVCBr.ApplicationController.{System.Generics.Collections}TList<System.TAggregatedObject>.Delete
 0001:00026B60       MVCBr.ApplicationController.{System.Generics.Collections}TList<System.TAggregatedObject>.DeleteRange
 0001:0002678C       MVCBr.ApplicationController.{System.Generics.Collections}TList<System.TAggregatedObject>.Destroy
 0001:00026544       MVCBr.ApplicationController.{System.Generics.Collections}TList<System.TAggregatedObject>.DoDelete
 0001:00026598       MVCBr.ApplicationController.{System.Generics.Collections}TList<System.TAggregatedObject>.DoGetEnumerator
 0001:000267D8       MVCBr.ApplicationController.{System.Generics.Collections}TList<System.TAggregatedObject>.Error
 0001:00026810       MVCBr.ApplicationController.{System.Generics.Collections}TList<System.TAggregatedObject>.Error
 0001:00026BCC       MVCBr.ApplicationController.{System.Generics.Collections}TList<System.TAggregatedObject>.Exchange
 0001:00026C20       MVCBr.ApplicationController.{System.Generics.Collections}TList<System.TAggregatedObject>.Expand
 0001:00026BA8       MVCBr.ApplicationController.{System.Generics.Collections}TList<System.TAggregatedObject>.Extract
 0001:00026B6C       MVCBr.ApplicationController.{System.Generics.Collections}TList<System.TAggregatedObject>.ExtractItem
 0001:00026BE4       MVCBr.ApplicationController.{System.Generics.Collections}TList<System.TAggregatedObject>.First
 0001:000264B4       MVCBr.ApplicationController.{System.Generics.Collections}TList<System.TAggregatedObject>.GetCapacity
 0001:00026DD4       MVCBr.ApplicationController.{System.Generics.Collections}TList<System.TAggregatedObject>.GetEnumerator
 0001:00026508       MVCBr.ApplicationController.{System.Generics.Collections}TList<System.TAggregatedObject>.GetItem
 0001:00026538       MVCBr.ApplicationController.{System.Generics.Collections}TList<System.TAggregatedObject>.GrowCheck
 0001:00026C70       MVCBr.ApplicationController.{System.Generics.Collections}TList<System.TAggregatedObject>.IndexOf
 0001:00026C8C       MVCBr.ApplicationController.{System.Generics.Collections}TList<System.TAggregatedObject>.IndexOfItem
 0001:000268C0       MVCBr.ApplicationController.{System.Generics.Collections}TList<System.TAggregatedObject>.Insert
 0001:000268EC       MVCBr.ApplicationController.{System.Generics.Collections}TList<System.TAggregatedObject>.InsertRange
 0001:00026970       MVCBr.ApplicationController.{System.Generics.Collections}TList<System.TAggregatedObject>.InsertRange
 0001:000268D0       MVCBr.ApplicationController.{System.Generics.Collections}TList<System.TAggregatedObject>.InsertRange
 0001:0002655C       MVCBr.ApplicationController.{System.Generics.Collections}TList<System.TAggregatedObject>.InternalCompare
 0001:00026550       MVCBr.ApplicationController.{System.Generics.Collections}TList<System.TAggregatedObject>.InternalNotify
 0001:0002656C       MVCBr.ApplicationController.{System.Generics.Collections}TList<System.TAggregatedObject>.ItemValue
 0001:00026BF8       MVCBr.ApplicationController.{System.Generics.Collections}TList<System.TAggregatedObject>.Last
 0001:00026CBC       MVCBr.ApplicationController.{System.Generics.Collections}TList<System.TAggregatedObject>.LastIndexOf
 0001:00026BD8       MVCBr.ApplicationController.{System.Generics.Collections}TList<System.TAggregatedObject>.Move
 0001:000265A0       MVCBr.ApplicationController.{System.Generics.Collections}TList<System.TAggregatedObject>.Notify
 0001:000269F0       MVCBr.ApplicationController.{System.Generics.Collections}TList<System.TAggregatedObject>.Pack
 0001:00026A78       MVCBr.ApplicationController.{System.Generics.Collections}TList<System.TAggregatedObject>.Pack
 0001:00026B08       MVCBr.ApplicationController.{System.Generics.Collections}TList<System.TAggregatedObject>.Remove
 0001:00026B24       MVCBr.ApplicationController.{System.Generics.Collections}TList<System.TAggregatedObject>.RemoveItem
 0001:00026CD8       MVCBr.ApplicationController.{System.Generics.Collections}TList<System.TAggregatedObject>.Reverse
 0001:000264CC       MVCBr.ApplicationController.{System.Generics.Collections}TList<System.TAggregatedObject>.SetCapacity
 0001:000264FC       MVCBr.ApplicationController.{System.Generics.Collections}TList<System.TAggregatedObject>.SetCount
 0001:00026524       MVCBr.ApplicationController.{System.Generics.Collections}TList<System.TAggregatedObject>.SetItem
 0001:00026D0C       MVCBr.ApplicationController.{System.Generics.Collections}TList<System.TAggregatedObject>.Sort
 0001:00026CE4       MVCBr.ApplicationController.{System.Generics.Collections}TList<System.TAggregatedObject>.Sort
 0001:00026E10       MVCBr.ApplicationController.{System.Generics.Collections}TList<System.TAggregatedObject>.TEnumerator.Create
 0001:00026E00       MVCBr.ApplicationController.{System.Generics.Collections}TList<System.TAggregatedObject>.TEnumerator.DoGetCurrent
 0001:00026E08       MVCBr.ApplicationController.{System.Generics.Collections}TList<System.TAggregatedObject>.TEnumerator.DoMoveNext
 0001:00026DE4       MVCBr.ApplicationController.{System.Generics.Collections}TList<System.TAggregatedObject>.TEnumerator.GetCurrent
 0001:00026E54       MVCBr.ApplicationController.{System.Generics.Collections}TList<System.TAggregatedObject>.TEnumerator.MoveNext
 0001:00026DC0       MVCBr.ApplicationController.{System.Generics.Collections}TList<System.TAggregatedObject>.ToArray
 0001:00026DB4       MVCBr.ApplicationController.{System.Generics.Collections}TList<System.TAggregatedObject>.TrimExcess
 0001:00026F28       MVCBr.ApplicationController.{System.Generics.Collections}TObjectList<System.TAggregatedObject>.Create
 0001:00026EA0       MVCBr.ApplicationController.{System.Generics.Collections}TObjectList<System.TAggregatedObject>.Create
 0001:00026EE4       MVCBr.ApplicationController.{System.Generics.Collections}TObjectList<System.TAggregatedObject>.Create
 0001:00026F6C       MVCBr.ApplicationController.{System.Generics.Collections}TObjectList<System.TAggregatedObject>.Destroy
 0001:00026E74       MVCBr.ApplicationController.{System.Generics.Collections}TObjectList<System.TAggregatedObject>.Notify
 0001:00027450       MVCBr.ApplicationController.{System.Generics.Defaults}TComparer<System.TAggregatedObject>.Compare
 0001:00026FB0       MVCBr.ApplicationController.{System.Generics.Defaults}TComparer<System.TAggregatedObject>.Construct
 0001:00026F90       MVCBr.ApplicationController.{System.Generics.Defaults}TComparer<System.TAggregatedObject>.Default
 0001:0002715C       MVCBr.ApplicationController.{System.Generics.Defaults}TDelegatedComparer<System.TAggregatedObject>.Compare
 0001:00027120       MVCBr.ApplicationController.{System.Generics.Defaults}TDelegatedComparer<System.TAggregatedObject>.Create
 0001:00026060       MVCBr.ApplicationController.{System.ThreadSafe}TThreadSafeObjectList<System.TAggregatedObject>.Add
 0001:00026220       MVCBr.ApplicationController.{System.ThreadSafe}TThreadSafeObjectList<System.TAggregatedObject>.Add
 0001:000260B4       MVCBr.ApplicationController.{System.ThreadSafe}TThreadSafeObjectList<System.TAggregatedObject>.Append
 0001:0002601C       MVCBr.ApplicationController.{System.ThreadSafe}TThreadSafeObjectList<System.TAggregatedObject>.Clear
 0001:00026108       MVCBr.ApplicationController.{System.ThreadSafe}TThreadSafeObjectList<System.TAggregatedObject>.Count
 0001:00025EA0       MVCBr.ApplicationController.{System.ThreadSafe}TThreadSafeObjectList<System.TAggregatedObject>.create
 0001:00025E40       MVCBr.ApplicationController.{System.ThreadSafe}TThreadSafeObjectList<System.TAggregatedObject>.create
 0001:000261A8       MVCBr.ApplicationController.{System.ThreadSafe}TThreadSafeObjectList<System.TAggregatedObject>.Delete
 0001:00025EE8       MVCBr.ApplicationController.{System.ThreadSafe}TThreadSafeObjectList<System.TAggregatedObject>.Destroy
 0001:00025FCC       MVCBr.ApplicationController.{System.ThreadSafe}TThreadSafeObjectList<System.TAggregatedObject>.Extract
 0001:0002623C       MVCBr.ApplicationController.{System.ThreadSafe}TThreadSafeObjectList<System.TAggregatedObject>.ForEach
 0001:00025D9C       MVCBr.ApplicationController.{System.ThreadSafe}TThreadSafeObjectList<System.TAggregatedObject>.Getitems
 0001:00026154       MVCBr.ApplicationController.{System.ThreadSafe}TThreadSafeObjectList<System.TAggregatedObject>.IndexOf
 0001:00025FF8       MVCBr.ApplicationController.{System.ThreadSafe}TThreadSafeObjectList<System.TAggregatedObject>.LockList
 0001:00025FA0       MVCBr.ApplicationController.{System.ThreadSafe}TThreadSafeObjectList<System.TAggregatedObject>.Peek
 0001:00025F3C       MVCBr.ApplicationController.{System.ThreadSafe}TThreadSafeObjectList<System.TAggregatedObject>.Pop
 0001:00025F34       MVCBr.ApplicationController.{System.ThreadSafe}TThreadSafeObjectList<System.TAggregatedObject>.Push
 0001:00026200       MVCBr.ApplicationController.{System.ThreadSafe}TThreadSafeObjectList<System.TAggregatedObject>.Remove
 0001:00025DF0       MVCBr.ApplicationController.{System.ThreadSafe}TThreadSafeObjectList<System.TAggregatedObject>.Setitems
 0001:000262E8       MVCBr.ApplicationController.{System.ThreadSafe}TThreadSafeObjectList<System.TAggregatedObject>.ToJson
 0001:00026330       MVCBr.ApplicationController.{System.ThreadSafe}TThreadSafeObjectList<System.TAggregatedObject>.ToJsonArray
 0001:00026008       MVCBr.ApplicationController.{System.ThreadSafe}TThreadSafeObjectList<System.TAggregatedObject>.TryLockList
 0001:00026010       MVCBr.ApplicationController.{System.ThreadSafe}TThreadSafeObjectList<System.TAggregatedObject>.UnlockList
 0004:000000BC       MVCBr.Common..2
 0001:0004F0F4       MVCBr.Common.Finalization
 0002:000004A0       MVCBr.Common.MVCBr.Common
 0003:000000B0       MVCBr.Common.TDataRowChangeTypeName
 0004:000000A8       MVCBr.Component..2
 0001:0003B558       MVCBr.Component..TComponentFactory
 0001:0003BDE4       MVCBr.Component.Finalization
 0002:00000448       MVCBr.Component.MVCBr.Component
 0001:0003BAD4       MVCBr.Component.TComponentFactory.AfterConstruction
 0001:0003BAE8       MVCBr.Component.TComponentFactory.AfterInit
 0001:0003BAF4       MVCBr.Component.TComponentFactory.ApplicationController
 0001:0003BB44       MVCBr.Component.TComponentFactory.ApplicationControllerInternal
 0001:0003BB50       MVCBr.Component.TComponentFactory.Controller
 0001:0003BB6C       MVCBr.Component.TComponentFactory.Create
 0001:0003BBA8       MVCBr.Component.TComponentFactory.Destroy
 0001:0003BBCC       MVCBr.Component.TComponentFactory.GetController
 0001:0003BC54       MVCBr.Component.TComponentFactory.GetID
 0001:0003BC68       MVCBr.Component.TComponentFactory.ID
 0001:0003BC84       MVCBr.Component.TComponentFactory.initBase
 0001:0003BD30       MVCBr.Component.TComponentFactory.RefCount
 0001:0003BD48       MVCBr.Component.TComponentFactory.Release
 0001:0003BD60       MVCBr.Component.TComponentFactory.ResolveController
 0001:0003BD80       MVCBr.Component.TComponentFactory.SetController
 0001:0003BD8C       MVCBr.Component.TComponentFactory.This
 0001:0003BD90       MVCBr.Component.TComponentFactory.Update
 0001:0003BDD0       MVCBr.Component.TComponentFactory.Update
 0004:0000007C       MVCBr.Controller..2
 0001:000297BC       MVCBr.Controller..TControllerFactory
 0001:0002B4A4       MVCBr.Controller..TControllerFactory.AfterInit$36$ActRec
 0001:0002BD34       MVCBr.Controller.Finalization
 0002:000003D4       MVCBr.Controller.MVCBr.Controller
 0001:0002A638       MVCBr.Controller.TControllerFactory.Add
 0001:0002B3D8       MVCBr.Controller.TControllerFactory.AfterConstruction
 0001:0002B5C4       MVCBr.Controller.TControllerFactory.AfterInit
 0001:0002B57C       MVCBr.Controller.TControllerFactory.AfterInit$36$ActRec.$0$Body
 0001:0002B6D0       MVCBr.Controller.TControllerFactory.ApplicationController
 0001:0002B728       MVCBr.Controller.TControllerFactory.AttachModel
 0001:0002B780       MVCBr.Controller.TControllerFactory.AttachView
 0001:0002AD90       MVCBr.Controller.TControllerFactory.AttachView
 0001:0002A640       MVCBr.Controller.TControllerFactory.BeforeInit
 0001:0002A644       MVCBr.Controller.TControllerFactory.ControllerAs
 0001:0002A648       MVCBr.Controller.TControllerFactory.Count
 0001:0002A698       MVCBr.Controller.TControllerFactory.Create
 0001:0002AFB4       MVCBr.Controller.TControllerFactory.CreateModule
 0001:0002A764       MVCBr.Controller.TControllerFactory.Default
 0001:0002A7C8       MVCBr.Controller.TControllerFactory.Delete
 0001:0002A818       MVCBr.Controller.TControllerFactory.Destroy
 0001:0002A874       MVCBr.Controller.TControllerFactory.DoCommand
 0001:0002A8A0       MVCBr.Controller.TControllerFactory.ForEach
 0001:0002A990       MVCBr.Controller.TControllerFactory.GetID
 0001:0002A9A4       MVCBr.Controller.TControllerFactory.GetModel
 0001:0002AA4C       MVCBr.Controller.TControllerFactory.GetModelByID
 0001:0002AB30       MVCBr.Controller.TControllerFactory.GetModelByType
 0001:0002BD20       MVCBr.Controller.TControllerFactory.GetView
 0001:0002ABF8       MVCBr.Controller.TControllerFactory.ID
 0001:0002AC20       MVCBr.Controller.TControllerFactory.IndexOf
 0001:0002ACE0       MVCBr.Controller.TControllerFactory.IndexOfModelType
 0001:0002AD64       MVCBr.Controller.TControllerFactory.Init
 0001:0002ADE0       MVCBr.Controller.TControllerFactory.IsController
 0001:0002ADFC       MVCBr.Controller.TControllerFactory.IsModel
 0001:0002AEF8       MVCBr.Controller.TControllerFactory.IsView
 0001:0002AF28       MVCBr.Controller.TControllerFactory.Load
 0001:0002B138       MVCBr.Controller.TControllerFactory.NewController
 0001:0002B08C       MVCBr.Controller.TControllerFactory.Release
 0001:0002B20C       MVCBr.Controller.TControllerFactory.SetID
 0001:0002B220       MVCBr.Controller.TControllerFactory.SetView
 0001:0002B2F0       MVCBr.Controller.TControllerFactory.ShowView
 0001:0002B284       MVCBr.Controller.TControllerFactory.ShowView
 0001:0002B35C       MVCBr.Controller.TControllerFactory.ShowView
 0001:0002B3B4       MVCBr.Controller.TControllerFactory.Start
 0001:0002B7F0       MVCBr.Controller.TControllerFactory.This
 0001:0002B7F4       MVCBr.Controller.TControllerFactory.Update
 0001:0002B92C       MVCBr.Controller.TControllerFactory.UpdateAll
 0001:0002BA6C       MVCBr.Controller.TControllerFactory.UpdateByModel
 0001:0002BB04       MVCBr.Controller.TControllerFactory.UpdateByView
 0001:0002BC28       MVCBr.Controller.TControllerFactory.View
 0001:0002B198       MVCBr.Controller.TControllerFactory.ViewEvent
 0004:00000088       MVCBr.DatabaseModel..3
 0001:0002C518       MVCBr.DatabaseModel.Finalization
 0002:00000404       MVCBr.DatabaseModel.MVCBr.DatabaseModel
 0004:00000084       MVCBr.DatabaseModel.Interf..2
 0001:0002C200       MVCBr.DatabaseModel.Interf..TDatabaseModelAbstract
 0001:0002C410       MVCBr.DatabaseModel.Interf.Finalization
 0002:000003E4       MVCBr.DatabaseModel.Interf.MVCBr.DatabaseModel.Interf
 0001:0002C3E4       MVCBr.DatabaseModel.Interf.TDatabaseModelAbstract.GetConnectionString
 0001:0002C3F8       MVCBr.DatabaseModel.Interf.TDatabaseModelAbstract.SetConnectionString
 0001:0002C40C       MVCBr.DatabaseModel.Interf.TDatabaseModelAbstract.This
 0004:00000038       MVCBr.Factory..6
 0001:00006BCC       MVCBr.Factory..TMVCBrAggregatedFactory
 0001:00006E74       MVCBr.Factory..TMVCBrContainedFactory
 0001:00006848       MVCBr.Factory..TMVCBrFactory
 0001:000072D8       MVCBr.Factory.Finalization
 0002:00000360       MVCBr.Factory.MVCBr.Factory
 0001:000071C8       MVCBr.Factory.TMVCBrAggregatedFactory.Create
 0001:000071FC       MVCBr.Factory.TMVCBrAggregatedFactory.Destroy
 0001:00007228       MVCBr.Factory.TMVCBrAggregatedFactory.GetDefault
 0001:0000723C       MVCBr.Factory.TMVCBrAggregatedFactory.QueryInterface
 0001:00007258       MVCBr.Factory.TMVCBrAggregatedFactory.Release
 0001:0000726C       MVCBr.Factory.TMVCBrAggregatedFactory.SetDisabledRefCount
 0001:00007270       MVCBr.Factory.TMVCBrAggregatedFactory._AddRef
 0001:00007290       MVCBr.Factory.TMVCBrAggregatedFactory._Release
 0001:000072B0       MVCBr.Factory.TMVCBrContainedFactory.QueryInterface
 0001:00006F7C       MVCBr.Factory.TMVCBrFactory.Create
 0001:00006FD8       MVCBr.Factory.TMVCBrFactory.Create
 0001:00007068       MVCBr.Factory.TMVCBrFactory.Destroy
 0001:000070A4       MVCBr.Factory.TMVCBrFactory.GetDefault
 0001:000070E4       MVCBr.Factory.TMVCBrFactory.Lock
 0001:000070F0       MVCBr.Factory.TMVCBrFactory.RefCount
 0001:000070F8       MVCBr.Factory.TMVCBrFactory.Release
 0001:000070FC       MVCBr.Factory.TMVCBrFactory.SetSafeted
 0001:0000715C       MVCBr.Factory.TMVCBrFactory.SetUnsafe
 0001:000071B8       MVCBr.Factory.TMVCBrFactory.This
 0001:000071BC       MVCBr.Factory.TMVCBrFactory.UnLock
 0004:000000A0       MVCBr.FormView..5
 0001:0003881C       MVCBr.FormView..TCustomFormFactory
 0001:0003AE24       MVCBr.FormView..TCustomFormFactory.ShowView$50$ActRec
 0001:00039E68       MVCBr.FormView..TFMXFormFactory
 0001:00039B00       MVCBr.FormView..TFormFactory
 0001:000380DC       MVCBr.FormView..TViewFactoryAdapter
 0001:0003B438       MVCBr.FormView.Finalization
 0003:0000009C       MVCBr.FormView.LViewsCount
 0002:00000438       MVCBr.FormView.MVCBr.FormView
 0001:0003A1B8       MVCBr.FormView.TCustomFormFactory.AfterConstruction
 0001:0003A87C       MVCBr.FormView.TCustomFormFactory.ApplicationController
 0001:0003A8C8       MVCBr.FormView.TCustomFormFactory.ApplicationControllerInternal
 0001:0003A558       MVCBr.FormView.TCustomFormFactory.AttachController
 0001:0003A1DC       MVCBr.FormView.TCustomFormFactory.Controller
 0001:0003A208       MVCBr.FormView.TCustomFormFactory.Create
 0001:0003A2C8       MVCBr.FormView.TCustomFormFactory.Destroy
 0001:0003A824       MVCBr.FormView.TCustomFormFactory.DoCloseView
 0001:0003A8D4       MVCBr.FormView.TCustomFormFactory.DoCommand
 0001:0003A93C       MVCBr.FormView.TCustomFormFactory.FindView
 0001:0003A37C       MVCBr.FormView.TCustomFormFactory.GetController
 0001:0003A394       MVCBr.FormView.TCustomFormFactory.GetGuid
 0001:0003A3E0       MVCBr.FormView.TCustomFormFactory.GetID
 0001:0003A3F8       MVCBr.FormView.TCustomFormFactory.GetModel
 0001:0003A434       MVCBr.FormView.TCustomFormFactory.GetPropertyValue
 0001:0003A488       MVCBr.FormView.TCustomFormFactory.GetShowModal
 0001:0003A490       MVCBr.FormView.TCustomFormFactory.GetTitle
 0001:0003A4A4       MVCBr.FormView.TCustomFormFactory.GetViewModel
 0001:0003A520       MVCBr.FormView.TCustomFormFactory.Init
 0001:0003A54C       MVCBr.FormView.TCustomFormFactory.IsClosing
 0001:0003AB6C       MVCBr.FormView.TCustomFormFactory.MainViewEvent
 0001:0003AC14       MVCBr.FormView.TCustomFormFactory.Notify
 0001:0003AC64       MVCBr.FormView.TCustomFormFactory.Observable
 0001:0003A670       MVCBr.FormView.TCustomFormFactory.RefCount
 0001:0003A688       MVCBr.FormView.TCustomFormFactory.RegisterObserver
 0001:0003A698       MVCBr.FormView.TCustomFormFactory.Release
 0001:0003A6CC       MVCBr.FormView.TCustomFormFactory.ResolveController
 0001:0003A74C       MVCBr.FormView.TCustomFormFactory.RevokeController
 0001:0003A6F0       MVCBr.FormView.TCustomFormFactory.RevokeController
 0001:0003A774       MVCBr.FormView.TCustomFormFactory.SetClosing
 0001:0003A780       MVCBr.FormView.TCustomFormFactory.SetController
 0001:0003A808       MVCBr.FormView.TCustomFormFactory.SetOnClose
 0001:0003A798       MVCBr.FormView.TCustomFormFactory.SetOnCommandEvent
 0001:0003A7B4       MVCBr.FormView.TCustomFormFactory.SetOnViewEvent
 0001:0003A7D0       MVCBr.FormView.TCustomFormFactory.SetOnViewInit
 0001:0003A7EC       MVCBr.FormView.TCustomFormFactory.SetOnViewUpdate
 0001:0003AC70       MVCBr.FormView.TCustomFormFactory.SetPropertyValue
 0001:0003ACC4       MVCBr.FormView.TCustomFormFactory.SetShowModal
 0001:0003ACCC       MVCBr.FormView.TCustomFormFactory.SetTitle
 0001:0003ACD4       MVCBr.FormView.TCustomFormFactory.SetViewModel
 0001:0003AD20       MVCBr.FormView.TCustomFormFactory.ShowView
 0001:0003B400       MVCBr.FormView.TCustomFormFactory.ShowView
 0001:0003B3D8       MVCBr.FormView.TCustomFormFactory.ShowView
 0001:0003AF1C       MVCBr.FormView.TCustomFormFactory.ShowView
 0001:0003B018       MVCBr.FormView.TCustomFormFactory.ShowView
 0001:0003B058       MVCBr.FormView.TCustomFormFactory.ShowView
 0001:0003AF9C       MVCBr.FormView.TCustomFormFactory.ShowView
 0001:0003AEF4       MVCBr.FormView.TCustomFormFactory.ShowView$50$ActRec.$0$Body
 0001:0003B0EC       MVCBr.FormView.TCustomFormFactory.This
 0001:0003B0F0       MVCBr.FormView.TCustomFormFactory.UnRegisterObserver
 0001:0003B148       MVCBr.FormView.TCustomFormFactory.Update
 0001:0003B100       MVCBr.FormView.TCustomFormFactory.Update
 0001:0003B218       MVCBr.FormView.TCustomFormFactory.UpdateObserver
 0001:0003B14C       MVCBr.FormView.TCustomFormFactory.UpdateObserver
 0001:0003B264       MVCBr.FormView.TCustomFormFactory.UpdateObserver
 0001:0003B26C       MVCBr.FormView.TCustomFormFactory.UpdateView
 0001:0003AA8C       MVCBr.FormView.TCustomFormFactory.ViewEvent
 0001:0003A968       MVCBr.FormView.TCustomFormFactory.ViewEvent
 0001:0003A9AC       MVCBr.FormView.TCustomFormFactory.ViewEventOther
 0001:0003B2A0       MVCBr.FormView.TViewFactoryAdapter.DoClose
 0001:0003B2E8       MVCBr.FormView.TViewFactoryAdapter.Form
 0001:0003B328       MVCBr.FormView.TViewFactoryAdapter.New
 0001:0003B2EC       MVCBr.FormView.TViewFactoryAdapter.New
 0001:0003B370       MVCBr.FormView.TViewFactoryAdapter.SetisShowModal
 0001:0003B374       MVCBr.FormView.TViewFactoryAdapter.ShowView
 0001:0003B3D0       MVCBr.FormView.TViewFactoryAdapter.This
 0001:0003B3D4       MVCBr.FormView.TViewFactoryAdapter.ThisAs
 0004:000000E4       MVCBr.FrameView..2
 0001:00055D80       MVCBr.FrameView..TFrameFactory
 0001:00056CC4       MVCBr.FrameView.Finalization
 0002:000004F0       MVCBr.FrameView.MVCBr.FrameView
 0001:000568E0       MVCBr.FrameView.TFrameFactory.ApplicationControllerInternal
 0001:000568EC       MVCBr.FrameView.TFrameFactory.Controller
 0001:0005691C       MVCBr.FrameView.TFrameFactory.Create
 0001:00056960       MVCBr.FrameView.TFrameFactory.Destroy
 0001:00056994       MVCBr.FrameView.TFrameFactory.DoCommand
 0001:000569C0       MVCBr.FrameView.TFrameFactory.GetController
 0001:000569D8       MVCBr.FrameView.TFrameFactory.GetGuid
 0001:00056A24       MVCBr.FrameView.TFrameFactory.GetID
 0001:00056A3C       MVCBr.FrameView.TFrameFactory.GetModel
 0001:00056A68       MVCBr.FrameView.TFrameFactory.GetPropertyValue
 0001:00056ABC       MVCBr.FrameView.TFrameFactory.GetTitle
 0001:00056AD4       MVCBr.FrameView.TFrameFactory.GetViewModel
 0001:00056AEC       MVCBr.FrameView.TFrameFactory.Init
 0001:00056AF0       MVCBr.FrameView.TFrameFactory.RefCount
 0001:00056B08       MVCBr.FrameView.TFrameFactory.Release
 0001:00056B24       MVCBr.FrameView.TFrameFactory.SetController
 0001:00056B3C       MVCBr.FrameView.TFrameFactory.SetPropertyValue
 0001:00056B90       MVCBr.FrameView.TFrameFactory.SetTitle
 0001:00056BA8       MVCBr.FrameView.TFrameFactory.SetViewModel
 0001:00056BE8       MVCBr.FrameView.TFrameFactory.ShowView
 0001:00056C10       MVCBr.FrameView.TFrameFactory.ShowView
 0001:00056C1C       MVCBr.FrameView.TFrameFactory.ShowView
 0001:00056BC0       MVCBr.FrameView.TFrameFactory.ShowView
 0001:00056C0C       MVCBr.FrameView.TFrameFactory.This
 0001:00056C48       MVCBr.FrameView.TFrameFactory.Update
 0001:00056C4C       MVCBr.FrameView.TFrameFactory.UpdateObserver
 0001:00056C44       MVCBr.FrameView.TFrameFactory.UpdateObserver
 0001:00056C74       MVCBr.FrameView.TFrameFactory.UpdateView
 0001:00056C90       MVCBr.FrameView.TFrameFactory.ViewEvent
 0001:00056CBC       MVCBr.FrameView.TFrameFactory.ViewEvent
 0004:00000060       MVCBr.Interf..8
 0001:0001AA9C       MVCBr.Interf..TControllerAbstract
 0001:0001A5F0       MVCBr.Interf..TInterfaceAdapter
 0001:0001A878       MVCBr.Interf..TModelFactoryAbstract
 0001:0001971C       MVCBr.Interf..TMVCBrObserverItemAbstract
 0001:00019D04       MVCBr.Interf..TMVCFactoryAbstract
 0001:0001A384       MVCBr.Interf..TMVCOwnedInterfacedObject
 0001:0002065C       MVCBr.Interf..{MVCBr.IoC}@TMVCBrIoC.TIoCRegistration`1.ImplementClass$34$ActRec<MVCBr.Interf.IController>
 0001:0002001C       MVCBr.Interf..{MVCBr.IoC}TMVCBrIoC.TIoCRegistration<MVCBr.Interf.IController>
 0001:0001FCD4       MVCBr.Interf..{System.Generics.Collections}@TList`1.Pack$231$ActRec<MVCBr.Interf.IModel>
 0001:0001FEA4       MVCBr.Interf..{System.Generics.Collections}@TList`1.Pack$233$ActRec<MVCBr.Interf.IModel>
 0001:0001B628       MVCBr.Interf..{System.Generics.Collections}TEnumerable<MVCBr.Interf.IModel>
 0001:0001B4F0       MVCBr.Interf..{System.Generics.Collections}TEnumerator<MVCBr.Interf.IModel>
 0001:0001BBAC       MVCBr.Interf..{System.Generics.Collections}TList<MVCBr.Interf.IModel>
 0001:0001BA00       MVCBr.Interf..{System.Generics.Collections}TList<MVCBr.Interf.IModel>.TEnumerator
 0001:0001C89C       MVCBr.Interf..{System.Generics.Collections}TThreadList<MVCBr.Interf.IModel>
 0001:0001FA5C       MVCBr.Interf..{System.Generics.Defaults}TComparer<MVCBr.Interf.IModel>
 0001:000203E8       MVCBr.Interf..{System.Generics.Defaults}TDelegatedComparer<MVCBr.Interf.IModel>
 0001:0001DE24       MVCBr.Interf.Finalization
 0003:00000098       MVCBr.Interf.LFactoryCount
 0002:0000039C       MVCBr.Interf.MVCBr.Interf
 0001:0001DE20       MVCBr.Interf.OutputDebug
 0001:0001CBDC       MVCBr.Interf.RegisterInterfacedClass
 0001:0001F2F4       MVCBr.Interf.TArray.BinarySearch<MVCBr.Interf.IModel>
 0001:0001F7C0       MVCBr.Interf.TArray.QuickSort<MVCBr.Interf.IModel>
 0001:0001F294       MVCBr.Interf.TArray.Sort<MVCBr.Interf.IModel>
 0001:0001CCF4       MVCBr.Interf.TControllerAbstract.AttachController
 0001:0001CD90       MVCBr.Interf.TControllerAbstract.AttachModel
 0001:0001CDF4       MVCBr.Interf.TControllerAbstract.Create
 0001:0001CE30       MVCBr.Interf.TControllerAbstract.DefaultModels
 0001:0001CE58       MVCBr.Interf.TControllerAbstract.Destroy
 0001:0001CEC4       MVCBr.Interf.TControllerAbstract.GetModel
 0001:0001CFB4       MVCBr.Interf.TControllerAbstract.GetModel
 0001:0001D000       MVCBr.Interf.TControllerAbstract.Release
 0001:0001D14C       MVCBr.Interf.TControllerAbstract.Resolve
 0001:0001D3C4       MVCBr.Interf.TControllerAbstract.Resolve
 0001:0001D234       MVCBr.Interf.TControllerAbstract.ResolveController
 0001:0001D228       MVCBr.Interf.TControllerAbstract.ResolveController
 0001:0001D32C       MVCBr.Interf.TControllerAbstract.ResolveController
 0001:0001D24C       MVCBr.Interf.TControllerAbstract.ResolveMainForm
 0001:0001D304       MVCBr.Interf.TControllerAbstract.RevokeInstance
 0001:0001D464       MVCBr.Interf.TControllerAbstract.This
 0001:0001DD2C       MVCBr.Interf.TInterfaceAdapter.New
 0001:0001D494       MVCBr.Interf.TMVCBr.AttachInstance
 0001:0001D4E4       MVCBr.Interf.TMVCBr.Equals
 0001:0001D578       MVCBr.Interf.TMVCBr.GetGuid
 0001:0001D57C       MVCBr.Interf.TMVCBr.GetGuidString
 0001:0001D5A0       MVCBr.Interf.TMVCBr.GetProperty
 0001:0001D680       MVCBr.Interf.TMVCBr.GetQualifiedName
 0001:0001D6DC       MVCBr.Interf.TMVCBr.GetQualifiedName
 0001:0001D6E0       MVCBr.Interf.TMVCBr.InvokeCreate
 0001:0001CFD4       MVCBr.Interf.TMVCBr.IsMainForm
 0001:0001D714       MVCBr.Interf.TMVCBr.IsSame
 0001:0001D798       MVCBr.Interf.TMVCBr.Observable
 0001:0001EE58       MVCBr.Interf.TMVCBr.RegisterInterfaced<MVCBr.Interf.IController>
 0001:0001CC24       MVCBr.Interf.TMVCBr.RegisterObserver
 0001:0001CC74       MVCBr.Interf.TMVCBr.RegisterObserver
 0001:0001CC04       MVCBr.Interf.TMVCBr.release
 0001:0001D468       MVCBr.Interf.TMVCBr.Revoke
 0001:0001D7F0       MVCBr.Interf.TMVCBr.SetProperty
 0001:0001D97C       MVCBr.Interf.TMVCBr.UnRegisterObserver
 0001:0001D914       MVCBr.Interf.TMVCBr.UnRegisterObserver
 0001:0001D8FC       MVCBr.Interf.TMVCBr.UnRegisterObserver
 0001:0001D7D8       MVCBr.Interf.TMVCBr.UpdateObserver
 0001:0001D7B8       MVCBr.Interf.TMVCBr.UpdateObserver
 0001:0001F914       MVCBr.Interf.TMVCBrIoC.GetInterfaceKey<MVCBr.Interf.IController>
 0001:0001F5AC       MVCBr.Interf.TMVCBrIoC.InternalResolve<MVCBr.Interf.IController>
 0001:0001F52C       MVCBr.Interf.TMVCBrIoC.RegisterType<MVCBr.Interf.IController>
 0001:0001EEA0       MVCBr.Interf.TMVCBrIoC.Resolve<MVCBr.Interf.IController>
 0001:0001DDF8       MVCBr.Interf.TMVCBrObserverItemAbstract.GetContainer
 0001:0001DDFC       MVCBr.Interf.TMVCBrObserverItemAbstract.GetIDInstance
 0001:00019BBC       MVCBr.Interf.TMVCBrObserverItemAbstract.GetObserver
 0001:00019BA4       MVCBr.Interf.TMVCBrObserverItemAbstract.GetSubscribeProc
 0001:00019B9C       MVCBr.Interf.TMVCBrObserverItemAbstract.GetTopic
 0001:00019BC4       MVCBr.Interf.TMVCBrObserverItemAbstract.Send
 0001:0001DE0C       MVCBr.Interf.TMVCBrObserverItemAbstract.SetContainer
 0001:0001DE10       MVCBr.Interf.TMVCBrObserverItemAbstract.SetIDInstance
 0001:00019BB4       MVCBr.Interf.TMVCBrObserverItemAbstract.SetObserver
 0001:00019BAC       MVCBr.Interf.TMVCBrObserverItemAbstract.SetSubscribeProc
 0001:00019B94       MVCBr.Interf.TMVCBrObserverItemAbstract.SetTopic
 0001:0001DB64       MVCBr.Interf.TMVCFactoryAbstract.ApplicationControllerInternal
 0001:0001D9CC       MVCBr.Interf.TMVCFactoryAbstract.Create
 0001:0001DA80       MVCBr.Interf.TMVCFactoryAbstract.Destroy
 0001:0001DAA4       MVCBr.Interf.TMVCFactoryAbstract.GetGuid
 0001:0001DAF0       MVCBr.Interf.TMVCFactoryAbstract.GetID
 0001:0001DB04       MVCBr.Interf.TMVCFactoryAbstract.GetPropertyValue
 0001:0001DB58       MVCBr.Interf.TMVCFactoryAbstract.Lock
 0001:0001DCE4       MVCBr.Interf.TMVCFactoryAbstract.RegisterObserver
 0001:0001DB70       MVCBr.Interf.TMVCFactoryAbstract.RegisterObserver
 0001:0001DB84       MVCBr.Interf.TMVCFactoryAbstract.RegisterObserver
 0001:0001DBD0       MVCBr.Interf.TMVCFactoryAbstract.SetID
 0001:0001DBE4       MVCBr.Interf.TMVCFactoryAbstract.SetPropertyValue
 0001:0001DC88       MVCBr.Interf.TMVCFactoryAbstract.UnRegisterObserver
 0001:0001DC38       MVCBr.Interf.TMVCFactoryAbstract.UnRegisterObserver
 0001:0001DC80       MVCBr.Interf.TMVCFactoryAbstract.UnRegisterObserver
 0001:0001DCD4       MVCBr.Interf.TMVCFactoryAbstract.Update
 0001:0001DCD8       MVCBr.Interf.TMVCFactoryAbstract.UpdateObserver
 0001:0001DD68       MVCBr.Interf.TMVCOwnedInterfacedObject.Create
 0001:0001DDA0       MVCBr.Interf.TMVCOwnedInterfacedObject.Destroy
 0001:0001DDD8       MVCBr.Interf.TMVCOwnedInterfacedObject.GetOwner
 0001:0001CCF0       MVCBr.Interf.UnregisterInterfacedClass
 0001:0001F8E4       MVCBr.Interf.{MVCBr.IoC}@TMVCBrIoC.TIoCRegistration`1.ImplementClass$34$ActRec<MVCBr.Interf.IController>.$0$Body
 0001:0001F490       MVCBr.Interf.{MVCBr.IoC}TMVCBrIoC.TIoCRegistration<MVCBr.Interf.IController>.asGuid
 0001:0001F4A0       MVCBr.Interf.{MVCBr.IoC}TMVCBrIoC.TIoCRegistration<MVCBr.Interf.IController>.asName
 0001:0001F468       MVCBr.Interf.{MVCBr.IoC}TMVCBrIoC.TIoCRegistration<MVCBr.Interf.IController>.DelegateTo
 0001:0001F3AC       MVCBr.Interf.{MVCBr.IoC}TMVCBrIoC.TIoCRegistration<MVCBr.Interf.IController>.Destroy
 0001:0001F508       MVCBr.Interf.{MVCBr.IoC}TMVCBrIoC.TIoCRegistration<MVCBr.Interf.IController>.Guid
 0001:0001F3E4       MVCBr.Interf.{MVCBr.IoC}TMVCBrIoC.TIoCRegistration<MVCBr.Interf.IController>.ImplementClass
 0001:0001F488       MVCBr.Interf.{MVCBr.IoC}TMVCBrIoC.TIoCRegistration<MVCBr.Interf.IController>.isSingleton
 0001:0001F4B4       MVCBr.Interf.{MVCBr.IoC}TMVCBrIoC.TIoCRegistration<MVCBr.Interf.IController>.Name
 0001:0001F484       MVCBr.Interf.{MVCBr.IoC}TMVCBrIoC.TIoCRegistration<MVCBr.Interf.IController>.Singleton
 0001:0001F264       MVCBr.Interf.{System.Generics.Collections}@TList`1.Pack$231$ActRec<MVCBr.Interf.IModel>.$0$Body
 0001:0001F284       MVCBr.Interf.{System.Generics.Collections}@TList`1.Pack$233$ActRec<MVCBr.Interf.IModel>.$0$Body
 0001:0001E1C4       MVCBr.Interf.{System.Generics.Collections}TEnumerable<MVCBr.Interf.IModel>.Destroy
 0001:0001E1E8       MVCBr.Interf.{System.Generics.Collections}TEnumerable<MVCBr.Interf.IModel>.GetEnumerator
 0001:0001E1F0       MVCBr.Interf.{System.Generics.Collections}TEnumerable<MVCBr.Interf.IModel>.ToArray
 0001:0001E100       MVCBr.Interf.{System.Generics.Collections}TEnumerable<MVCBr.Interf.IModel>.ToArrayImpl
 0001:0001E2D8       MVCBr.Interf.{System.Generics.Collections}TEnumerator<MVCBr.Interf.IModel>.MoveNext
 0001:0001E6C4       MVCBr.Interf.{System.Generics.Collections}TList<MVCBr.Interf.IModel>.Add
 0001:0001E6E0       MVCBr.Interf.{System.Generics.Collections}TList<MVCBr.Interf.IModel>.AddRange
 0001:0001E6F4       MVCBr.Interf.{System.Generics.Collections}TList<MVCBr.Interf.IModel>.AddRange
 0001:0001E700       MVCBr.Interf.{System.Generics.Collections}TList<MVCBr.Interf.IModel>.AddRange
 0001:0001ED04       MVCBr.Interf.{System.Generics.Collections}TList<MVCBr.Interf.IModel>.BinarySearch
 0001:0001ECC8       MVCBr.Interf.{System.Generics.Collections}TList<MVCBr.Interf.IModel>.BinarySearch
 0001:0001EB9C       MVCBr.Interf.{System.Generics.Collections}TList<MVCBr.Interf.IModel>.Clear
 0001:0001EBD8       MVCBr.Interf.{System.Generics.Collections}TList<MVCBr.Interf.IModel>.Contains
 0001:0001E3F8       MVCBr.Interf.{System.Generics.Collections}TList<MVCBr.Interf.IModel>.Create
 0001:0001E470       MVCBr.Interf.{System.Generics.Collections}TList<MVCBr.Interf.IModel>.Create
 0001:0001E520       MVCBr.Interf.{System.Generics.Collections}TList<MVCBr.Interf.IModel>.Create
 0001:0001E9F4       MVCBr.Interf.{System.Generics.Collections}TList<MVCBr.Interf.IModel>.Delete
 0001:0001EA00       MVCBr.Interf.{System.Generics.Collections}TList<MVCBr.Interf.IModel>.DeleteRange
 0001:0001E5CC       MVCBr.Interf.{System.Generics.Collections}TList<MVCBr.Interf.IModel>.Destroy
 0001:0001E384       MVCBr.Interf.{System.Generics.Collections}TList<MVCBr.Interf.IModel>.DoDelete
 0001:0001E3D8       MVCBr.Interf.{System.Generics.Collections}TList<MVCBr.Interf.IModel>.DoGetEnumerator
 0001:0001E650       MVCBr.Interf.{System.Generics.Collections}TList<MVCBr.Interf.IModel>.Error
 0001:0001E618       MVCBr.Interf.{System.Generics.Collections}TList<MVCBr.Interf.IModel>.Error
 0001:0001EABC       MVCBr.Interf.{System.Generics.Collections}TList<MVCBr.Interf.IModel>.Exchange
 0001:0001EBA8       MVCBr.Interf.{System.Generics.Collections}TList<MVCBr.Interf.IModel>.Expand
 0001:0001EA54       MVCBr.Interf.{System.Generics.Collections}TList<MVCBr.Interf.IModel>.Extract
 0001:0001EA0C       MVCBr.Interf.{System.Generics.Collections}TList<MVCBr.Interf.IModel>.ExtractItem
 0001:0001EADC       MVCBr.Interf.{System.Generics.Collections}TList<MVCBr.Interf.IModel>.First
 0001:0001E2E0       MVCBr.Interf.{System.Generics.Collections}TList<MVCBr.Interf.IModel>.GetCapacity
 0001:0001ED64       MVCBr.Interf.{System.Generics.Collections}TList<MVCBr.Interf.IModel>.GetEnumerator
 0001:0001E334       MVCBr.Interf.{System.Generics.Collections}TList<MVCBr.Interf.IModel>.GetItem
 0001:0001E378       MVCBr.Interf.{System.Generics.Collections}TList<MVCBr.Interf.IModel>.GrowCheck
 0001:0001EBF8       MVCBr.Interf.{System.Generics.Collections}TList<MVCBr.Interf.IModel>.IndexOf
 0001:0001EC14       MVCBr.Interf.{System.Generics.Collections}TList<MVCBr.Interf.IModel>.IndexOfItem
 0001:0001E70C       MVCBr.Interf.{System.Generics.Collections}TList<MVCBr.Interf.IModel>.Insert
 0001:0001E728       MVCBr.Interf.{System.Generics.Collections}TList<MVCBr.Interf.IModel>.InsertRange
 0001:0001E7DC       MVCBr.Interf.{System.Generics.Collections}TList<MVCBr.Interf.IModel>.InsertRange
 0001:0001E744       MVCBr.Interf.{System.Generics.Collections}TList<MVCBr.Interf.IModel>.InsertRange
 0001:0001E39C       MVCBr.Interf.{System.Generics.Collections}TList<MVCBr.Interf.IModel>.InternalCompare
 0001:0001E390       MVCBr.Interf.{System.Generics.Collections}TList<MVCBr.Interf.IModel>.InternalNotify
 0001:0001E3AC       MVCBr.Interf.{System.Generics.Collections}TList<MVCBr.Interf.IModel>.ItemValue
 0001:0001EB38       MVCBr.Interf.{System.Generics.Collections}TList<MVCBr.Interf.IModel>.Last
 0001:0001EC44       MVCBr.Interf.{System.Generics.Collections}TList<MVCBr.Interf.IModel>.LastIndexOf
 0001:0001EAD0       MVCBr.Interf.{System.Generics.Collections}TList<MVCBr.Interf.IModel>.Move
 0001:0001E3E0       MVCBr.Interf.{System.Generics.Collections}TList<MVCBr.Interf.IModel>.Notify
 0001:0001E890       MVCBr.Interf.{System.Generics.Collections}TList<MVCBr.Interf.IModel>.Pack
 0001:0001E918       MVCBr.Interf.{System.Generics.Collections}TList<MVCBr.Interf.IModel>.Pack
 0001:0001E9A8       MVCBr.Interf.{System.Generics.Collections}TList<MVCBr.Interf.IModel>.Remove
 0001:0001E9C4       MVCBr.Interf.{System.Generics.Collections}TList<MVCBr.Interf.IModel>.RemoveItem
 0001:0001EC60       MVCBr.Interf.{System.Generics.Collections}TList<MVCBr.Interf.IModel>.Reverse
 0001:0001E2F8       MVCBr.Interf.{System.Generics.Collections}TList<MVCBr.Interf.IModel>.SetCapacity
 0001:0001E328       MVCBr.Interf.{System.Generics.Collections}TList<MVCBr.Interf.IModel>.SetCount
 0001:0001E358       MVCBr.Interf.{System.Generics.Collections}TList<MVCBr.Interf.IModel>.SetItem
 0001:0001EC74       MVCBr.Interf.{System.Generics.Collections}TList<MVCBr.Interf.IModel>.Sort
 0001:0001EC9C       MVCBr.Interf.{System.Generics.Collections}TList<MVCBr.Interf.IModel>.Sort
 0001:0001EDF4       MVCBr.Interf.{System.Generics.Collections}TList<MVCBr.Interf.IModel>.TEnumerator.Create
 0001:0001EDD8       MVCBr.Interf.{System.Generics.Collections}TList<MVCBr.Interf.IModel>.TEnumerator.DoGetCurrent
 0001:0001EDEC       MVCBr.Interf.{System.Generics.Collections}TList<MVCBr.Interf.IModel>.TEnumerator.DoMoveNext
 0001:0001ED74       MVCBr.Interf.{System.Generics.Collections}TList<MVCBr.Interf.IModel>.TEnumerator.GetCurrent
 0001:0001EE38       MVCBr.Interf.{System.Generics.Collections}TList<MVCBr.Interf.IModel>.TEnumerator.MoveNext
 0001:0001ED50       MVCBr.Interf.{System.Generics.Collections}TList<MVCBr.Interf.IModel>.ToArray
 0001:0001ED44       MVCBr.Interf.{System.Generics.Collections}TList<MVCBr.Interf.IModel>.TrimExcess
 0001:0001DF00       MVCBr.Interf.{System.Generics.Collections}TThreadList<MVCBr.Interf.IModel>.Add
 0001:0001E004       MVCBr.Interf.{System.Generics.Collections}TThreadList<MVCBr.Interf.IModel>.Clear
 0001:0001DE2C       MVCBr.Interf.{System.Generics.Collections}TThreadList<MVCBr.Interf.IModel>.Create
 0001:0001DE84       MVCBr.Interf.{System.Generics.Collections}TThreadList<MVCBr.Interf.IModel>.Destroy
 0001:0001E050       MVCBr.Interf.{System.Generics.Collections}TThreadList<MVCBr.Interf.IModel>.LockList
 0001:0001E078       MVCBr.Interf.{System.Generics.Collections}TThreadList<MVCBr.Interf.IModel>.Remove
 0001:0001E080       MVCBr.Interf.{System.Generics.Collections}TThreadList<MVCBr.Interf.IModel>.RemoveItem
 0001:0001E0F4       MVCBr.Interf.{System.Generics.Collections}TThreadList<MVCBr.Interf.IModel>.UnlockList
 0001:0001FBB4       MVCBr.Interf.{System.Generics.Defaults}TComparer<MVCBr.Interf.IModel>.Compare
 0001:0001F23C       MVCBr.Interf.{System.Generics.Defaults}TComparer<MVCBr.Interf.IModel>.Construct
 0001:0001F21C       MVCBr.Interf.{System.Generics.Defaults}TComparer<MVCBr.Interf.IModel>.Default
 0001:0001F7B4       MVCBr.Interf.{System.Generics.Defaults}TDelegatedComparer<MVCBr.Interf.IModel>.Compare
 0001:0001F778       MVCBr.Interf.{System.Generics.Defaults}TDelegatedComparer<MVCBr.Interf.IModel>.Create
 0004:000000A4       MVCBr.InterfaceHelper..1
 0001:0003B440       MVCBr.InterfaceHelper.Finalization
 0002:00000440       MVCBr.InterfaceHelper.MVCBr.InterfaceHelper
 0004:00000050       MVCBr.IoC..7
 0001:000078CC       MVCBr.IoC..EIoCException
 0001:00007970       MVCBr.IoC..EIoCRegistrationException
 0001:00007A2C       MVCBr.IoC..EIoCResolutionException
 0001:00007B04       MVCBr.IoC..TClassActivator
 0001:00007534       MVCBr.IoC..TMVCBrIoC
 0001:0000FEC4       MVCBr.IoC..{MVCBr.IoC}@TMVCBrIoC.TIoCRegistration`1.ImplementClass$34$ActRec<MVCBr.Interf.IMVCBrIOC>
 0001:00009A88       MVCBr.IoC..{MVCBr.IoC}TMVCBrIoC.TIoCRegistration<MVCBr.Interf.IMVCBrIOC>
 0001:000103AC       MVCBr.IoC..{System.Generics.Collections}@TList`1.Pack$231$ActRec<MVCBr.IoC.TPair<System.string,System.TObject>>
 0001:00010A3C       MVCBr.IoC..{System.Generics.Collections}@TList`1.Pack$231$ActRec<System.TObject>
 0001:000105C8       MVCBr.IoC..{System.Generics.Collections}@TList`1.Pack$233$ActRec<MVCBr.IoC.TPair<System.string,System.TObject>>
 0001:00010BFC       MVCBr.IoC..{System.Generics.Collections}@TList`1.Pack$233$ActRec<System.TObject>
 0001:0000929C       MVCBr.IoC..{System.Generics.Collections}TDictionary<System.string,System.TObject>
 0001:000087E4       MVCBr.IoC..{System.Generics.Collections}TDictionary<System.string,System.TObject>.TKeyCollection
 0001:00008608       MVCBr.IoC..{System.Generics.Collections}TDictionary<System.string,System.TObject>.TKeyEnumerator
 0001:000090C0       MVCBr.IoC..{System.Generics.Collections}TDictionary<System.string,System.TObject>.TPairEnumerator
 0001:00008EAC       MVCBr.IoC..{System.Generics.Collections}TDictionary<System.string,System.TObject>.TValueCollection
 0001:00008CCC       MVCBr.IoC..{System.Generics.Collections}TDictionary<System.string,System.TObject>.TValueEnumerator
 0001:00007EDC       MVCBr.IoC..{System.Generics.Collections}TEnumerable<MVCBr.IoC.TPair<System.string,System.TObject>>
 0001:00008498       MVCBr.IoC..{System.Generics.Collections}TEnumerable<System.string>
 0001:00008B5C       MVCBr.IoC..{System.Generics.Collections}TEnumerable<System.TObject>
 0001:00007D70       MVCBr.IoC..{System.Generics.Collections}TEnumerator<MVCBr.IoC.TPair<System.string,System.TObject>>
 0001:0000836C       MVCBr.IoC..{System.Generics.Collections}TEnumerator<System.string>
 0001:00008A30       MVCBr.IoC..{System.Generics.Collections}TEnumerator<System.TObject>
 0001:0000E128       MVCBr.IoC..{System.Generics.Collections}TList<MVCBr.IoC.TPair<System.string,System.TObject>>
 0001:0000DF48       MVCBr.IoC..{System.Generics.Collections}TList<MVCBr.IoC.TPair<System.string,System.TObject>>.TEnumerator
 0001:0000F13C       MVCBr.IoC..{System.Generics.Collections}TList<System.TObject>
 0001:0000EF9C       MVCBr.IoC..{System.Generics.Collections}TList<System.TObject>.TEnumerator
 0001:000100E4       MVCBr.IoC..{System.Generics.Defaults}TComparer<MVCBr.IoC.TPair<System.string,System.TObject>>
 0001:000107D0       MVCBr.IoC..{System.Generics.Defaults}TComparer<System.TObject>
 0001:00010D0C       MVCBr.IoC..{System.Generics.Defaults}TDelegatedComparer<MVCBr.IoC.TPair<System.string,System.TObject>>
 0001:00010EE0       MVCBr.IoC..{System.Generics.Defaults}TDelegatedComparer<System.TObject>
 0001:0000A9CC       MVCBr.IoC.Finalization
 0001:0000A784       MVCBr.IoC.GetInterfaceEntry2
 0001:0000A818       MVCBr.IoC.GetInterfaceIID
 0002:00000378       MVCBr.IoC.MVCBr.IoC
 0001:0000D798       MVCBr.IoC.TArray.BinarySearch<MVCBr.IoC.TPair<System.string,System.TObject>>
 0001:0000D928       MVCBr.IoC.TArray.BinarySearch<System.TObject>
 0001:0000DA2C       MVCBr.IoC.TArray.QuickSort<MVCBr.IoC.TPair<System.string,System.TObject>>
 0001:0000DBC4       MVCBr.IoC.TArray.QuickSort<System.TObject>
 0001:0000D738       MVCBr.IoC.TArray.Sort<MVCBr.IoC.TPair<System.string,System.TObject>>
 0001:0000D8C8       MVCBr.IoC.TArray.Sort<System.TObject>
 0004:0000004C       MVCBr.IoC.TClassActivator.$ClassInitFlag
 0001:0000A020       MVCBr.IoC.TClassActivator.CallReleaseMethod
 0001:00009E50       MVCBr.IoC.TClassActivator.Create
 0002:00000370       MVCBr.IoC.TClassActivator.Create@
 0001:00009ED0       MVCBr.IoC.TClassActivator.CreateInstance
 0001:00007AE8       MVCBr.IoC.TClassActivator.Destroy@
 0004:00000048       MVCBr.IoC.TClassActivator.FRttiCtx
 0001:0000A8BC       MVCBr.IoC.TMVCBrIoC.AttachInstance
 0001:0000A150       MVCBr.IoC.TMVCBrIoC.ClassDestroy
 0001:0000A16C       MVCBr.IoC.TMVCBrIoC.Clear
 0001:0000A178       MVCBr.IoC.TMVCBrIoC.Create
 0001:0000A1C0       MVCBr.IoC.TMVCBrIoC.DefaultContainer
 0001:0000A1EC       MVCBr.IoC.TMVCBrIoC.Destroy
 0004:00000040       MVCBr.IoC.TMVCBrIoC.FDefault
 0004:00000044       MVCBr.IoC.TMVCBrIoC.FReleased
 0001:0000A2B0       MVCBr.IoC.TMVCBrIoC.GetGuid
 0001:0000A3AC       MVCBr.IoC.TMVCBrIoC.GetName
 0001:0000A83C       MVCBr.IoC.TMVCBrIoC.Release
 0001:0000A528       MVCBr.IoC.TMVCBrIoC.Revoke
 0001:0000A634       MVCBr.IoC.TMVCBrIoC.RevokeInstance
 0001:0000D5E0       MVCBr.IoC.{MVCBr.IoC}@TMVCBrIoC.TIoCRegistration`1.ImplementClass$34$ActRec<MVCBr.Interf.IMVCBrIOC>.$0$Body
 0001:0000BFB4       MVCBr.IoC.{MVCBr.IoC}TMVCBrIoC.TIoCRegistration<MVCBr.Interf.IMVCBrIOC>.asGuid
 0001:0000BFC4       MVCBr.IoC.{MVCBr.IoC}TMVCBrIoC.TIoCRegistration<MVCBr.Interf.IMVCBrIOC>.asName
 0001:0000BF8C       MVCBr.IoC.{MVCBr.IoC}TMVCBrIoC.TIoCRegistration<MVCBr.Interf.IMVCBrIOC>.DelegateTo
 0001:0000BED0       MVCBr.IoC.{MVCBr.IoC}TMVCBrIoC.TIoCRegistration<MVCBr.Interf.IMVCBrIOC>.Destroy
 0001:0000C02C       MVCBr.IoC.{MVCBr.IoC}TMVCBrIoC.TIoCRegistration<MVCBr.Interf.IMVCBrIOC>.Guid
 0001:0000BF08       MVCBr.IoC.{MVCBr.IoC}TMVCBrIoC.TIoCRegistration<MVCBr.Interf.IMVCBrIOC>.ImplementClass
[...]
   504 0001:0005A1CF   511 0001:0005A1F4   512 0001:0005A216   513 0001:0005A227
   514 0001:0005A22E   515 0001:0005A23F   516 0001:0005A246   517 0001:0005A257
   518 0001:0005A25E   519 0001:0005A26F   520 0001:0005A276   521 0001:0005A287
   522 0001:0005A28E   523 0001:0005A29F   524 0001:0005A2A6   526 0001:0005A2BB
   527 0001:0005A2CA   528 0001:0005A2D4   529 0001:0005A307   531 0001:0005A318
   532 0001:0005A31A   534 0001:0005A31C   537 0001:0005A337   538 0001:0005A33B
   540 0001:0005A356   542 0001:0005A35A   545 0001:0005A35E   546 0001:0005A360
   549 0001:0005A4F8   550 0001:0005A4FB   551 0001:0005A50F   554 0001:0005A514
   555 0001:0005A51A   556 0001:0005A523   561 0001:0005A528   562 0001:0005A54A
   563 0001:0005A554   564 0001:0005A562   566 0001:0005A57D   568 0001:0005A58D
   575 0001:0005A5B4   576 0001:0005A5DE   578 0001:0005A5E8   579 0001:0005A5F6
   580 0001:0005A60B   591 0001:0005A622   593 0001:0005A632   612 0001:0005A65C
   613 0001:0005A67E   615 0001:0005A688   616 0001:0005A696   618 0001:0005A6B1
   620 0001:0005A6C1   633 0001:0005A6E8   634 0001:0005A6F1   635 0001:0005A6FB
   640 0001:0005A6FC   642 0001:0005A71E   643 0001:0005A72B   658 0001:0005A750
   659 0001:0005A773   660 0001:0005A78F   663 0001:0005A7B4   664 0001:0005A7D4
   665 0001:0005A7F4   671 0001:0005A81C   672 0001:0005A843   673 0001:0005A85D
   675 0001:0005A86D   676 0001:0005A87B   677 0001:0005A88A   680 0001:0005A8B8
   681 0001:0005A8CE   682 0001:0005A8EF   685 0001:0005A914   686 0001:0005A936
   687 0001:0005A943   690 0001:0005A96C   691 0001:0005A999   692 0001:0005A9A7
   693 0001:0005A9B4   694 0001:0005A9C0   699 0001:0005A9EC   700 0001:0005AA0C
   701 0001:0005AA16   702 0001:0005AA1B   705 0001:0005AA40   706 0001:0005AA77
   707 0001:0005AA95   714 0001:0005AAD8   715 0001:0005AAFD   716 0001:0005AB0C
   718 0001:0005AB30   719 0001:0005AB3F   720 0001:0005AB4C   722 0001:0005AB52
   724 0001:0005AB56   726 0001:0005AB61   716 0001:0005AB75   727 0001:0005AB8E
   728 0001:0005ABA6   731 0001:0005ABD4   732 0001:0005ABF4   733 0001:0005AC03
   736 0001:0005AC24   737 0001:0005AC46   738 0001:0005AC4E   739 0001:0005AC5C
   740 0001:0005AC69   743 0001:0005AC90   744 0001:0005ACB2   745 0001:0005ACBE
   746 0001:0005ACCC   747 0001:0005ACD9   750 0001:0005AD00   751 0001:0005AD20
   752 0001:0005AD2C   755 0001:0005AD50   756 0001:0005AD72   757 0001:0005AD77
   758 0001:0005AD85   759 0001:0005AD92   762 0001:0005ADB8   763 0001:0005ADD8
   764 0001:0005ADEF   769 0001:0005AE14   770 0001:0005AE3D   771 0001:0005AE4E
   772 0001:0005AE5C   773 0001:0005AE6A   774 0001:0005AE78   775 0001:0005AE83
   777 0001:0005AEAB   779 0001:0005AEBD   781 0001:0005AECD   786 0001:0005AEFC
   787 0001:0005AF02   788 0001:0005AF0B   792 0001:0005AF10   793 0001:0005AF3A
   794 0001:0005AF5B   799 0001:0005AF90   800 0001:0005AFB0   801 0001:0005AFBC
   803 0001:0005AFCB   806 0001:0005AFF0   807 0001:0005AFF3   808 0001:0005B007
   896 0001:0005B00C   897 0001:0005B02F   898 0001:0005B042   903 0001:0005B064
   904 0001:0005B08E   905 0001:0005B0BC   906 0001:0005B0CA   908 0001:0005B0E2
   910 0001:0005B0F2   915 0001:0005B12C   916 0001:0005B150   917 0001:0005B15C
   918 0001:0005B160   921 0001:0005B16E   922 0001:0005B17A   924 0001:0005B191
   927 0001:0005B1B4   928 0001:0005B1BA   929 0001:0005B1C3  1090 0001:0005B1C8
  1091 0001:0005B1F2  1092 0001:0005B206  1093 0001:0005B210  1118 0001:0005B238
  1119 0001:0005B25C  1120 0001:0005B25E  1121 0001:0005B262  1123 0001:0005B27C
  1124 0001:0005B294  1129 0001:0005B2BC  1130 0001:0005B2C0  1131 0001:0005B2CE
  1132 0001:0005B2D7  1141 0001:0005B2DC  1142 0001:0005B310  1143 0001:0005B315
  1144 0001:0005B32D  1146 0001:0005B354  1147 0001:0005B364  1148 0001:0005B368
  1150 0001:0005B390  1152 0001:0005B3AE  1153 0001:0005B3B2  1155 0001:0005B3C1
  1148 0001:0005B41A  1157 0001:0005B437  1158 0001:0005B44F  1160 0001:0005B455
  1161 0001:0005B45B  1144 0001:0005B462  1163 0001:0005B47F  1164 0001:0005B497
  1168 0001:0005B4CC  1169 0001:0005B4D1  1182 0001:0005B4D4  1183 0001:0005B502
  1184 0001:0005B504  1185 0001:0005B51C  1188 0001:0005B548  1189 0001:0005B54B
  1190 0001:0005B558  1193 0001:0005B55C  1194 0001:0005B55F  1195 0001:0005B566
  1198 0001:0005B56C  1199 0001:0005B56D  1200 0001:0005B574  1203 0001:0005B57C
  1204 0001:0005B57F  1205 0001:0005B58C  1210 0001:0005B590  1215 0001:0005B594
  1216 0001:0005B5B1  1217 0001:0005B5B8  1219 0001:0005B5E7  1220 0001:0005B5EC
  1221 0001:0005B5F8  1217 0001:0005B62F  1222 0001:0005B648  1223 0001:0005B660
  1226 0001:0005B6A8  1227 0001:0005B6C8  1228 0001:0005B6DF  1231 0001:0005B704
  1232 0001:0005B726  1233 0001:0005B73F  1236 0001:0005B764  1237 0001:0005B767
  1238 0001:0005B76E  1241 0001:0005B770  1242 0001:0005B792  1243 0001:0005B7AB
  1290 0001:0005B7D0  1291 0001:0005B7F0  1292 0001:0005B807  1297 0001:0005B82C
  1298 0001:0005B84D  1299 0001:0005B85B  1301 0001:0005B867  1306 0001:0005B88C
  1307 0001:0005B8B7  1308 0001:0005B8CA  1309 0001:0005B8DA  1312 0001:0005B904
  1313 0001:0005B927  1314 0001:0005B93E  1319 0001:0005B960  1320 0001:0005B963
  1321 0001:0005B975  1326 0001:0005B978  1327 0001:0005B9A3  1328 0001:0005B9AC
  1329 0001:0005B9C4  1332 0001:0005BA14  1333 0001:0005BA1A  1334 0001:0005BA2C
  1337 0001:0005BA58  1338 0001:0005BA5E  1339 0001:0005BA6D  1342 0001:0005BA74
  1343 0001:0005BA93  1344 0001:0005BAA4  1346 0001:0005BAB4  1347 0001:0005BAC0
  1350 0001:0005BAF4  1351 0001:0005BB1E  1353 0001:0005BB87  1356 0001:0005BBB8
  1357 0001:0005BBD7  1358 0001:0005BBE5  1363 0001:0005BC0C  1364 0001:0005BC2A
  1365 0001:0005BC38  1366 0001:0005BC47  1368 0001:0005BC58  1376 0001:0005BCC0
  1377 0001:0005BCEC  1378 0001:0005BCF1  1379 0001:0005BCFC  1380 0001:0005BD07
  1382 0001:0005BD2C  1383 0001:0005BD38  1384 0001:0005BD3A  1379 0001:0005BD3B
  1385 0001:0005BD3E  1391 0001:0005BD74  1392 0001:0005BDA3  1393 0001:0005BDAE
  1394 0001:0005BDB9  1396 0001:0005BDDE  1397 0001:0005BDEA  1398 0001:0005BDEC
  1393 0001:0005BDED  1399 0001:0005BDF0  1404 0001:0005BE24  1405 0001:0005BE48
  1406 0001:0005BE4A  1407 0001:0005BE5B  1410 0001:0005BE80  1411 0001:0005BEAE
  1412 0001:0005BEC5  1413 0001:0005BEDD  1416 0001:0005BF08  1417 0001:0005BF2F
  1418 0001:0005BF4C  1421 0001:0005BF78  1422 0001:0005BF9B  1423 0001:0005BF9F
  1425 0001:0005BFBB  1426 0001:0005BFD5  1431 0001:0005BFFC  1432 0001:0005C02E
  1433 0001:0005C039  1434 0001:0005C048  1437 0001:0005C074  1438 0001:0005C094
  1439 0001:0005C0B4  1442 0001:0005C0DC  1443 0001:0005C0FF  1444 0001:0005C11B
  1447 0001:0005C140  1448 0001:0005C16D  1449 0001:0005C188  1452 0001:0005C1B4
  1453 0001:0005C1C6  1454 0001:0005C1D4  1457 0001:0005C204  1458 0001:0005C23A
  1459 0001:0005C243  1460 0001:0005C249  1461 0001:0005C256  1462 0001:0005C263
  1465 0001:0005C2BC  1466 0001:0005C2C7  1467 0001:0005C2CD  1468 0001:0005C2D5
  1469 0001:0005C2E0  1473 0001:0005C2F0  1474 0001:0005C2F3  1480 0001:0005C2F4
  1481 0001:0005C2FE  1482 0001:0005C30C  1483 0001:0005C30F  1484 0001:0005C312
  1485 0001:0005C322  1488 0001:0005C328  1489 0001:0005C32E  1490 0001:0005C33F
  1491 0001:0005C349  1494 0001:0005C360  1495 0001:0005C383  1496 0001:0005C396
  1499 0001:0005C3BC  1500 0001:0005C3C0  1501 0001:0005C3CE  1504 0001:0005C3D4
  1505 0001:0005C3F4  1506 0001:0005C405  1509 0001:0005C428  1510 0001:0005C457
  1511 0001:0005C460  1512 0001:0005C46D  1515 0001:0005C4A8  1516 0001:0005C4AB
  1517 0001:0005C4B2  1520 0001:0005C4B4  1521 0001:0005C4D7  1522 0001:0005C4E8
  1526 0001:0005C50C  1527 0001:0005C511  1531 0001:0005C514  1532 0001:0005C517
  1535 0001:0005C518  1536 0001:0005C538  1537 0001:0005C547  1542 0001:0005C568
  1543 0001:0005C56B  1544 0001:0005C577  1547 0001:0005C57C  1548 0001:0005C580
  1550 0001:0005C598  1553 0001:0005C59C  1554 0001:0005C59F  1555 0001:0005C5AD
  1558 0001:0005C5B0  1559 0001:0005C5B3  1560 0001:0005C5D4  1563 0001:0005C5EC
  1564 0001:0005C60C  1565 0001:0005C62B  1570 0001:0005C64C  1571 0001:0005C66F
  1572 0001:0005C67F  1574 0001:0005C685  1575 0001:0005C692  1576 0001:0005C696
  1578 0001:0005C698  1579 0001:0005C6A6  1580 0001:0005C6B0  1583 0001:0005C6D4
  1584 0001:0005C6F4  1585 0001:0005C703  1588 0001:0005C724  1589 0001:0005C747
  1590 0001:0005C758  1595 0001:0005C77C  1598 0001:0005C780  1599 0001:0005C786
  1600 0001:0005C790  1607 0001:0005C794  1610 0001:0005C7A1

Line numbers for System.Json.Helper(System.Json.Helper.pas) segment .itext

  1602 0002:000004F8  1604 0002:000004FF

Line numbers for System.Json.Helper(System.Generics.Defaults.pas) segment .text

    43 0001:0005C7E6    43 0001:0005C829    43 0001:0005C846    43 0001:0005C858
    43 0001:0005C89F    43 0001:0005C90B    43 0001:0005C915    43 0001:0005C92B
    43 0001:0005C95B    43 0001:0005C968    43 0001:0005C97C    43 0001:0005C998
    43 0001:0005C9A4    43 0001:0005C9B0    43 0001:0005C9BC    43 0001:0005C9CD
    43 0001:0005C9F7    43 0001:0005CA01    43 0001:0005CA19

Line numbers for System.Json.Helper(System.Generics.Collections.pas) segment .text

  4090 0001:0005CA5A  4090 0001:0005CB09  4090 0001:0005CBB4  4090 0001:0005CC2D
  4090 0001:0005CC6F  4090 0001:0005CCC6  4090 0001:0005CCF6  4090 0001:0005CD09
  4090 0001:0005CD16  4090 0001:0005CD22  4090 0001:0005CD32  4090 0001:0005CD4B
  4090 0001:0005CD7E  4090 0001:0005CDAD  4090 0001:0005CDFF  4090 0001:0005CE4A

Line numbers for System.Json.Helper(System.Generics.Collections.pas) segment .text

  4111 0001:0005CEAE

Line numbers for System.Json.Helper(System.Generics.Defaults.pas) segment .text

    43 0001:0005CF3D    43 0001:0005CF84    43 0001:0005CFB2    43 0001:0005CFC2
    43 0001:0005CFCC    43 0001:0005D001    43 0001:0005D028    43 0001:0005D038
    43 0001:0005D044    43 0001:0005D055    43 0001:0005D06E    43 0001:0005D080
    43 0001:0005D0AF    43 0001:0005D0D1    43 0001:0005D0EC    43 0001:0005D11A
    43 0001:0005D138    43 0001:0005D144    43 0001:0005D16C    43 0001:0005D195
    43 0001:0005D1D0    43 0001:0005D20D    43 0001:0005D223    43 0001:0005D233
    43 0001:0005D246    43 0001:0005D25A    43 0001:0005D271    43 0001:0005D29C
    43 0001:0005D2D5    43 0001:0005D2FE    43 0001:0005D329    43 0001:0005D36D
    43 0001:0005D3B1    43 0001:0005D3E6    43 0001:0005D41C    43 0001:0005D43F
    43 0001:0005D470    43 0001:0005D492    43 0001:0005D4AA    43 0001:0005D4D4
    43 0001:0005D4F6    43 0001:0005D50E    43 0001:0005D538    43 0001:0005D55A
    43 0001:0005D58C    43 0001:0005D5AF    43 0001:0005D5C6    43 0001:0005D633

Line numbers for System.Json.Helper(System.Generics.Collections.pas) segment .text

  4111 0001:0005E302

Line numbers for Data.DB.Helper(Data.DB.Helper.pas) segment .text

   113 0001:0005F6D8   114 0001:0005F706   115 0001:0005F70A   116 0001:0005F718
   118 0001:0005F722   119 0001:0005F730   120 0001:0005F761   122 0001:0005F77D
   123 0001:0005F782   125 0001:0005F79A   126 0001:0005F7A8   127 0001:0005F7AC
   128 0001:0005F7D4   129 0001:0005F7DE   130 0001:0005F7EC   131 0001:0005F806
   132 0001:0005F810   134 0001:0005F823   135 0001:0005F828   142 0001:0005F9F4
   143 0001:0005F9F6   138 0001:0005F9F8   139 0001:0005FA51   144 0001:0005FA66
   147 0001:0005FA9C   148 0001:0005FABC   149 0001:0005FAC3   150 0001:0005FACD
   157 0001:0005FC90   158 0001:0005FC98   153 0001:0005FC9C   154 0001:0005FCEE
   159 0001:0005FCFE   162 0001:0005FD2C   163 0001:0005FD4C   164 0001:0005FD58
   167 0001:0005FD7C   168 0001:0005FD9D   169 0001:0005FD9F   170 0001:0005FDA6
   171 0001:0005FDB7   172 0001:0005FDBF   177 0001:0005FDE4   178 0001:0005FE03
   179 0001:0005FE11   180 0001:0005FE1F   181 0001:0005FE27   184 0001:0005FE30
   185 0001:0005FE38   186 0001:0005FE42   187 0001:0005FE4D   182 0001:0005FE54
   190 0001:0005FE6A   191 0001:0005FE75   192 0001:0005FE83   194 0001:0005FE93
   201 0001:0005FEBC   202 0001:0005FF0B   203 0001:0005FF18   205 0001:0005FF20
   206 0001:0005FF2E   207 0001:0005FF36   208 0001:0005FF44   211 0001:0005FF51
   213 0001:0005FF5D   214 0001:0005FF68   215 0001:0005FF80   217 0001:0005FFA3
   218 0001:0005FFAB   219 0001:0005FFC1   222 0001:0005FFCC   209 0001:0005FFD4
   225 0001:0005FFF1   226 0001:00060003   227 0001:0006000E   228 0001:0006001C
   230 0001:0006002C   233 0001:00060078   234 0001:00060098   235 0001:000600A4
   240 0001:000600C8   241 0001:000600EF   242 0001:000600FD   243 0001:0006010B
   244 0001:00060113   247 0001:0006011D   248 0001:00060128   245 0001:00060130
   251 0001:00060149   252 0001:00060154   253 0001:00060162   255 0001:00060172
   259 0001:000601A4   260 0001:000601B2   265 0001:000601B4   266 0001:000601E2
   267 0001:000601EC   269 0001:000601F0   270 0001:000601F8   275 0001:00060224
   276 0001:0006024B   277 0001:00060259   278 0001:00060267   279 0001:0006026F
   285 0001:00060279   286 0001:00060288   288 0001:0006028F   280 0001:00060297
   291 0001:000602B0   292 0001:000602BB   293 0001:000602C9   295 0001:000602D9
   300 0001:00060308   301 0001:00060336   302 0001:00060338   303 0001:00060342
   305 0001:00060346   307 0001:00060361   309 0001:0006036B   311 0001:00060375
   315 0001:0006037F   318 0001:00060387   326 0001:00060560   327 0001:00060568
   322 0001:0006056C   323 0001:000605D8   328 0001:000605ED   335 0001:000607D8
   336 0001:000607E0   331 0001:000607E4   332 0001:00060836   337 0001:00060846
   344 0001:00060874   345 0001:000608C3   347 0001:000608CD   348 0001:000608D8
   350 0001:000608E0   351 0001:000608EE   352 0001:000608F6   353 0001:00060904
   356 0001:0006090E   357 0001:00060931   360 0001:0006093E   354 0001:00060946
   363 0001:0006095F   365 0001:00060986   367 0001:00060991   368 0001:0006099F
   370 0001:000609AF   377 0001:00060BA0   378 0001:00060BA6   379 0001:00060BB1
   373 0001:00060BB4   374 0001:00060C09   380 0001:00060C1C   383 0001:00060C48
   384 0001:00060C6B   385 0001:00060C7F   390 0001:00060CA4   391 0001:00060CC9
   392 0001:00060CD9   393 0001:00060CE7   395 0001:00060D02   397 0001:00060D12
   412 0001:00060D38   413 0001:00060D5E   415 0001:00060D8C   417 0001:00060DA9
   418 0001:00060DB4   419 0001:00060DC7   420 0001:00060DD0   422 0001:00060DDD
   424 0001:00060DE8   427 0001:00060E03   428 0001:00060E11   430 0001:00060E20
   433 0001:00060E3B   434 0001:00060E48   435 0001:00060E59   437 0001:00060E79
   440 0001:00060E96   442 0001:00060ED2   444 0001:00060EF3   447 0001:00060F0D
   413 0001:00060F13   449 0001:00060F30   450 0001:00060F48   452 0001:00060FAC
   453 0001:00060FBD   454 0001:00060FC2   455 0001:00060FC7   456 0001:00060FD7
   458 0001:00060FE6   460 0001:00060FEC   462 0001:00060FF2   463 0001:00060FFD
   469 0001:00061015   470 0001:00061018   471 0001:00061029   472 0001:00061030
   473 0001:00061052   474 0001:0006105D   477 0001:0006105F   478 0001:00061070
   480 0001:00061082   481 0001:0006109A   482 0001:0006109F   483 0001:000610A6
   484 0001:000610C0   485 0001:000610CB   478 0001:000610CC   486 0001:000610CF
   489 0001:00061168   490 0001:0006118B   491 0001:0006119F   498 0001:0006135C
   499 0001:00061364   494 0001:00061368   495 0001:000613BA   500 0001:000613CA
   503 0001:000613F8   504 0001:00061418   505 0001:00061422   506 0001:0006142C
   509 0001:00061450   510 0001:00061473   511 0001:00061484   520 0001:000614A8
   521 0001:000614D5   522 0001:000614E3   524 0001:000614F1   525 0001:00061500
   526 0001:0006150E   528 0001:0006151C   529 0001:00061524   530 0001:00061526
   533 0001:00061530   534 0001:00061531   535 0001:0006153F   537 0001:0006154D
   539 0001:00061562   540 0001:0006156B   531 0001:00061573   544 0001:0006157F
   545 0001:00061585   547 0001:0006158A   551 0001:000615A4   553 0001:000615B9
   554 0001:000615C1   555 0001:000615CC   558 0001:000615E2   561 0001:00061630
   562 0001:00061665   563 0001:0006167A   566 0001:000616A8   567 0001:000616CB
   568 0001:000616DF   582 0001:00061704   583 0001:0006176B   584 0001:00061779
   585 0001:0006178C   586 0001:0006179A   588 0001:000617C7   589 0001:000617D5
   590 0001:000617E0   591 0001:000617F0   592 0001:000617F4   593 0001:0006180A
   594 0001:00061823   596 0001:00061846   597 0001:00061850   600 0001:0006185D
   604 0001:000618D8   608 0001:000618FF   612 0001:00061926   616 0001:00061952
   620 0001:00061983   624 0001:000619C0   628 0001:000619FD   633 0001:00061A3F
   637 0001:00061A45   642 0001:00061A88   646 0001:00061AC5   647 0001:00061AD7
   648 0001:00061AE5   650 0001:00061B21   651 0001:00061B2F   652 0001:00061B40
   653 0001:00061B4F   655 0001:00061B69   658 0001:00061B89   666 0001:00061BAB
   586 0001:00061BB0   668 0001:00061BD0   670 0001:00061BFB   673 0001:00061C29
   674 0001:00061C2B   676 0001:00061C67   682 0001:00061CF4   683 0001:00061D01
   684 0001:00061D10   685 0001:00061D1E   686 0001:00061D34   688 0001:00061D4C
   690 0001:00061D5C   693 0001:00061D64   694 0001:00061D84   695 0001:00061D8E
   708 0001:00061DB0   709 0001:00061DC6   711 0001:00061E17   713 0001:00061E50
   714 0001:00061E8B   715 0001:00061E91   716 0001:00061ECA   717 0001:00061ED0
   720 0001:00061F09   721 0001:00061F0E   722 0001:00061F16   724 0001:00061F2C
   726 0001:00061F54   729 0001:00061F63   732 0001:00061F96   733 0001:00061FA4
   734 0001:00061FAA   738 0001:00061FDB   740 0001:00061FEA   741 0001:00062005
   744 0001:0006200A   748 0001:0006208C   750 0001:000620A2   754 0001:000620CC
   756 0001:000620E2   760 0001:0006210C   762 0001:00062128   765 0001:00062157
   767 0001:0006217A   771 0001:000621BB   773 0001:000621DC   777 0001:00062208
   779 0001:00062229   783 0001:00062255   784 0001:00062263   789 0001:00062288
   791 0001:000622A4   795 0001:000622D9   797 0001:000622FA   801 0001:0006233A
   802 0001:00062349   803 0001:00062357   804 0001:00062362   805 0001:0006236E
   806 0001:00062387   807 0001:00062395   808 0001:000623A0   809 0001:000623AC
   811 0001:000623DA   814 0001:000623F7   819 0001:00062407   724 0001:0006240A
   820 0001:00062427   821 0001:0006243F   826 0001:00062558   827 0001:0006257F
   828 0001:00062593   829 0001:0006259F   834 0001:000625C8   835 0001:000625E6
   836 0001:00062602   837 0001:00062606   838 0001:00062614   839 0001:0006263A
   840 0001:0006263E   841 0001:00062640   844 0001:00062670   845 0001:00062671
   846 0001:00062673   847 0001:00062678   853 0001:0006267C   854 0001:0006269A
   855 0001:000626A8   858 0001:000626BD   859 0001:000626C9   860 0001:000626CD
   861 0001:000626DA   862 0001:000626F7   863 0001:00062707   864 0001:0006270B
   865 0001:00062718   866 0001:00062738   868 0001:00062759   870 0001:00062766
   873 0001:000627C8   874 0001:000627CF   875 0001:000627D9   876 0001:000627FF
   879 0001:00062808   880 0001:00062809   881 0001:0006280B   882 0001:00062810
   885 0001:00062814   886 0001:0006281B   887 0001:00062825   888 0001:00062852
   895 0001:0006285C   896 0001:000628AB   897 0001:000628B8   899 0001:000628C0
   900 0001:000628CE   901 0001:000628D6   902 0001:000628E4   905 0001:000628F1
   907 0001:00062900   908 0001:0006290B   909 0001:00062923   911 0001:00062946
   912 0001:0006294E   913 0001:00062964   916 0001:0006296F   903 0001:00062977
   919 0001:00062994   920 0001:000629A6   921 0001:000629B1   922 0001:000629BF
   924 0001:000629CF

Line numbers for Data.DB.Helper(Data.DB.Helper.pas) segment .itext

   928 0002:00000508

Line numbers for .MVCBrCore(MVCBrCore.dpk) segment .text

    78 0001:00062A24

Bound resource files

MVCBrCore.res
MVCBrCore.drf


Program entry point at 0002:00000510
